C51 COMPILER V9.60.7.0   BUZZER                                                            08/25/2026 15:44:45 PAGE 1   


C51 COMPILER V9.60.7.0, COMPILATION OF MODULE BUZZER
OBJECT MODULE PLACED IN .\Objects\BUZZER.obj
COMPILER INVOKED BY: D:\Develop\Keil_v5\C51\BIN\C51.EXE BUZZER.c OPTIMIZE(8,SPEED) BROWSE DEBUG OBJECTEXTEND PRINT(.\Lis
                    -tings\BUZZER.lst) OBJECT(.\Objects\BUZZER.obj)

line level    source

   1          #include "BUZZER.h"
   2          
   3          u16 code Hz[] = {523, 587, 659, 698, 784, 880, 988, 1047};
   4          
   5          static void GPIO_config(void) {
   6   1          GPIO_InitTypeDef    GPIO_InitStructure;     //结构定义
   7   1          GPIO_InitStructure.Pin  = GPIO_Pin_0;       //指定要初始化的IO,
   8   1          GPIO_InitStructure.Mode = GPIO_OUT_PP;  //指定IO的输入或输出方式,GPIO_PullUp,GPIO_HighZ,GPIO_OUT_OD,GP
             -IO_OUT_PP
   9   1          GPIO_Inilize(GPIO_P0, &GPIO_InitStructure);//初始化
  10   1      }
  11          
  12          void PWM_config() {
  13   1          PWMx_InitDefine             PWMx_InitStructure;
  14   1              
  15   1          // 配置PWM5
  16   1          PWMx_InitStructure.PWM_Mode                 = CCMRn_PWM_MODE1;      //模式,         CCMRn_FREEZE,CCMRn_MATCH_VALID,CCMRn_MATC
             -H_INVALID,CCMRn_ROLLOVER,CCMRn_FORCE_INVALID,CCMRn_FORCE_VALID,CCMRn_PWM_MODE1,CCMRn_PWM_MODE2
  17   1          PWMx_InitStructure.PWM_Duty                 = 0;  //(u16)(Period * 0.05f);  //PWM占空比时间, 0~Period
  18   1          PWMx_InitStructure.PWM_EnoSelect    = ENO5P;                        //输出通道选择, ENO1P,ENO1N,ENO2P,ENO2N,ENO3P,ENO3N,ENO
             -4P,ENO4N / ENO5P,ENO6P,ENO7P,ENO8P
  19   1          PWM_Configuration(PWM5, &PWMx_InitStructure);                       //初始化PWM,  PWMA,PWMB
  20   1      
  21   1          // 配置PWMB
  22   1          PWMx_InitStructure.PWM_Period   = MAIN_Fosc / 1000UL;//Period - 1;                  //周期时间,   0~65535
  23   1          PWMx_InitStructure.PWM_DeadTime = 0;                                        //死区发生器设置, 0~255
  24   1          PWMx_InitStructure.PWM_MainOutEnable= ENABLE;                       //主输出使能, ENABLE,DISABLE
  25   1          PWMx_InitStructure.PWM_CEN_Enable   = ENABLE;                       //使能计数器, ENABLE,DISABLE
  26   1          PWM_Configuration(PWMB, &PWMx_InitStructure);                       //初始化PWM通用寄存器,  PWMA,PWMB
  27   1      
  28   1          // 切换PWM通道
  29   1          PWM5_SW(PWM5_SW_P00);                                       //PWM5_SW_P20,PWM5_SW_P17,PWM5_SW_P00,PWM5_SW_P74
  30   1      
  31   1          // 初始化PWMB的中断
  32   1          NVIC_PWM_Init(PWMB,DISABLE,Priority_0);
  33   1      }
  34          
  35          void Buzzer_Init(void) {
  36   1          EAXSFR();
  37   1          GPIO_config();
  38   1          PWM_config();
  39   1      }
  40          
  41          void Buzzer_Play(u16 Hz_Value) {
  42   1          u16 Period = MAIN_Fosc / Hz_Value;
  43   1          u16 duty = Period * 0.05f;
  44   1          
  45   1      //    dutyB.PWM5_Duty = (u16)(Period * 0.05f);
  46   1      //    UpdatePwm(PWM5,&dutyB);
  47   1          PWMB_Duty5(duty);
  48   1          
  49   1          PWMB_AutoReload(Period - 1);
  50   1          
  51   1          PWMB_CC5E_Enable();
C51 COMPILER V9.60.7.0   BUZZER                                                            08/25/2026 15:44:45 PAGE 2   

  52   1      }
  53          
  54          void Buzzer_Beep(u8 tone) {
  55   1          Buzzer_Play(Hz[tone-1]);
  56   1      }
  57          
  58          void Buzzer_Stop() {
  59   1          PWMB_CC5E_Disable();
  60   1          
  61   1      //    PWMx_InitDefine           PWMx_InitStructure;
  62   1      //    PWMx_InitStructure.PWM_MainOutEnable= DISABLE;                    //主输出使能, ENABLE,DISABLE
  63   1      //    PWMx_InitStructure.PWM_CEN_Enable   = DISABLE;                    //使能计数器, ENABLE,DISABLE
  64   1      //    PWM_Configuration(PWMB, &PWMx_InitStructure);
  65   1      }


MODULE INFORMATION:   STATIC OVERLAYABLE
   CODE SIZE        =    197    ----
   CONSTANT SIZE    =     16    ----
   XDATA SIZE       =   ----    ----
   PDATA SIZE       =   ----    ----
   DATA SIZE        =   ----      13
   IDATA SIZE       =   ----    ----
   BIT SIZE         =   ----    ----
END OF MODULE INFORMATION.


C51 COMPILATION COMPLETE.  0 WARNING(S),  0 ERROR(S)
