C51 COMPILER V9.60.7.0   MAIN                                                              08/25/2026 15:44:45 PAGE 1   


C51 COMPILER V9.60.7.0, COMPILATION OF MODULE MAIN
OBJECT MODULE PLACED IN .\Objects\main.obj
COMPILER INVOKED BY: D:\Develop\Keil_v5\C51\BIN\C51.EXE main.c OPTIMIZE(8,SPEED) BROWSE DEBUG OBJECTEXTEND PRINT(.\Listi
                    -ngs\main.lst) OBJECT(.\Objects\main.obj)

line level    source

   1          #include "Config.h"
   2          #include "GPIO.h"
   3          #include "NVIC.h"
   4          #include "UART.h"
   5          #include "Switch.h"
   6          #include "Timer.h"
   7          #include "STC8H_PWM.h"
   8          #include "Delay.h"
   9          
  10          #include "BUZZER.h"
  11          
  12          #define BUZZER_GPIO     P00
  13          
  14          void GPIO_config(void) {
  15   1          GPIO_InitTypeDef    GPIO_InitStructure;
  16   1          GPIO_InitStructure.Pin  = GPIO_Pin_0 | GPIO_Pin_1;
  17   1          GPIO_InitStructure.Mode = GPIO_PullUp;
  18   1          GPIO_Inilize(GPIO_P3, &GPIO_InitStructure);
  19   1      
  20   1          GPIO_InitStructure.Pin  = GPIO_Pin_1;
  21   1          GPIO_InitStructure.Mode = GPIO_PullUp;
  22   1          GPIO_Inilize(GPIO_P5, &GPIO_InitStructure);
  23   1      }
  24          
  25          void UART_config(void) {
  26   1          COMx_InitDefine     COMx_InitStructure;
  27   1          COMx_InitStructure.UART_Mode      = UART_8bit_BRTx;
  28   1          COMx_InitStructure.UART_BRT_Use   = BRT_Timer1;
  29   1          COMx_InitStructure.UART_BaudRate  = 115200ul;
  30   1          COMx_InitStructure.UART_RxEnable  = ENABLE;
  31   1          COMx_InitStructure.BaudRateDouble = DISABLE;
  32   1          UART_Configuration(UART1, &COMx_InitStructure); 
  33   1      
  34   1          NVIC_UART1_Init(ENABLE, Priority_1);
  35   1          UART1_SW(UART1_SW_P30_P31);
  36   1      }
  37          
  38          int main(void) {
  39   1          u8 tone = 1;
  40   1      
  41   1          EAXSFR();
  42   1      
  43   1          GPIO_config();
  44   1          UART_config();
  45   1          
  46   1          Buzzer_Init();
  47   1      
  48   1          EA = 1;
  49   1      
  50   1          while (1) {
  51   2              if (P51 == 0) {
  52   3                  
  53   3                  Buzzer_Beep(tone);
  54   3                  
C51 COMPILER V9.60.7.0   MAIN                                                              08/25/2026 15:44:45 PAGE 2   

  55   3                  printf("tone->%bu\r\n",tone);
  56   3                  
  57   3                  if(++tone > 8) tone = 1;
  58   3                  
  59   3                  delay_ms(250);
  60   3                  
  61   3                  Buzzer_Stop();
  62   3                  delay_ms(250);
  63   3                  
  64   3              } else if (P51 == 1) {
  65   3                  Buzzer_Stop();
  66   3              }
  67   2          }
  68   1      }


MODULE INFORMATION:   STATIC OVERLAYABLE
   CODE SIZE        =    149    ----
   CONSTANT SIZE    =     12    ----
   XDATA SIZE       =   ----    ----
   PDATA SIZE       =   ----    ----
   DATA SIZE        =   ----      12
   IDATA SIZE       =   ----    ----
   BIT SIZE         =   ----    ----
END OF MODULE INFORMATION.


C51 COMPILATION COMPLETE.  0 WARNING(S),  0 ERROR(S)
