C51 COMPILER V9.60.7.0   MAIN                                                              08/17/2026 21:09:34 PAGE 1   


C51 COMPILER V9.60.7.0, COMPILATION OF MODULE MAIN
OBJECT MODULE PLACED IN .\Objects\main.obj
COMPILER INVOKED BY: D:\Develop\Keil_v5\C51\BIN\C51.EXE main.c OPTIMIZE(8,SPEED) BROWSE DEBUG OBJECTEXTEND PRINT(.\Listi
                    -ngs\main.lst) OBJECT(.\Objects\main.obj)

line level    source

   1          #include <config.h>
   2          #include <GPIO.H>
   3          #include <Delay.h>
   4          
   5          //PU  -> Pull Up    上拉准双向口模式
   6          //PP  -> Push Pull  推挽输出模式
   7          //HIZ -> High Z     高阻输入/浮空输入模式
   8          //OD  -> Open Drain 开漏输出模式
   9          
  10          void main(void) {
  11   1      
  12   1          //方式一：
  13   1      //    P5M1 = 0x00;
  14   1      //    P5M0 = 0x00;
  15   1      
  16   1      
  17   1          //方式二：
  18   1      //    P5M1 &= ~0x08;  //(1 << 3) == 0x08
  19   1      //    P5M0 |=  0x08;
  20   1      
  21   1      
  22   1          //方式三：定义寄存器  sfr sbit
  23   1      
  24   1      
  25   1          //方式四：使用初始化函数
  26   1      //    GPIO_InitTypeDef GPIOx;
  27   1      //    GPIOx.Mode = GPIO_OUT_PP;
  28   1      //    GPIOx.Pin  = GPIO_Pin_3;
  29   1      //    GPIO_Inilize(GPIO_P5, &GPIOx);
  30   1      
  31   1      
  32   1          //方式五：宏函数
  33   1          P5_MODE_OUT_PP(GPIO_Pin_3);
  34   1      
  35   1      
  36   1          while (1) {
  37   2              P53 = !P53;
  38   2      
  39   2              delay_ms(250);  //函数内部参数为u char类型
  40   2              delay_ms(250);
  41   2              delay_ms(250);
  42   2              delay_ms(250);
  43   2          }
  44   1      }


MODULE INFORMATION:   STATIC OVERLAYABLE
   CODE SIZE        =     30    ----
   CONSTANT SIZE    =   ----    ----
   XDATA SIZE       =   ----    ----
   PDATA SIZE       =   ----    ----
   DATA SIZE        =   ----    ----
   IDATA SIZE       =   ----    ----
   BIT SIZE         =   ----    ----
C51 COMPILER V9.60.7.0   MAIN                                                              08/17/2026 21:09:34 PAGE 2   

END OF MODULE INFORMATION.


C51 COMPILATION COMPLETE.  0 WARNING(S),  0 ERROR(S)
