C51 COMPILER V9.60.7.0   MAIN                                                              08/27/2026 20:20:09 PAGE 1   


C51 COMPILER V9.60.7.0, COMPILATION OF MODULE MAIN
OBJECT MODULE PLACED IN .\Objects\main.obj
COMPILER INVOKED BY: D:\Develop\Keil_v5\C51\BIN\C51.EXE main.c OPTIMIZE(8,SPEED) BROWSE DEBUG OBJECTEXTEND PRINT(.\Listi
                    -ngs\main.lst) OBJECT(.\Objects\main.obj)

line level    source

   1          #include "Config.h"
   2          #include "GPIO.h"
   3          #include "UART.h"
   4          #include "NVIC.h"
   5          #include "Switch.h"
   6          #include "Timer.h"
   7          #include "Delay.h"
   8          #include "ADC.h"
   9          #include "STC8H_PWM.h"
  10          #include "I2C.h"
  11          #include "PCF8563.h"
  12          
  13          /*************************************************************************************
  14          RTC时钟
  15          
  16          1. 通过I2C外设(协议)读取PCF8563芯片数据(16字节)
  17              - 开启扩展寄存器访问使能 EAXSFR()
  18              - 引脚模式: 开漏输出模式 Open 1, Drain 0
  19              - I2C协议(一对多)
  20              
  21          2. 引脚
  22              - SCL: P3.2 时钟线   (Serial Clock)
  23              - SDA: P3.3 数据线   (Serial Data)
  24              - INT: P3.7 下降沿
  25              
  26          读取芯片里的年月日, 时分秒(世纪, 周)
  27          
  28          *************************************************************************************/
  29          
  30          void    GPIO_config(void) {
  31   1          GPIO_InitTypeDef    GPIO_InitStructure;
  32   1          GPIO_InitStructure.Pin  = GPIO_Pin_0 | GPIO_Pin_1;          //指定要初始化的IO,
  33   1          GPIO_InitStructure.Mode = GPIO_PullUp;          //指定IO的输入或输出方式,GPIO_PullUp,GPIO_HighZ,GPIO_OUT_OD
             -,GPIO_OUT_PP
  34   1          GPIO_Inilize(GPIO_P3, &GPIO_InitStructure);//初始化
  35   1      }
  36          
  37          void    UART_config(void) {
  38   1          // >>> 记得添加 NVIC.c, UART.c, UART_Isr.c <<<
  39   1          COMx_InitDefine     COMx_InitStructure;                 //结构定义
  40   1          COMx_InitStructure.UART_Mode      = UART_8bit_BRTx; //模式, UART_ShiftRight,UART_8bit_BRTx,UART_9bit,U
             -ART_9bit_BRTx
  41   1          COMx_InitStructure.UART_BRT_Use   = BRT_Timer1;         //选择波特率发生器, BRT_Timer1, BRT_Timer2 (注
             -意: 串口2固定使用BRT_Timer2)
  42   1          COMx_InitStructure.UART_BaudRate  = 115200ul;           //波特率, 一般 110 ~ 115200
  43   1          COMx_InitStructure.UART_RxEnable  = ENABLE;             //接收允许,   ENABLE或DISABLE
  44   1          COMx_InitStructure.BaudRateDouble = DISABLE;            //波特率加倍, ENABLE或DISABLE
  45   1          UART_Configuration(UART1, &COMx_InitStructure);     //初始化串口1 UART1,UART2,UART3,UART4
  46   1      
  47   1          NVIC_UART1_Init(ENABLE, Priority_1);    //中断使能, ENABLE/DISABLE; 优先级(低到高) Priority_0,Priority
             -_1,Priority_2,Priority_3
  48   1          UART1_SW(UART1_SW_P30_P31);     // 引脚选择, UART1_SW_P30_P31,UART1_SW_P36_P37,UART1_SW_P16_P17,UART1_
             -SW_P43_P44
  49   1      }
C51 COMPILER V9.60.7.0   MAIN                                                              08/27/2026 20:20:09 PAGE 2   

  50          
  51          
  52          int main(void) {
  53   1          Clock_t c;
  54   1          
  55   1          EAXSFR();
  56   1      
  57   1          GPIO_config();
  58   1          UART_config();
  59   1          PCF8563_init();
  60   1      
  61   1          EA = 1;
  62   1          
  63   1              /*****************************************
  64   1          两个地址:
  65   1          dev_addr: 设备地址, 决定了I2C和哪个设备通讯(device address)
  66   1              - 设备地址:   0x51 (7bit)
  67   1              - 设备读地址：0xA3;  (0x51 << 1) | 1
  68   1              - 设备写地址：0xA2;  (0x51 << 1)
  69   1          
  70   1          mem_addr: 存储地址, 决定了I2C和该设备的哪个寄存器register交互(memory address)
  71   1              - 用于指定从哪个寄存器开始读写数据
  72   1              - 每次读写数据字节后，寄存器地址自动累加。
  73   1          
  74   1          u8 *p   : 读写数据缓冲区
  75   1          number  : 读写的数据个数
  76   1          ******************************************/
  77   1          c.years = 2099, c.months = 12, c.days = 31, c.weekdays = 4;
  78   1          c.hours = 23, c.minutes = 59, c.seconds = 55;
  79   1          
  80   1          PCF8563_set_Clock(c);
  81   1          
  82   1          while (1) {
  83   2              PCF8563_get_Clock(&c);
  84   2              
  85   2              // BCD格式数据, 要用16进制打印
  86   2              // 年-月-日
  87   2              printf("%04d-%02d-%02d\n", (int)c.years, (int)c.months, (int)c.days);
  88   2              // 时:分:秒
  89   2              printf("%02d:%02d:%02d\n", (int)c.hours, (int)c.minutes, (int)c.seconds);
  90   2              // week
  91   2              printf("week->%d\n", (int)c.weekdays);
  92   2              
  93   2              delay_ms(250);
  94   2              delay_ms(250);
  95   2              delay_ms(250);
  96   2              delay_ms(250);
  97   2          }
  98   1      }


MODULE INFORMATION:   STATIC OVERLAYABLE
   CODE SIZE        =    221    ----
   CONSTANT SIZE    =     42    ----
   XDATA SIZE       =   ----    ----
   PDATA SIZE       =   ----    ----
   DATA SIZE        =   ----      19
   IDATA SIZE       =   ----    ----
   BIT SIZE         =   ----    ----
END OF MODULE INFORMATION.


C51 COMPILATION COMPLETE.  0 WARNING(S),  0 ERROR(S)
