BL51 BANKED LINKER/LOCATER V6.22.4.0                                                    08/27/2026  20:20:10  PAGE 1


BL51 BANKED LINKER/LOCATER V6.22.4.0, INVOKED BY:
D:\DEVELOP\KEIL_V5\C51\BIN\BL51.EXE .\Objects\main.obj, .\Objects\ADC.obj, .\Objects\ADC_Isr.obj, .\Objects\Delay.obj, .
>> \Objects\GPIO.obj, .\Objects\I2C.obj, .\Objects\I2C_Isr.obj, .\Objects\NVIC.obj, .\Objects\STC8H_PWM.obj, .\Objects\S
>> TC8H_PWM_Isr.obj, .\Objects\Timer.obj, .\Objects\Timer_Isr.obj, .\Objects\UART.obj, .\Objects\UART_Isr.obj, .\Objects
>> \PCF8563.obj TO .\Objects\project PRINT (.\Listings\project.m51) RAMSIZE (256) DISABLEWARNING (16)


MEMORY MODEL: SMALL


INPUT MODULES INCLUDED:
  .\Objects\main.obj (MAIN)
  .\Objects\ADC.obj (ADC)
  .\Objects\ADC_Isr.obj (ADC_ISR)
  .\Objects\Delay.obj (DELAY)
  .\Objects\GPIO.obj (GPIO)
  .\Objects\I2C.obj (I2C)
  .\Objects\I2C_Isr.obj (I2C_ISR)
  .\Objects\NVIC.obj (NVIC)
  .\Objects\STC8H_PWM.obj (STC8H_PWM)
  .\Objects\STC8H_PWM_Isr.obj (STC8H_PWM_ISR)
  .\Objects\Timer.obj (TIMER)
  .\Objects\Timer_Isr.obj (TIMER_ISR)
  .\Objects\UART.obj (UART)
  .\Objects\UART_Isr.obj (UART_ISR)
  .\Objects\PCF8563.obj (PCF8563)
  D:\DEVELOP\KEIL_V5\C51\LIB\C51S.LIB (?C_STARTUP)
  D:\DEVELOP\KEIL_V5\C51\LIB\C51S.LIB (?C?COPY)
  D:\DEVELOP\KEIL_V5\C51\LIB\C51S.LIB (?C?CLDPTR)
  D:\DEVELOP\KEIL_V5\C51\LIB\C51S.LIB (?C?CLDOPTR)
  D:\DEVELOP\KEIL_V5\C51\LIB\C51S.LIB (?C?CSTPTR)
  D:\DEVELOP\KEIL_V5\C51\LIB\C51S.LIB (?C?CSTOPTR)
  D:\DEVELOP\KEIL_V5\C51\LIB\C51S.LIB (?C?UIDIV)
  D:\DEVELOP\KEIL_V5\C51\LIB\C51S.LIB (?C?ILDPTR)
  D:\DEVELOP\KEIL_V5\C51\LIB\C51S.LIB (?C?ILDOPTR)
  D:\DEVELOP\KEIL_V5\C51\LIB\C51S.LIB (?C?IILDPTR)
  D:\DEVELOP\KEIL_V5\C51\LIB\C51S.LIB (?C?ISTPTR)
  D:\DEVELOP\KEIL_V5\C51\LIB\C51S.LIB (?C?ULDIV)
  D:\DEVELOP\KEIL_V5\C51\LIB\C51S.LIB (?C?ULCMP)
  D:\DEVELOP\KEIL_V5\C51\LIB\C51S.LIB (?C?ULSHR)
  D:\DEVELOP\KEIL_V5\C51\LIB\C51S.LIB (?C?LLDOPTR0)
  D:\DEVELOP\KEIL_V5\C51\LIB\C51S.LIB (PRINTF)
  D:\DEVELOP\KEIL_V5\C51\LIB\C51S.LIB (?C?IILDX)
  D:\DEVELOP\KEIL_V5\C51\LIB\C51S.LIB (?C?LLDIDATA0)
  D:\DEVELOP\KEIL_V5\C51\LIB\C51S.LIB (?C?LLDXDATA0)
  D:\DEVELOP\KEIL_V5\C51\LIB\C51S.LIB (?C?LLDPDATA0)
  D:\DEVELOP\KEIL_V5\C51\LIB\C51S.LIB (?C?LLDCODE0)
  D:\DEVELOP\KEIL_V5\C51\LIB\C51S.LIB (?C?PLDIIDATA)
  D:\DEVELOP\KEIL_V5\C51\LIB\C51S.LIB (?C?CCASE)


LINK MAP OF MODULE:  .\Objects\project (MAIN)


            TYPE    BASE      LENGTH    RELOCATION   SEGMENT NAME
            -----------------------------------------------------

            * * * * * * *   D A T A   M E M O R Y   * * * * * * *
BL51 BANKED LINKER/LOCATER V6.22.4.0                                                  08/27/2026  20:20:10  PAGE 2


            REG     0000H     0008H     ABSOLUTE     "REG BANK 0"
            DATA    0008H     0014H     UNIT         ?DT?UART
            DATA    001CH     0003H     UNIT         ?DT?I2C_ISR
                    001FH     0001H                  *** GAP ***
            BIT     0020H.0   0001H.1   UNIT         _BIT_GROUP_
            BIT     0021H.1   0000H.1   UNIT         ?BI?I2C_ISR
                    0021H.2   0000H.6                *** GAP ***
            DATA    0022H     001DH     UNIT         _DATA_GROUP_
            DATA    003FH     0002H     UNIT         ?DT?_GET_ADCRESULT?ADC
            IDATA   0041H     0001H     UNIT         ?STACK

            * * * * * * *  X D A T A   M E M O R Y  * * * * * * *
            XDATA   0000H     02C0H     UNIT         ?XD?UART
            XDATA   02C0H     0008H     UNIT         ?XD?I2C

            * * * * * * *   C O D E   M E M O R Y   * * * * * * *
            CODE    0000H     0003H     ABSOLUTE     
            CODE    0003H     0008H     UNIT         ?PR?GET_MSBUSY_STATUS?I2C
            CODE    000BH     0003H     ABSOLUTE     
            CODE    000EH     000DH     UNIT         ?PR?_SENDCMDDATA?I2C
            CODE    001BH     0003H     ABSOLUTE     
            CODE    001EH     0005H     UNIT         ?PR?_PUTCHAR?UART
            CODE    0023H     0003H     ABSOLUTE     
            CODE    0026H     0004H     UNIT         ?PR?ADC_ISR_HANDLER?ADC_ISR
                    002AH     0001H                  *** GAP ***
            CODE    002BH     0003H     ABSOLUTE     
            CODE    002EH     0013H     UNIT         ?PR?_PRINTSTRING1?UART
                    0041H     0002H                  *** GAP ***
            CODE    0043H     0003H     ABSOLUTE     
            CODE    0046H     001AH     UNIT         ?PR?_NVIC_INT4_INIT?NVIC
            CODE    0060H     0003H     UNIT         ?PR?TIMER0_ISR_HANDLER?TIMER_ISR
            CODE    0063H     0003H     ABSOLUTE     
            CODE    0066H     0025H     UNIT         ?PR?I2C_CONFIG?PCF8563
            CODE    008BH     0003H     ABSOLUTE     
            CODE    008EH     0003H     UNIT         ?PR?TIMER1_ISR_HANDLER?TIMER_ISR
                    0091H     0002H                  *** GAP ***
            CODE    0093H     0003H     ABSOLUTE     
            CODE    0096H     0003H     UNIT         ?PR?TIMER2_ISR_HANDLER?TIMER_ISR
                    0099H     0002H                  *** GAP ***
            CODE    009BH     0003H     ABSOLUTE     
            CODE    009EH     0003H     UNIT         ?PR?TIMER3_ISR_HANDLER?TIMER_ISR
                    00A1H     0002H                  *** GAP ***
            CODE    00A3H     0003H     ABSOLUTE     
            CODE    00A6H     0019H     UNIT         ?PR?_NVIC_INT3_INIT?NVIC
            CODE    00BFH     0003H     UNIT         ?PR?TIMER4_ISR_HANDLER?TIMER_ISR
                    00C2H     0001H                  *** GAP ***
            CODE    00C3H     0003H     ABSOLUTE     
            CODE    00C6H     04DAH     UNIT         ?PR?_UART_CONFIGURATION?UART
            CODE    05A0H     0423H     UNIT         ?C?LIB_CODE
            CODE    09C3H     0412H     UNIT         ?PR?_PWM_CONFIGURATION?STC8H_PWM
            CODE    0DD5H     035CH     UNIT         ?PR?PRINTF?PRINTF
            CODE    1131H     0267H     UNIT         ?PR?_TIMER_INILIZE?TIMER
            CODE    1398H     0254H     UNIT         ?PR?_GPIO_INILIZE?GPIO
            CODE    15ECH     014DH     UNIT         ?PR?_UPDATEPWM?STC8H_PWM
            CODE    1739H     00D6H     UNIT         ?PR?_PCF8563_GET_CLOCK?PCF8563
            CODE    180FH     00D5H     UNIT         ?PR?PCF8563_SET_CLOCK?PCF8563
            CODE    18E4H     00A3H     UNIT         ?PR?I2C_ISR_HANDLER?I2C_ISR
BL51 BANKED LINKER/LOCATER V6.22.4.0                                                  08/27/2026  20:20:10  PAGE 3


            CODE    1987H     00A0H     UNIT         ?PR?MAIN?MAIN
            CODE    1A27H     007CH     UNIT         ?PR?_I2C_INIT?I2C
            CODE    1AA3H     007AH     UNIT         ?PR?_NVIC_PWM_INIT?NVIC
            CODE    1B1DH     006DH     UNIT         ?PR?_GET_ADCRESULT?ADC
            CODE    1B8AH     0059H     UNIT         ?PR?_NVIC_I2C_INIT?NVIC
            CODE    1BE3H     0055H     UNIT         ?PR?_ADC_INILIZE?ADC
            CODE    1C38H     0049H     UNIT         ?PR?UART2_ISR_HANDLER?UART_ISR
            CODE    1C81H     0049H     UNIT         ?PR?UART3_ISR_HANDLER?UART_ISR
            CODE    1CCAH     0049H     UNIT         ?PR?UART4_ISR_HANDLER?UART_ISR
            CODE    1D13H     0048H     UNIT         ?PR?_NVIC_CMP_INIT?NVIC
            CODE    1D5BH     0047H     UNIT         ?PR?_NVIC_UART3_INIT?NVIC
            CODE    1DA2H     0045H     UNIT         ?PR?_NVIC_UART4_INIT?NVIC
            CODE    1DE7H     0044H     UNIT         ?PR?_NVIC_SPI_INIT?NVIC
            CODE    1E2BH     0043H     UNIT         ?PR?UART1_ISR_HANDLER?UART_ISR
            CODE    1E6EH     0040H     UNIT         ?PR?_NVIC_UART2_INIT?NVIC
            CODE    1EAEH     003EH     UNIT         ?PR?_NVIC_TIMER0_INIT?NVIC
            CODE    1EECH     003EH     UNIT         ?PR?_NVIC_TIMER1_INIT?NVIC
            CODE    1F2AH     003EH     UNIT         ?PR?_NVIC_INT0_INIT?NVIC
            CODE    1F68H     003EH     UNIT         ?PR?_NVIC_INT1_INIT?NVIC
            CODE    1FA6H     003EH     UNIT         ?PR?_NVIC_ADC_INIT?NVIC
            CODE    1FE4H     003EH     UNIT         ?PR?_NVIC_UART1_INIT?NVIC
            CODE    2022H     003AH     UNIT         ?PR?_I2C_READNBYTE?I2C
            CODE    205CH     0037H     UNIT         ?PR?_NVIC_RTC_INIT?NVIC
            CODE    2093H     0036H     UNIT         ?PR?_NVIC_DMA_ADC_INIT?NVIC
            CODE    20C9H     0036H     UNIT         ?PR?_NVIC_DMA_M2M_INIT?NVIC
            CODE    20FFH     0036H     UNIT         ?PR?_NVIC_DMA_SPI_INIT?NVIC
            CODE    2135H     0036H     UNIT         ?PR?_NVIC_DMA_UART1_TX_INIT?NVIC
            CODE    216BH     0036H     UNIT         ?PR?_NVIC_DMA_UART1_RX_INIT?NVIC
            CODE    21A1H     0036H     UNIT         ?PR?_NVIC_DMA_UART2_TX_INIT?NVIC
            CODE    21D7H     0036H     UNIT         ?PR?_NVIC_DMA_UART2_RX_INIT?NVIC
            CODE    220DH     0036H     UNIT         ?PR?_NVIC_DMA_UART3_TX_INIT?NVIC
            CODE    2243H     0036H     UNIT         ?PR?_NVIC_DMA_UART3_RX_INIT?NVIC
            CODE    2279H     0036H     UNIT         ?PR?_NVIC_DMA_UART4_TX_INIT?NVIC
            CODE    22AFH     0036H     UNIT         ?PR?_NVIC_DMA_UART4_RX_INIT?NVIC
            CODE    22E5H     0036H     UNIT         ?PR?_NVIC_DMA_LCM_INIT?NVIC
            CODE    231BH     0031H     UNIT         ?PR?_I2C_WRITENBYTE?I2C
            CODE    234CH     002DH     UNIT         ?PR?UART_CONFIG?MAIN
            CODE    2379H     002AH     UNIT         ?CO?MAIN
            CODE    23A3H     0029H     UNIT         ?PR?_NVIC_LCM_INIT?NVIC
            CODE    23CCH     0023H     UNIT         ?PR?_NVIC_TIMER4_INIT?NVIC
            CODE    23EFH     0022H     UNIT         ?PR?_NVIC_TIMER2_INIT?NVIC
            CODE    2411H     0022H     UNIT         ?PR?_NVIC_TIMER3_INIT?NVIC
            CODE    2433H     0018H     UNIT         ?PR?_NVIC_INT2_INIT?NVIC
            CODE    244BH     0013H     UNIT         ?PR?_PRINTSTRING2?UART
            CODE    245EH     0013H     UNIT         ?PR?_PRINTSTRING3?UART
            CODE    2471H     0013H     UNIT         ?PR?_PRINTSTRING4?UART
            CODE    2484H     0011H     UNIT         ?PR?GPIO_CONFIG?PCF8563
            CODE    2495H     0010H     UNIT         ?PR?GPIO_CONFIG?MAIN
            CODE    24A5H     0010H     UNIT         ?PR?_DELAY_MS?DELAY
            CODE    24B5H     000FH     UNIT         ?PR?RECVACK?I2C
            CODE    24C4H     000FH     UNIT         ?PR?RECVDATA?I2C
            CODE    24D3H     000FH     UNIT         ?PR?SENDNAK?I2C
            CODE    24E2H     000EH     UNIT         ?PR?_SENDDATA?I2C
            CODE    24F0H     000EH     UNIT         ?PR?SENDACK?I2C
            CODE    24FEH     000EH     UNIT         ?CO?PCF8563
            CODE    250CH     000CH     UNIT         ?PR?WAIT?I2C
            CODE    2518H     000CH     UNIT         ?C_C51STARTUP
BL51 BANKED LINKER/LOCATER V6.22.4.0                                                  08/27/2026  20:20:10  PAGE 4


            CODE    2524H     000BH     UNIT         ?PR?_ADC_POWERCONTROL?ADC
            CODE    252FH     000AH     UNIT         ?PR?_TX1_WRITE2BUFF?UART
            CODE    2539H     000AH     UNIT         ?PR?_TX2_WRITE2BUFF?UART
            CODE    2543H     000AH     UNIT         ?PR?_TX3_WRITE2BUFF?UART
            CODE    254DH     000AH     UNIT         ?PR?_TX4_WRITE2BUFF?UART
            CODE    2557H     0009H     UNIT         ?PR?START?I2C
            CODE    2560H     0009H     UNIT         ?PR?STOP?I2C
            CODE    2569H     0009H     UNIT         ?PR?PCF8563_INIT?PCF8563



OVERLAY MAP OF MODULE:   .\Objects\project (MAIN)


SEGMENT                                     BIT_GROUP          DATA_GROUP 
  +--> CALLED SEGMENT                    START    LENGTH     START    LENGTH
----------------------------------------------------------------------------
?C_C51STARTUP                            -----    -----      -----    -----
  +--> ?PR?MAIN?MAIN

?PR?MAIN?MAIN                            -----    -----      0022H    0008H
  +--> ?PR?GPIO_CONFIG?MAIN
  +--> ?PR?UART_CONFIG?MAIN
  +--> ?PR?PCF8563_INIT?PCF8563
  +--> ?PR?PCF8563_SET_CLOCK?PCF8563
  +--> ?PR?_PCF8563_GET_CLOCK?PCF8563
  +--> ?CO?MAIN
  +--> ?PR?PRINTF?PRINTF
  +--> ?PR?_DELAY_MS?DELAY

?PR?GPIO_CONFIG?MAIN                     -----    -----      002AH    0002H
  +--> ?PR?_GPIO_INILIZE?GPIO

?PR?UART_CONFIG?MAIN                     -----    -----      002AH    0009H
  +--> ?PR?_UART_CONFIGURATION?UART
  +--> ?PR?_NVIC_UART1_INIT?NVIC

?PR?_UART_CONFIGURATION?UART             -----    -----      0033H    000AH

?PR?PCF8563_INIT?PCF8563                 -----    -----      -----    -----
  +--> ?PR?GPIO_CONFIG?PCF8563
  +--> ?PR?I2C_CONFIG?PCF8563

?PR?GPIO_CONFIG?PCF8563                  -----    -----      002AH    0002H
  +--> ?PR?_GPIO_INILIZE?GPIO

?PR?I2C_CONFIG?PCF8563                   -----    -----      002AH    0006H
  +--> ?PR?_I2C_INIT?I2C
  +--> ?PR?_NVIC_I2C_INIT?NVIC

?PR?PCF8563_SET_CLOCK?PCF8563            -----    -----      002AH    000FH
  +--> ?CO?PCF8563
  +--> ?PR?_I2C_WRITENBYTE?I2C

?PR?_I2C_WRITENBYTE?I2C                  -----    -----      0039H    0006H
  +--> ?PR?RECVACK?I2C
  +--> ?PR?_SENDDATA?I2C
BL51 BANKED LINKER/LOCATER V6.22.4.0                                                  08/27/2026  20:20:10  PAGE 5


  +--> ?PR?STOP?I2C

?PR?RECVACK?I2C                          -----    -----      -----    -----
  +--> ?PR?START?I2C
  +--> ?PR?_SENDDATA?I2C
  +--> ?PR?WAIT?I2C

?PR?START?I2C                            -----    -----      -----    -----
  +--> ?PR?WAIT?I2C

?PR?_SENDDATA?I2C                        -----    -----      -----    -----
  +--> ?PR?WAIT?I2C

?PR?STOP?I2C                             -----    -----      -----    -----
  +--> ?PR?WAIT?I2C

?PR?_PCF8563_GET_CLOCK?PCF8563           -----    -----      002AH    000AH
  +--> ?CO?PCF8563
  +--> ?PR?_I2C_READNBYTE?I2C

?PR?_I2C_READNBYTE?I2C                   -----    -----      0034H    0006H
  +--> ?PR?RECVACK?I2C
  +--> ?PR?_SENDDATA?I2C
  +--> ?PR?START?I2C
  +--> ?PR?RECVDATA?I2C
  +--> ?PR?SENDACK?I2C
  +--> ?PR?SENDNAK?I2C
  +--> ?PR?STOP?I2C

?PR?RECVDATA?I2C                         -----    -----      -----    -----
  +--> ?PR?WAIT?I2C

?PR?SENDACK?I2C                          -----    -----      -----    -----
  +--> ?PR?WAIT?I2C

?PR?SENDNAK?I2C                          -----    -----      -----    -----
  +--> ?PR?WAIT?I2C

?PR?PRINTF?PRINTF                        0020H.0  0001H.1    002AH    0014H
  +--> ?PR?_PUTCHAR?UART

?PR?_PUTCHAR?UART                        -----    -----      -----    -----
  +--> ?PR?_TX1_WRITE2BUFF?UART



SYMBOL TABLE OF MODULE:  .\Objects\project (MAIN)

  VALUE           TYPE          NAME
  ----------------------------------

  -------         MODULE        MAIN
  C:0000H         SYMBOL        _ICE_DUMMY_
  D:0080H         PUBLIC        P0
  D:0090H         PUBLIC        P1
  D:00A0H         PUBLIC        P2
  D:00B0H         PUBLIC        P3
BL51 BANKED LINKER/LOCATER V6.22.4.0                                                  08/27/2026  20:20:10  PAGE 6


  D:00C0H         PUBLIC        P4
  D:00C8H         PUBLIC        P5
  D:00E8H         PUBLIC        P6
  B:00A8H.7       PUBLIC        EA
  D:00F8H         PUBLIC        P7
  C:2495H         PUBLIC        GPIO_config
  D:00A2H         PUBLIC        P_SW1
  D:00BAH         PUBLIC        P_SW2
  D:00A8H         PUBLIC        IE
  C:234CH         PUBLIC        UART_config
  D:00B8H         PUBLIC        IP
  C:1987H         PUBLIC        main
  D:0098H         PUBLIC        SCON
  D:0088H         PUBLIC        TCON
  D:00F0H         PUBLIC        B
  D:00E0H         PUBLIC        ACC
  D:00D0H         PUBLIC        PSW
  -------         PROC          GPIO_CONFIG
  -------         DO            
  D:002AH         SYMBOL        GPIO_InitStructure
  -------         ENDDO         
  C:2495H         LINE#         30
  C:2495H         LINE#         32
  C:2498H         LINE#         33
  C:249BH         LINE#         34
  -------         ENDPROC       GPIO_CONFIG
  -------         PROC          UART_CONFIG
  -------         DO            
  D:002AH         SYMBOL        COMx_InitStructure
  -------         ENDDO         
  C:234CH         LINE#         37
  C:234CH         LINE#         40
  C:234FH         LINE#         41
  C:2352H         LINE#         42
  C:235EH         LINE#         43
  C:2361H         LINE#         44
  C:2364H         LINE#         45
  C:236EH         LINE#         47
  C:2375H         LINE#         48
  C:2378H         LINE#         49
  -------         ENDPROC       UART_CONFIG
  -------         PROC          MAIN
  -------         DO            
  D:0022H         SYMBOL        c
  -------         ENDDO         
  C:1987H         LINE#         52
  C:1987H         LINE#         55
  C:198AH         LINE#         57
  C:198DH         LINE#         58
  C:1990H         LINE#         59
  C:1993H         LINE#         61
  C:1995H         LINE#         77
  C:19A4H         LINE#         78
  C:19ADH         LINE#         80
  C:19C3H         LINE#         82
  C:19C3H         LINE#         83
  C:19CCH         LINE#         87
BL51 BANKED LINKER/LOCATER V6.22.4.0                                                  08/27/2026  20:20:10  PAGE 7


  C:19E7H         LINE#         89
  C:1A02H         LINE#         91
  C:1A11H         LINE#         93
  C:1A16H         LINE#         94
  C:1A1BH         LINE#         95
  C:1A20H         LINE#         96
  C:1A25H         LINE#         97
  -------         ENDPROC       MAIN
  -------         ENDMOD        MAIN

  -------         MODULE        ADC
  C:0000H         SYMBOL        _ICE_DUMMY_
  D:0080H         PUBLIC        P0
  D:0090H         PUBLIC        P1
  C:1BE3H         PUBLIC        _ADC_Inilize
  D:00A0H         PUBLIC        P2
  D:00B0H         PUBLIC        P3
  D:00C0H         PUBLIC        P4
  D:00C8H         PUBLIC        P5
  D:00E8H         PUBLIC        P6
  D:00F8H         PUBLIC        P7
  D:00A8H         PUBLIC        IE
  D:00BDH         PUBLIC        ADC_RES
  D:00B8H         PUBLIC        IP
  D:00DEH         PUBLIC        ADCCFG
  C:2524H         PUBLIC        _ADC_PowerControl
  D:00BCH         PUBLIC        ADC_CONTR
  D:0098H         PUBLIC        SCON
  D:0088H         PUBLIC        TCON
  D:00F0H         PUBLIC        B
  D:00E0H         PUBLIC        ACC
  C:1B1DH         PUBLIC        _Get_ADCResult
  D:00BEH         PUBLIC        ADC_RESL
  D:00D0H         PUBLIC        PSW
  -------         PROC          _ADC_INILIZE
  D:0001H         SYMBOL        ADCx
  C:1BE3H         LINE#         22
  C:1BE3H         LINE#         23
  C:1BE3H         LINE#         24
  C:1BF1H         LINE#         25
  C:1C03H         LINE#         27
  C:1C0CH         LINE#         28
  C:1C18H         LINE#         29
  C:1C24H         LINE#         31
  C:1C37H         LINE#         32
  -------         ENDPROC       _ADC_INILIZE
  -------         PROC          _ADC_POWERCONTROL
  D:0007H         SYMBOL        pwr
  C:2524H         LINE#         42
  C:2524H         LINE#         43
  C:2524H         LINE#         44
  C:252BH         LINE#         45
  C:252EH         LINE#         46
  -------         ENDPROC       _ADC_POWERCONTROL
  -------         PROC          _GET_ADCRESULT
  D:0007H         SYMBOL        channel
  -------         DO            
BL51 BANKED LINKER/LOCATER V6.22.4.0                                                  08/27/2026  20:20:10  PAGE 8


  D:003FH         SYMBOL        adc
  D:0005H         SYMBOL        i
  -------         ENDDO         
  C:1B1DH         LINE#         55
  C:1B1DH         LINE#         56
  C:1B1DH         LINE#         60
  C:1B25H         LINE#         61
  C:1B28H         LINE#         62
  C:1B2AH         LINE#         64
  C:1B33H         LINE#         65
  C:1B3DH         LINE#         67
  C:1B3FH         LINE#         68
  C:1B3FH         LINE#         69
  C:1B44H         LINE#         70
  C:1B44H         LINE#         71
  C:1B47H         LINE#         72
  C:1B4EH         LINE#         73
  C:1B4EH         LINE#         74
  C:1B5AH         LINE#         75
  C:1B5CH         LINE#         77
  C:1B5CH         LINE#         79
  C:1B61H         LINE#         80
  C:1B7CH         LINE#         85
  C:1B7CH         LINE#         86
  C:1B81H         LINE#         87
  C:1B81H         LINE#         88
  C:1B85H         LINE#         89
  C:1B89H         LINE#         90
  -------         ENDPROC       _GET_ADCRESULT
  -------         ENDMOD        ADC

  -------         MODULE        ADC_ISR
  C:0000H         SYMBOL        _ICE_DUMMY_
  D:0080H         PUBLIC        P0
  D:0090H         PUBLIC        P1
  D:00A0H         PUBLIC        P2
  D:00B0H         PUBLIC        P3
  D:00C0H         PUBLIC        P4
  D:00C8H         PUBLIC        P5
  D:00E8H         PUBLIC        P6
  D:00F8H         PUBLIC        P7
  D:00A8H         PUBLIC        IE
  D:00B8H         PUBLIC        IP
  D:00BCH         PUBLIC        ADC_CONTR
  D:0098H         PUBLIC        SCON
  D:0088H         PUBLIC        TCON
  C:0026H         PUBLIC        ADC_ISR_Handler
  D:00F0H         PUBLIC        B
  D:00E0H         PUBLIC        ACC
  D:00D0H         PUBLIC        PSW
  -------         PROC          ADC_ISR_HANDLER
  C:0026H         LINE#         22
  C:0026H         LINE#         24
  C:0029H         LINE#         28
  -------         ENDPROC       ADC_ISR_HANDLER
  -------         ENDMOD        ADC_ISR

BL51 BANKED LINKER/LOCATER V6.22.4.0                                                  08/27/2026  20:20:10  PAGE 9


  -------         MODULE        DELAY
  C:0000H         SYMBOL        _ICE_DUMMY_
  D:0080H         PUBLIC        P0
  D:0090H         PUBLIC        P1
  D:00A0H         PUBLIC        P2
  D:00B0H         PUBLIC        P3
  D:00C0H         PUBLIC        P4
  D:00C8H         PUBLIC        P5
  D:00E8H         PUBLIC        P6
  D:00F8H         PUBLIC        P7
  D:00A8H         PUBLIC        IE
  D:00B8H         PUBLIC        IP
  D:0098H         PUBLIC        SCON
  D:0088H         PUBLIC        TCON
  D:00F0H         PUBLIC        B
  D:00E0H         PUBLIC        ACC
  C:24A5H         PUBLIC        _delay_ms
  D:00D0H         PUBLIC        PSW
  -------         PROC          _DELAY_MS
  D:0007H         SYMBOL        ms
  -------         DO            
  D:0004H         SYMBOL        i
  -------         ENDDO         
  C:24A5H         LINE#         24
  C:24A5H         LINE#         25
  C:24A5H         LINE#         27
  C:24A5H         LINE#         28
  C:24A9H         LINE#         29
  C:24B2H         LINE#         30
  C:24B4H         LINE#         31
  -------         ENDPROC       _DELAY_MS
  -------         ENDMOD        DELAY

  -------         MODULE        GPIO
  C:0000H         SYMBOL        _ICE_DUMMY_
  D:0093H         PUBLIC        P0M1
  D:0092H         PUBLIC        P1M0
  D:0096H         PUBLIC        P2M0
  D:0091H         PUBLIC        P1M1
  D:0080H         PUBLIC        P0
  D:00B2H         PUBLIC        P3M0
  D:0095H         PUBLIC        P2M1
  D:0090H         PUBLIC        P1
  D:00B4H         PUBLIC        P4M0
  D:00B1H         PUBLIC        P3M1
  D:00A0H         PUBLIC        P2
  D:00CAH         PUBLIC        P5M0
  D:00B3H         PUBLIC        P4M1
  D:00B0H         PUBLIC        P3
  D:00CCH         PUBLIC        P6M0
  D:00C9H         PUBLIC        P5M1
  D:00C0H         PUBLIC        P4
  D:00E2H         PUBLIC        P7M0
  D:00CBH         PUBLIC        P6M1
  D:00C8H         PUBLIC        P5
  D:00E8H         PUBLIC        P6
  D:00E1H         PUBLIC        P7M1
BL51 BANKED LINKER/LOCATER V6.22.4.0                                                  08/27/2026  20:20:10  PAGE 10


  D:00F8H         PUBLIC        P7
  D:00A8H         PUBLIC        IE
  D:00B8H         PUBLIC        IP
  D:0098H         PUBLIC        SCON
  D:0088H         PUBLIC        TCON
  D:00F0H         PUBLIC        B
  D:00E0H         PUBLIC        ACC
  C:1398H         PUBLIC        _GPIO_Inilize
  D:00D0H         PUBLIC        PSW
  D:0094H         PUBLIC        P0M0
  -------         PROC          _GPIO_INILIZE
  D:0007H         SYMBOL        GPIO
  D:0001H         SYMBOL        GPIOx
  C:1398H         LINE#         22
  C:1398H         LINE#         23
  C:1398H         LINE#         24
  C:13A1H         LINE#         25
  C:13ADH         LINE#         26
  C:13B0H         LINE#         27
  C:13B0H         LINE#         28
  C:13BEH         LINE#         29
  C:13CFH         LINE#         30
  C:13E0H         LINE#         31
  C:13F1H         LINE#         32
  C:13F1H         LINE#         33
  C:13F6H         LINE#         34
  C:13F6H         LINE#         35
  C:1407H         LINE#         36
  C:1416H         LINE#         37
  C:1426H         LINE#         38
  C:1439H         LINE#         39
  C:1439H         LINE#         40
  C:143EH         LINE#         41
  C:143EH         LINE#         42
  C:144FH         LINE#         43
  C:145EH         LINE#         44
  C:146EH         LINE#         45
  C:1481H         LINE#         46
  C:1481H         LINE#         47
  C:1486H         LINE#         48
  C:1486H         LINE#         49
  C:1497H         LINE#         50
  C:14A6H         LINE#         51
  C:14B6H         LINE#         52
  C:14C9H         LINE#         53
  C:14C9H         LINE#         54
  C:14CEH         LINE#         55
  C:14CEH         LINE#         56
  C:14DFH         LINE#         57
  C:14EEH         LINE#         58
  C:14FEH         LINE#         59
  C:1511H         LINE#         60
  C:1511H         LINE#         61
  C:1516H         LINE#         62
  C:1516H         LINE#         63
  C:1527H         LINE#         64
  C:1536H         LINE#         65
BL51 BANKED LINKER/LOCATER V6.22.4.0                                                  08/27/2026  20:20:10  PAGE 11


  C:1546H         LINE#         66
  C:1559H         LINE#         67
  C:1559H         LINE#         68
  C:155EH         LINE#         69
  C:155EH         LINE#         70
  C:156FH         LINE#         71
  C:157EH         LINE#         72
  C:158EH         LINE#         73
  C:15A1H         LINE#         74
  C:15A1H         LINE#         75
  C:15A6H         LINE#         76
  C:15A6H         LINE#         77
  C:15B7H         LINE#         78
  C:15C6H         LINE#         79
  C:15D6H         LINE#         80
  C:15E9H         LINE#         81
  C:15E9H         LINE#         82
  C:15EBH         LINE#         83
  -------         ENDPROC       _GPIO_INILIZE
  -------         ENDMOD        GPIO

  -------         MODULE        I2C
  C:0000H         SYMBOL        _ICE_DUMMY_
  D:0080H         PUBLIC        P0
  D:0090H         PUBLIC        P1
  D:00A0H         PUBLIC        P2
  D:00B0H         PUBLIC        P3
  D:00C0H         PUBLIC        P4
  D:00C8H         PUBLIC        P5
  D:00E8H         PUBLIC        P6
  D:00F8H         PUBLIC        P7
  C:24E2H         PUBLIC        _SendData
  D:00A8H         PUBLIC        IE
  C:24C4H         PUBLIC        RecvData
  C:2557H         PUBLIC        Start
  C:250CH         PUBLIC        Wait
  D:00B8H         PUBLIC        IP
  C:000EH         PUBLIC        _SendCmdData
  C:2022H         PUBLIC        _I2C_ReadNbyte
  C:2560H         PUBLIC        Stop
  C:0003H         PUBLIC        Get_MSBusy_Status
  C:231BH         PUBLIC        _I2C_WriteNbyte
  D:0098H         PUBLIC        SCON
  C:1A27H         PUBLIC        _I2C_Init
  D:0088H         PUBLIC        TCON
  D:00F0H         PUBLIC        B
  D:00E0H         PUBLIC        ACC
  C:24F0H         PUBLIC        SendACK
  C:24BBH         PUBLIC        RecvACK
  C:24D3H         PUBLIC        SendNAK
  D:00D0H         PUBLIC        PSW
  X:02C0H         PUBLIC        I2C_Buffer
  -------         PROC          _I2C_INIT
  D:0001H         SYMBOL        I2Cx
  C:1A27H         LINE#         24
  C:1A27H         LINE#         25
  C:1A27H         LINE#         26
BL51 BANKED LINKER/LOCATER V6.22.4.0                                                  08/27/2026  20:20:10  PAGE 12


  C:1A31H         LINE#         27
  C:1A31H         LINE#         28
  C:1A38H         LINE#         29
  C:1A3DH         LINE#         30
  C:1A4BH         LINE#         31
  C:1A59H         LINE#         32
  C:1A59H         LINE#         33
  C:1A5BH         LINE#         35
  C:1A5BH         LINE#         36
  C:1A62H         LINE#         37
  C:1A67H         LINE#         38
  C:1A78H         LINE#         39
  C:1A8AH         LINE#         40
  C:1A8EH         LINE#         41
  C:1A8EH         LINE#         43
  C:1AA2H         LINE#         44
  -------         ENDPROC       _I2C_INIT
  -------         PROC          GET_MSBUSY_STATUS
  C:0003H         LINE#         53
  C:0003H         LINE#         54
  C:0003H         LINE#         55
  C:000AH         LINE#         56
  -------         ENDPROC       GET_MSBUSY_STATUS
  -------         PROC          WAIT
  C:250CH         LINE#         65
  C:250CH         LINE#         66
  C:250CH         LINE#         67
  C:2513H         LINE#         68
  C:2517H         LINE#         69
  -------         ENDPROC       WAIT
  -------         PROC          START
  C:2557H         LINE#         78
  C:2557H         LINE#         79
  C:2557H         LINE#         80
  C:255DH         LINE#         81
  -------         ENDPROC       START
  -------         PROC          _SENDDATA
  D:0007H         SYMBOL        dat
  C:24E2H         LINE#         91
  C:24E2H         LINE#         92
  C:24E2H         LINE#         93
  C:24E7H         LINE#         94
  C:24EDH         LINE#         95
  -------         ENDPROC       _SENDDATA
  -------         PROC          L?0034
  -------         ENDPROC       L?0034
  -------         PROC          RECVACK
  C:24BBH         LINE#         105
  C:24BBH         LINE#         106
  C:24BBH         LINE#         107
  C:24C1H         LINE#         108
  -------         ENDPROC       RECVACK
  -------         PROC          RECVDATA
  C:24C4H         LINE#         118
  C:24C4H         LINE#         119
  C:24C4H         LINE#         120
  C:24CAH         LINE#         121
BL51 BANKED LINKER/LOCATER V6.22.4.0                                                  08/27/2026  20:20:10  PAGE 13


  C:24CDH         LINE#         122
  C:24D2H         LINE#         123
  -------         ENDPROC       RECVDATA
  -------         PROC          SENDACK
  C:24F0H         LINE#         132
  C:24F0H         LINE#         133
  C:24F0H         LINE#         134
  C:24F5H         LINE#         135
  C:24FBH         LINE#         136
  -------         ENDPROC       SENDACK
  -------         PROC          SENDNAK
  C:24D3H         LINE#         146
  C:24D3H         LINE#         147
  C:24D3H         LINE#         148
  C:24D9H         LINE#         149
  C:24DFH         LINE#         150
  -------         ENDPROC       SENDNAK
  -------         PROC          STOP
  C:2560H         LINE#         160
  C:2560H         LINE#         161
  C:2560H         LINE#         162
  C:2566H         LINE#         163
  -------         ENDPROC       STOP
  -------         PROC          _SENDCMDDATA
  D:0007H         SYMBOL        cmd
  D:0005H         SYMBOL        dat
  C:000EH         LINE#         173
  C:000EH         LINE#         174
  C:000EH         LINE#         175
  C:0013H         LINE#         176
  C:0018H         LINE#         177
  -------         ENDPROC       _SENDCMDDATA
  -------         PROC          _I2C_WRITENBYTE
  D:0007H         SYMBOL        dev_addr
  D:0006H         SYMBOL        mem_addr
  D:003BH         SYMBOL        p
  D:003EH         SYMBOL        number
  C:231BH         LINE#         187
  C:2323H         LINE#         188
  C:2323H         LINE#         189
  C:2323H         LINE#         190
  C:2323H         LINE#         191
  C:2326H         LINE#         192
  C:232BH         LINE#         193
  C:232EH         LINE#         195
  C:232EH         LINE#         196
  C:2343H         LINE#         197
  C:2346H         LINE#         198
  C:2346H         LINE#         199
  C:2349H         LINE#         200
  -------         ENDPROC       _I2C_WRITENBYTE
  -------         PROC          _I2C_READNBYTE
  D:0006H         SYMBOL        dev_addr
  D:0005H         SYMBOL        mem_addr
  D:0001H         SYMBOL        p
  D:0039H         SYMBOL        number
  C:2022H         LINE#         210
BL51 BANKED LINKER/LOCATER V6.22.4.0                                                  08/27/2026  20:20:10  PAGE 14


  C:2024H         LINE#         211
  C:2024H         LINE#         212
  C:2024H         LINE#         213
  C:2024H         LINE#         214
  C:2027H         LINE#         215
  C:202CH         LINE#         216
  C:202FH         LINE#         217
  C:2032H         LINE#         218
  C:2039H         LINE#         219
  C:203CH         LINE#         221
  C:203CH         LINE#         222
  C:2043H         LINE#         223
  C:204AH         LINE#         224
  C:2053H         LINE#         225
  C:2053H         LINE#         226
  C:2056H         LINE#         227
  C:2059H         LINE#         228
  -------         ENDPROC       _I2C_READNBYTE
  -------         ENDMOD        I2C

  -------         MODULE        I2C_ISR
  C:0000H         SYMBOL        _ICE_DUMMY_
  D:0080H         PUBLIC        P0
  D:0090H         PUBLIC        P1
  D:00A0H         PUBLIC        P2
  D:00B0H         PUBLIC        P3
  D:00C0H         PUBLIC        P4
  D:00C8H         PUBLIC        P5
  D:00E8H         PUBLIC        P6
  D:00F8H         PUBLIC        P7
  D:00A8H         PUBLIC        IE
  D:00B8H         PUBLIC        IP
  C:18E4H         PUBLIC        I2C_ISR_Handler
  D:0098H         PUBLIC        SCON
  D:0088H         PUBLIC        TCON
  D:00F0H         PUBLIC        B
  D:00E0H         PUBLIC        ACC
  B:0021H.1       PUBLIC        DisplayFlag
  D:001CH         PUBLIC        I2CIsr
  D:00D0H         PUBLIC        PSW
  -------         PROC          I2C_ISR_HANDLER
  C:18E4H         LINE#         34
  C:18F3H         LINE#         37
  C:18FAH         LINE#         38
  C:18FAH         LINE#         39
  C:18FEH         LINE#         40
  C:1900H         LINE#         41
  C:1907H         LINE#         42
  C:1907H         LINE#         43
  C:190BH         LINE#         44
  C:190FH         LINE#         45
  C:190FH         LINE#         46
  C:1912H         LINE#         47
  C:1914H         LINE#         48
  C:1918H         LINE#         49
  C:1918H         LINE#         50
  C:191BH         LINE#         51
BL51 BANKED LINKER/LOCATER V6.22.4.0                                                  08/27/2026  20:20:10  PAGE 15


  C:1921H         LINE#         52
  C:1923H         LINE#         53
  C:1925H         LINE#         55
  C:1925H         LINE#         56
  C:193AH         LINE#         57
  C:193AH         LINE#         58
  C:193CH         LINE#         59
  C:1943H         LINE#         60
  C:1943H         LINE#         61
  C:1947H         LINE#         62
  C:194BH         LINE#         63
  C:194BH         LINE#         64
  C:1951H         LINE#         65
  C:1953H         LINE#         67
  C:1953H         LINE#         68
  C:1965H         LINE#         69
  C:1965H         LINE#         70
  C:1967H         LINE#         71
  C:196EH         LINE#         72
  C:196EH         LINE#         73
  C:1972H         LINE#         74
  C:1975H         LINE#         75
  C:1978H         LINE#         76
  C:197AH         LINE#         77
  C:197AH         LINE#         78
  -------         ENDPROC       I2C_ISR_HANDLER
  -------         ENDMOD        I2C_ISR

  -------         MODULE        NVIC
  C:0000H         SYMBOL        _ICE_DUMMY_
  D:0080H         PUBLIC        P0
  D:0090H         PUBLIC        P1
  D:00A0H         PUBLIC        P2
  D:00B0H         PUBLIC        P3
  D:00C0H         PUBLIC        P4
  C:2093H         PUBLIC        _NVIC_DMA_ADC_Init
  D:00C8H         PUBLIC        P5
  D:00E8H         PUBLIC        P6
  D:00F8H         PUBLIC        P7
  C:20C9H         PUBLIC        _NVIC_DMA_M2M_Init
  B:00A8H.5       PUBLIC        EADC
  D:00A8H         PUBLIC        IE
  D:00B6H         PUBLIC        IP2H
  D:00EEH         PUBLIC        IP3H
  D:008FH         PUBLIC        INTCLKO
  B:00A8H.4       PUBLIC        ES
  C:22E5H         PUBLIC        _NVIC_DMA_LCM_Init
  B:00B8H.5       PUBLIC        PADC
  D:00B8H         PUBLIC        IP
  B:00B8H.4       PUBLIC        PS
  C:1F2AH         PUBLIC        _NVIC_INT0_Init
  C:1F68H         PUBLIC        _NVIC_INT1_Init
  C:2433H         PUBLIC        _NVIC_INT2_Init
  C:00A6H         PUBLIC        _NVIC_INT3_Init
  D:00E6H         PUBLIC        CMPCR1
  C:20FFH         PUBLIC        _NVIC_DMA_SPI_Init
  C:0046H         PUBLIC        _NVIC_INT4_Init
BL51 BANKED LINKER/LOCATER V6.22.4.0                                                  08/27/2026  20:20:10  PAGE 16


  D:0098H         PUBLIC        SCON
  D:0088H         PUBLIC        TCON
  C:1EAEH         PUBLIC        _NVIC_Timer0_Init
  C:1EECH         PUBLIC        _NVIC_Timer1_Init
  C:23EFH         PUBLIC        _NVIC_Timer2_Init
  C:2411H         PUBLIC        _NVIC_Timer3_Init
  D:00AFH         PUBLIC        IE2
  C:23CCH         PUBLIC        _NVIC_Timer4_Init
  D:00F0H         PUBLIC        B
  C:1B8AH         PUBLIC        _NVIC_I2C_Init
  D:00E0H         PUBLIC        ACC
  B:00A8H.1       PUBLIC        ET0
  B:00A8H.3       PUBLIC        ET1
  D:00B5H         PUBLIC        IP2
  D:00DFH         PUBLIC        IP3
  B:00A8H.0       PUBLIC        EX0
  B:00A8H.2       PUBLIC        EX1
  C:1FA6H         PUBLIC        _NVIC_ADC_Init
  B:00B8H.1       PUBLIC        PT0
  B:00B8H.3       PUBLIC        PT1
  C:216BH         PUBLIC        _NVIC_DMA_UART1_Rx_Init
  C:21D7H         PUBLIC        _NVIC_DMA_UART2_Rx_Init
  C:2243H         PUBLIC        _NVIC_DMA_UART3_Rx_Init
  C:2135H         PUBLIC        _NVIC_DMA_UART1_Tx_Init
  B:00B8H.0       PUBLIC        PX0
  C:22AFH         PUBLIC        _NVIC_DMA_UART4_Rx_Init
  C:21A1H         PUBLIC        _NVIC_DMA_UART2_Tx_Init
  B:00B8H.2       PUBLIC        PX1
  C:220DH         PUBLIC        _NVIC_DMA_UART3_Tx_Init
  C:2279H         PUBLIC        _NVIC_DMA_UART4_Tx_Init
  D:00B7H         PUBLIC        IPH
  C:23A3H         PUBLIC        _NVIC_LCM_Init
  C:1D13H         PUBLIC        _NVIC_CMP_Init
  C:205CH         PUBLIC        _NVIC_RTC_Init
  C:1DE7H         PUBLIC        _NVIC_SPI_Init
  C:1FE4H         PUBLIC        _NVIC_UART1_Init
  C:1E6EH         PUBLIC        _NVIC_UART2_Init
  C:1D5BH         PUBLIC        _NVIC_UART3_Init
  C:1DA2H         PUBLIC        _NVIC_UART4_Init
  D:00D0H         PUBLIC        PSW
  C:1AA3H         PUBLIC        _NVIC_PWM_Init
  -------         PROC          _NVIC_TIMER0_INIT
  D:0007H         SYMBOL        State
  D:0005H         SYMBOL        Priority
  C:1EAEH         LINE#         23
  C:1EAEH         LINE#         24
  C:1EAEH         LINE#         25
  C:1EB7H         LINE#         26
  C:1EC0H         LINE#         27
  C:1EC9H         LINE#         28
  C:1EE9H         LINE#         29
  C:1EEBH         LINE#         30
  -------         ENDPROC       _NVIC_TIMER0_INIT
  -------         PROC          _NVIC_TIMER1_INIT
  D:0007H         SYMBOL        State
  D:0005H         SYMBOL        Priority
  C:1EECH         LINE#         40
BL51 BANKED LINKER/LOCATER V6.22.4.0                                                  08/27/2026  20:20:10  PAGE 17


  C:1EECH         LINE#         41
  C:1EECH         LINE#         42
  C:1EF5H         LINE#         43
  C:1EFEH         LINE#         44
  C:1F07H         LINE#         45
  C:1F27H         LINE#         46
  C:1F29H         LINE#         47
  -------         ENDPROC       _NVIC_TIMER1_INIT
  -------         PROC          _NVIC_TIMER2_INIT
  D:0007H         SYMBOL        State
  D:0005H         SYMBOL        Priority
  C:23EFH         LINE#         57
  C:23EFH         LINE#         58
  C:23EFH         LINE#         59
  C:23F8H         LINE#         60
  C:2401H         LINE#         61
  C:240EH         LINE#         62
  C:240FH         LINE#         63
  C:2410H         LINE#         64
  -------         ENDPROC       _NVIC_TIMER2_INIT
  -------         PROC          _NVIC_TIMER3_INIT
  D:0007H         SYMBOL        State
  D:0005H         SYMBOL        Priority
  C:2411H         LINE#         74
  C:2411H         LINE#         75
  C:2411H         LINE#         76
  C:241AH         LINE#         77
  C:2423H         LINE#         78
  C:2430H         LINE#         79
  C:2431H         LINE#         80
  C:2432H         LINE#         81
  -------         ENDPROC       _NVIC_TIMER3_INIT
  -------         PROC          _NVIC_TIMER4_INIT
  D:0007H         SYMBOL        State
  D:0005H         SYMBOL        Priority
  C:23CCH         LINE#         91
  C:23CCH         LINE#         92
  C:23CCH         LINE#         93
  C:23D5H         LINE#         94
  C:23DEH         LINE#         95
  C:23ECH         LINE#         96
  C:23EDH         LINE#         97
  C:23EEH         LINE#         98
  -------         ENDPROC       _NVIC_TIMER4_INIT
  -------         PROC          _NVIC_INT0_INIT
  D:0007H         SYMBOL        State
  D:0005H         SYMBOL        Priority
  C:1F2AH         LINE#         108
  C:1F2AH         LINE#         109
  C:1F2AH         LINE#         110
  C:1F33H         LINE#         111
  C:1F3CH         LINE#         112
  C:1F45H         LINE#         113
  C:1F65H         LINE#         114
  C:1F67H         LINE#         115
  -------         ENDPROC       _NVIC_INT0_INIT
  -------         PROC          _NVIC_INT1_INIT
BL51 BANKED LINKER/LOCATER V6.22.4.0                                                  08/27/2026  20:20:10  PAGE 18


  D:0007H         SYMBOL        State
  D:0005H         SYMBOL        Priority
  C:1F68H         LINE#         125
  C:1F68H         LINE#         126
  C:1F68H         LINE#         127
  C:1F71H         LINE#         128
  C:1F7AH         LINE#         129
  C:1F83H         LINE#         130
  C:1FA3H         LINE#         131
  C:1FA5H         LINE#         132
  -------         ENDPROC       _NVIC_INT1_INIT
  -------         PROC          _NVIC_INT2_INIT
  D:0007H         SYMBOL        State
  D:0005H         SYMBOL        Priority
  C:2433H         LINE#         142
  C:2433H         LINE#         143
  C:2433H         LINE#         144
  C:243CH         LINE#         145
  C:2448H         LINE#         146
  C:2449H         LINE#         147
  C:244AH         LINE#         148
  -------         ENDPROC       _NVIC_INT2_INIT
  -------         PROC          _NVIC_INT3_INIT
  D:0007H         SYMBOL        State
  D:0005H         SYMBOL        Priority
  C:00A6H         LINE#         158
  C:00A6H         LINE#         159
  C:00A6H         LINE#         160
  C:00AFH         LINE#         161
  C:00BCH         LINE#         162
  C:00BDH         LINE#         163
  C:00BEH         LINE#         164
  -------         ENDPROC       _NVIC_INT3_INIT
  -------         PROC          _NVIC_INT4_INIT
  D:0007H         SYMBOL        State
  D:0005H         SYMBOL        Priority
  C:0046H         LINE#         174
  C:0046H         LINE#         175
  C:0046H         LINE#         176
  C:004FH         LINE#         177
  C:005DH         LINE#         178
  C:005EH         LINE#         179
  C:005FH         LINE#         180
  -------         ENDPROC       _NVIC_INT4_INIT
  -------         PROC          _NVIC_ADC_INIT
  D:0007H         SYMBOL        State
  D:0005H         SYMBOL        Priority
  C:1FA6H         LINE#         190
  C:1FA6H         LINE#         191
  C:1FA6H         LINE#         192
  C:1FAFH         LINE#         193
  C:1FB8H         LINE#         194
  C:1FC1H         LINE#         195
  C:1FE1H         LINE#         196
  C:1FE3H         LINE#         197
  -------         ENDPROC       _NVIC_ADC_INIT
  -------         PROC          _NVIC_CMP_INIT
BL51 BANKED LINKER/LOCATER V6.22.4.0                                                  08/27/2026  20:20:10  PAGE 19


  D:0007H         SYMBOL        State
  D:0005H         SYMBOL        Priority
  C:1D13H         LINE#         207
  C:1D13H         LINE#         208
  C:1D13H         LINE#         209
  C:1D1CH         LINE#         210
  C:1D25H         LINE#         211
  C:1D28H         LINE#         212
  C:1D31H         LINE#         213
  C:1D34H         LINE#         214
  C:1D58H         LINE#         215
  C:1D5AH         LINE#         216
  -------         ENDPROC       _NVIC_CMP_INIT
  -------         PROC          _NVIC_I2C_INIT
  D:0007H         SYMBOL        Mode
  D:0005H         SYMBOL        State
  D:0003H         SYMBOL        Priority
  C:1B8AH         LINE#         228
  C:1B8AH         LINE#         229
  C:1B8AH         LINE#         230
  C:1B93H         LINE#         231
  C:1B9CH         LINE#         232
  C:1B9FH         LINE#         233
  C:1B9FH         LINE#         234
  C:1BAFH         LINE#         235
  C:1BB1H         LINE#         236
  C:1BB4H         LINE#         237
  C:1BB4H         LINE#         238
  C:1BBCH         LINE#         239
  C:1BBCH         LINE#         240
  C:1BE0H         LINE#         241
  C:1BE2H         LINE#         242
  -------         ENDPROC       _NVIC_I2C_INIT
  -------         PROC          _NVIC_UART1_INIT
  D:0007H         SYMBOL        State
  D:0005H         SYMBOL        Priority
  C:1FE4H         LINE#         252
  C:1FE4H         LINE#         253
  C:1FE4H         LINE#         254
  C:1FEDH         LINE#         255
  C:1FF6H         LINE#         256
  C:1FFFH         LINE#         257
  C:201FH         LINE#         258
  C:2021H         LINE#         259
  -------         ENDPROC       _NVIC_UART1_INIT
  -------         PROC          _NVIC_UART2_INIT
  D:0007H         SYMBOL        State
  D:0005H         SYMBOL        Priority
  C:1E6EH         LINE#         269
  C:1E6EH         LINE#         270
  C:1E6EH         LINE#         271
  C:1E77H         LINE#         272
  C:1E80H         LINE#         273
  C:1E87H         LINE#         274
  C:1EABH         LINE#         275
  C:1EADH         LINE#         276
  -------         ENDPROC       _NVIC_UART2_INIT
BL51 BANKED LINKER/LOCATER V6.22.4.0                                                  08/27/2026  20:20:10  PAGE 20


  -------         PROC          _NVIC_UART3_INIT
  D:0007H         SYMBOL        State
  D:0005H         SYMBOL        Priority
  C:1D5BH         LINE#         286
  C:1D5BH         LINE#         287
  C:1D5BH         LINE#         288
  C:1D64H         LINE#         289
  C:1D6DH         LINE#         290
  C:1D7BH         LINE#         291
  C:1D9FH         LINE#         292
  C:1DA1H         LINE#         293
  -------         ENDPROC       _NVIC_UART3_INIT
  -------         PROC          _NVIC_UART4_INIT
  D:0007H         SYMBOL        State
  D:0005H         SYMBOL        Priority
  C:1DA2H         LINE#         303
  C:1DA2H         LINE#         304
  C:1DA2H         LINE#         305
  C:1DABH         LINE#         306
  C:1DB4H         LINE#         307
  C:1DC0H         LINE#         308
  C:1DE4H         LINE#         309
  C:1DE6H         LINE#         310
  -------         ENDPROC       _NVIC_UART4_INIT
  -------         PROC          _NVIC_SPI_INIT
  D:0007H         SYMBOL        State
  D:0005H         SYMBOL        Priority
  C:1DE7H         LINE#         320
  C:1DE7H         LINE#         321
  C:1DE7H         LINE#         322
  C:1DF0H         LINE#         323
  C:1DF9H         LINE#         324
  C:1E04H         LINE#         325
  C:1E28H         LINE#         326
  C:1E2AH         LINE#         327
  -------         ENDPROC       _NVIC_SPI_INIT
  -------         PROC          _NVIC_PWM_INIT
  D:0007H         SYMBOL        Channel
  D:0005H         SYMBOL        State
  D:0003H         SYMBOL        Priority
  C:1AA3H         LINE#         338
  C:1AA3H         LINE#         339
  C:1AA3H         LINE#         340
  C:1AACH         LINE#         341
  C:1AB5H         LINE#         342
  C:1ABDH         LINE#         343
  C:1ABDH         LINE#         344
  C:1ABDH         LINE#         345
  C:1AC2H         LINE#         346
  C:1AE8H         LINE#         347
  C:1AEAH         LINE#         349
  C:1AEAH         LINE#         350
  C:1AEFH         LINE#         351
  C:1B13H         LINE#         352
  C:1B15H         LINE#         354
  C:1B15H         LINE#         355
  C:1B1AH         LINE#         356
BL51 BANKED LINKER/LOCATER V6.22.4.0                                                  08/27/2026  20:20:10  PAGE 21


  C:1B1AH         LINE#         357
  C:1B1AH         LINE#         358
  C:1B1AH         LINE#         359
  C:1B1CH         LINE#         360
  -------         ENDPROC       _NVIC_PWM_INIT
  -------         PROC          _NVIC_RTC_INIT
  D:0007H         SYMBOL        State
  D:0005H         SYMBOL        Priority
  C:205CH         LINE#         370
  C:205CH         LINE#         371
  C:205CH         LINE#         372
  C:208BH         LINE#         373
  C:2090H         LINE#         374
  C:2092H         LINE#         375
  -------         ENDPROC       _NVIC_RTC_INIT
  -------         PROC          _NVIC_DMA_ADC_INIT
  D:0007H         SYMBOL        State
  D:0005H         SYMBOL        Priority
  D:0003H         SYMBOL        Bus_Priority
  C:2093H         LINE#         386
  C:2093H         LINE#         387
  C:2093H         LINE#         388
  C:209AH         LINE#         389
  C:20ABH         LINE#         390
  C:20B7H         LINE#         391
  C:20BEH         LINE#         392
  C:20C3H         LINE#         394
  C:20C6H         LINE#         395
  C:20C8H         LINE#         396
  -------         ENDPROC       _NVIC_DMA_ADC_INIT
  -------         PROC          _NVIC_DMA_M2M_INIT
  D:0007H         SYMBOL        State
  D:0005H         SYMBOL        Priority
  D:0003H         SYMBOL        Bus_Priority
  C:20C9H         LINE#         407
  C:20C9H         LINE#         408
  C:20C9H         LINE#         409
  C:20D0H         LINE#         410
  C:20E1H         LINE#         411
  C:20EDH         LINE#         412
  C:20F4H         LINE#         413
  C:20F9H         LINE#         415
  C:20FCH         LINE#         416
  C:20FEH         LINE#         417
  -------         ENDPROC       _NVIC_DMA_M2M_INIT
  -------         PROC          _NVIC_DMA_SPI_INIT
  D:0007H         SYMBOL        State
  D:0005H         SYMBOL        Priority
  D:0003H         SYMBOL        Bus_Priority
  C:20FFH         LINE#         428
  C:20FFH         LINE#         429
  C:20FFH         LINE#         430
  C:2106H         LINE#         431
  C:2117H         LINE#         432
  C:2123H         LINE#         433
  C:212AH         LINE#         434
  C:212FH         LINE#         436
BL51 BANKED LINKER/LOCATER V6.22.4.0                                                  08/27/2026  20:20:10  PAGE 22


  C:2132H         LINE#         437
  C:2134H         LINE#         438
  -------         ENDPROC       _NVIC_DMA_SPI_INIT
  -------         PROC          _NVIC_DMA_UART1_TX_INIT
  D:0007H         SYMBOL        State
  D:0005H         SYMBOL        Priority
  D:0003H         SYMBOL        Bus_Priority
  C:2135H         LINE#         449
  C:2135H         LINE#         450
  C:2135H         LINE#         451
  C:213CH         LINE#         452
  C:214DH         LINE#         453
  C:2159H         LINE#         454
  C:2160H         LINE#         455
  C:2165H         LINE#         457
  C:2168H         LINE#         458
  C:216AH         LINE#         459
  -------         ENDPROC       _NVIC_DMA_UART1_TX_INIT
  -------         PROC          _NVIC_DMA_UART1_RX_INIT
  D:0007H         SYMBOL        State
  D:0005H         SYMBOL        Priority
  D:0003H         SYMBOL        Bus_Priority
  C:216BH         LINE#         470
  C:216BH         LINE#         471
  C:216BH         LINE#         472
  C:2172H         LINE#         473
  C:2183H         LINE#         474
  C:218FH         LINE#         475
  C:2196H         LINE#         476
  C:219BH         LINE#         478
  C:219EH         LINE#         479
  C:21A0H         LINE#         480
  -------         ENDPROC       _NVIC_DMA_UART1_RX_INIT
  -------         PROC          _NVIC_DMA_UART2_TX_INIT
  D:0007H         SYMBOL        State
  D:0005H         SYMBOL        Priority
  D:0003H         SYMBOL        Bus_Priority
  C:21A1H         LINE#         491
  C:21A1H         LINE#         492
  C:21A1H         LINE#         493
  C:21A8H         LINE#         494
  C:21B9H         LINE#         495
  C:21C5H         LINE#         496
  C:21CCH         LINE#         497
  C:21D1H         LINE#         499
  C:21D4H         LINE#         500
  C:21D6H         LINE#         501
  -------         ENDPROC       _NVIC_DMA_UART2_TX_INIT
  -------         PROC          _NVIC_DMA_UART2_RX_INIT
  D:0007H         SYMBOL        State
  D:0005H         SYMBOL        Priority
  D:0003H         SYMBOL        Bus_Priority
  C:21D7H         LINE#         512
  C:21D7H         LINE#         513
  C:21D7H         LINE#         514
  C:21DEH         LINE#         515
  C:21EFH         LINE#         516
BL51 BANKED LINKER/LOCATER V6.22.4.0                                                  08/27/2026  20:20:10  PAGE 23


  C:21FBH         LINE#         517
  C:2202H         LINE#         518
  C:2207H         LINE#         520
  C:220AH         LINE#         521
  C:220CH         LINE#         522
  -------         ENDPROC       _NVIC_DMA_UART2_RX_INIT
  -------         PROC          _NVIC_DMA_UART3_TX_INIT
  D:0007H         SYMBOL        State
  D:0005H         SYMBOL        Priority
  D:0003H         SYMBOL        Bus_Priority
  C:220DH         LINE#         533
  C:220DH         LINE#         534
  C:220DH         LINE#         535
  C:2214H         LINE#         536
  C:2225H         LINE#         537
  C:2231H         LINE#         538
  C:2238H         LINE#         539
  C:223DH         LINE#         541
  C:2240H         LINE#         542
  C:2242H         LINE#         543
  -------         ENDPROC       _NVIC_DMA_UART3_TX_INIT
  -------         PROC          _NVIC_DMA_UART3_RX_INIT
  D:0007H         SYMBOL        State
  D:0005H         SYMBOL        Priority
  D:0003H         SYMBOL        Bus_Priority
  C:2243H         LINE#         554
  C:2243H         LINE#         555
  C:2243H         LINE#         556
  C:224AH         LINE#         557
  C:225BH         LINE#         558
  C:2267H         LINE#         559
  C:226EH         LINE#         560
  C:2273H         LINE#         562
  C:2276H         LINE#         563
  C:2278H         LINE#         564
  -------         ENDPROC       _NVIC_DMA_UART3_RX_INIT
  -------         PROC          _NVIC_DMA_UART4_TX_INIT
  D:0007H         SYMBOL        State
  D:0005H         SYMBOL        Priority
  D:0003H         SYMBOL        Bus_Priority
  C:2279H         LINE#         575
  C:2279H         LINE#         576
  C:2279H         LINE#         577
  C:2280H         LINE#         578
  C:2291H         LINE#         579
  C:229DH         LINE#         580
  C:22A4H         LINE#         581
  C:22A9H         LINE#         583
  C:22ACH         LINE#         584
  C:22AEH         LINE#         585
  -------         ENDPROC       _NVIC_DMA_UART4_TX_INIT
  -------         PROC          _NVIC_DMA_UART4_RX_INIT
  D:0007H         SYMBOL        State
  D:0005H         SYMBOL        Priority
  D:0003H         SYMBOL        Bus_Priority
  C:22AFH         LINE#         596
  C:22AFH         LINE#         597
BL51 BANKED LINKER/LOCATER V6.22.4.0                                                  08/27/2026  20:20:10  PAGE 24


  C:22AFH         LINE#         598
  C:22B6H         LINE#         599
  C:22C7H         LINE#         600
  C:22D3H         LINE#         601
  C:22DAH         LINE#         602
  C:22DFH         LINE#         604
  C:22E2H         LINE#         605
  C:22E4H         LINE#         606
  -------         ENDPROC       _NVIC_DMA_UART4_RX_INIT
  -------         PROC          _NVIC_DMA_LCM_INIT
  D:0007H         SYMBOL        State
  D:0005H         SYMBOL        Priority
  D:0003H         SYMBOL        Bus_Priority
  C:22E5H         LINE#         617
  C:22E5H         LINE#         618
  C:22E5H         LINE#         619
  C:22ECH         LINE#         620
  C:22FDH         LINE#         621
  C:2309H         LINE#         622
  C:2310H         LINE#         623
  C:2315H         LINE#         625
  C:2318H         LINE#         626
  C:231AH         LINE#         627
  -------         ENDPROC       _NVIC_DMA_LCM_INIT
  -------         PROC          _NVIC_LCM_INIT
  D:0007H         SYMBOL        State
  D:0005H         SYMBOL        Priority
  C:23A3H         LINE#         637
  C:23A3H         LINE#         638
  C:23A3H         LINE#         639
  C:23AAH         LINE#         640
  C:23BAH         LINE#         641
  C:23C1H         LINE#         642
  C:23C6H         LINE#         644
  C:23C9H         LINE#         645
  C:23CBH         LINE#         646
  -------         ENDPROC       _NVIC_LCM_INIT
  -------         ENDMOD        NVIC

  -------         MODULE        STC8H_PWM
  C:0000H         SYMBOL        _ICE_DUMMY_
  D:0080H         PUBLIC        P0
  D:0090H         PUBLIC        P1
  D:00A0H         PUBLIC        P2
  D:00B0H         PUBLIC        P3
  D:00C0H         PUBLIC        P4
  D:00C8H         PUBLIC        P5
  D:00E8H         PUBLIC        P6
  D:00F8H         PUBLIC        P7
  D:00A8H         PUBLIC        IE
  D:00B8H         PUBLIC        IP
  C:15ECH         PUBLIC        _UpdatePwm
  D:0098H         PUBLIC        SCON
  D:0088H         PUBLIC        TCON
  C:09C3H         PUBLIC        _PWM_Configuration
  D:00F0H         PUBLIC        B
  D:00E0H         PUBLIC        ACC
BL51 BANKED LINKER/LOCATER V6.22.4.0                                                  08/27/2026  20:20:10  PAGE 25


  D:00D0H         PUBLIC        PSW
  -------         PROC          _PWM_CONFIGURATION
  D:0005H         SYMBOL        PWM
  D:0001H         SYMBOL        PWMx
  C:09C3H         LINE#         22
  C:09C5H         LINE#         23
  C:09C5H         LINE#         24
  C:09CAH         LINE#         25
  C:09CAH         LINE#         26
  C:09D1H         LINE#         27
  C:09D5H         LINE#         28
  C:09DCH         LINE#         29
  C:09E8H         LINE#         31
  C:09F5H         LINE#         32
  C:09F5H         LINE#         33
  C:09F9H         LINE#         34
  C:0A00H         LINE#         35
  C:0A02H         LINE#         37
  C:0A02H         LINE#         38
  C:0A06H         LINE#         39
  C:0A0DH         LINE#         40
  C:0A0DH         LINE#         41
  C:0A14H         LINE#         42
  C:0A14H         LINE#         43
  C:0A18H         LINE#         44
  C:0A1FH         LINE#         45
  C:0A21H         LINE#         47
  C:0A21H         LINE#         48
  C:0A25H         LINE#         49
  C:0A2CH         LINE#         50
  C:0A2CH         LINE#         52
  C:0A41H         LINE#         54
  C:0A44H         LINE#         55
  C:0A44H         LINE#         57
  C:0A49H         LINE#         58
  C:0A49H         LINE#         59
  C:0A50H         LINE#         60
  C:0A54H         LINE#         61
  C:0A5BH         LINE#         62
  C:0A67H         LINE#         64
  C:0A74H         LINE#         65
  C:0A74H         LINE#         66
  C:0A78H         LINE#         67
  C:0A7FH         LINE#         68
  C:0A81H         LINE#         70
  C:0A81H         LINE#         71
  C:0A85H         LINE#         72
  C:0A8CH         LINE#         73
  C:0A8CH         LINE#         74
  C:0A93H         LINE#         75
  C:0A93H         LINE#         76
  C:0A97H         LINE#         77
  C:0A9EH         LINE#         78
  C:0AA0H         LINE#         80
  C:0AA0H         LINE#         81
  C:0AA4H         LINE#         82
  C:0AABH         LINE#         83
BL51 BANKED LINKER/LOCATER V6.22.4.0                                                  08/27/2026  20:20:10  PAGE 26


  C:0AABH         LINE#         85
  C:0AC0H         LINE#         87
  C:0AC3H         LINE#         88
  C:0AC3H         LINE#         90
  C:0AC8H         LINE#         91
  C:0AC8H         LINE#         92
  C:0ACFH         LINE#         93
  C:0AD3H         LINE#         94
  C:0ADAH         LINE#         95
  C:0AE6H         LINE#         97
  C:0AF3H         LINE#         98
  C:0AF3H         LINE#         99
  C:0AF7H         LINE#         100
  C:0AFEH         LINE#         101
  C:0B00H         LINE#         103
  C:0B00H         LINE#         104
  C:0B04H         LINE#         105
  C:0B0BH         LINE#         106
  C:0B0BH         LINE#         107
  C:0B12H         LINE#         108
  C:0B12H         LINE#         109
  C:0B16H         LINE#         110
  C:0B1DH         LINE#         111
  C:0B1FH         LINE#         113
  C:0B1FH         LINE#         114
  C:0B23H         LINE#         115
  C:0B2AH         LINE#         116
  C:0B2AH         LINE#         118
  C:0B3FH         LINE#         120
  C:0B42H         LINE#         121
  C:0B42H         LINE#         123
  C:0B47H         LINE#         124
  C:0B47H         LINE#         125
  C:0B4EH         LINE#         126
  C:0B52H         LINE#         127
  C:0B59H         LINE#         128
  C:0B65H         LINE#         130
  C:0B72H         LINE#         131
  C:0B72H         LINE#         132
  C:0B76H         LINE#         133
  C:0B7DH         LINE#         134
  C:0B7FH         LINE#         136
  C:0B7FH         LINE#         137
  C:0B83H         LINE#         138
  C:0B8AH         LINE#         139
  C:0B8AH         LINE#         140
  C:0B91H         LINE#         141
  C:0B91H         LINE#         142
  C:0B95H         LINE#         143
  C:0B9CH         LINE#         144
  C:0B9EH         LINE#         146
  C:0B9EH         LINE#         147
  C:0BA2H         LINE#         148
  C:0BA9H         LINE#         149
  C:0BA9H         LINE#         151
  C:0BBEH         LINE#         153
  C:0BC1H         LINE#         154
BL51 BANKED LINKER/LOCATER V6.22.4.0                                                  08/27/2026  20:20:10  PAGE 27


  C:0BC1H         LINE#         156
  C:0BC6H         LINE#         157
  C:0BC6H         LINE#         163
  C:0BD0H         LINE#         164
  C:0BE6H         LINE#         165
  C:0BFCH         LINE#         166
  C:0C12H         LINE#         168
  C:0C15H         LINE#         169
  C:0C15H         LINE#         171
  C:0C1AH         LINE#         172
  C:0C1AH         LINE#         173
  C:0C21H         LINE#         174
  C:0C28H         LINE#         175
  C:0C34H         LINE#         177
  C:0C40H         LINE#         178
  C:0C40H         LINE#         179
  C:0C44H         LINE#         180
  C:0C4BH         LINE#         181
  C:0C4DH         LINE#         183
  C:0C4DH         LINE#         184
  C:0C51H         LINE#         185
  C:0C58H         LINE#         186
  C:0C58H         LINE#         188
  C:0C6DH         LINE#         190
  C:0C70H         LINE#         191
  C:0C70H         LINE#         193
  C:0C75H         LINE#         194
  C:0C75H         LINE#         195
  C:0C7CH         LINE#         196
  C:0C83H         LINE#         197
  C:0C8FH         LINE#         199
  C:0C9BH         LINE#         200
  C:0C9BH         LINE#         201
  C:0C9FH         LINE#         202
  C:0CA6H         LINE#         203
  C:0CA8H         LINE#         205
  C:0CA8H         LINE#         206
  C:0CACH         LINE#         207
  C:0CB3H         LINE#         208
  C:0CB3H         LINE#         210
  C:0CC8H         LINE#         212
  C:0CCBH         LINE#         213
  C:0CCBH         LINE#         215
  C:0CD0H         LINE#         216
  C:0CD0H         LINE#         217
  C:0CD7H         LINE#         218
  C:0CDEH         LINE#         219
  C:0CEAH         LINE#         221
  C:0CF6H         LINE#         222
  C:0CF6H         LINE#         223
  C:0CFAH         LINE#         224
  C:0D01H         LINE#         225
  C:0D03H         LINE#         227
  C:0D03H         LINE#         228
  C:0D07H         LINE#         229
  C:0D0EH         LINE#         230
  C:0D0EH         LINE#         232
BL51 BANKED LINKER/LOCATER V6.22.4.0                                                  08/27/2026  20:20:10  PAGE 28


  C:0D23H         LINE#         234
  C:0D25H         LINE#         235
  C:0D25H         LINE#         237
  C:0D2AH         LINE#         238
  C:0D2AH         LINE#         239
  C:0D31H         LINE#         240
  C:0D38H         LINE#         241
  C:0D44H         LINE#         243
  C:0D50H         LINE#         244
  C:0D50H         LINE#         245
  C:0D54H         LINE#         246
  C:0D5BH         LINE#         247
  C:0D5DH         LINE#         249
  C:0D5DH         LINE#         250
  C:0D61H         LINE#         251
  C:0D68H         LINE#         252
  C:0D68H         LINE#         254
  C:0D7EH         LINE#         256
  C:0D81H         LINE#         257
  C:0D81H         LINE#         259
  C:0D86H         LINE#         260
  C:0D86H         LINE#         266
  C:0D90H         LINE#         267
  C:0DA3H         LINE#         268
  C:0DB9H         LINE#         269
  C:0DCFH         LINE#         271
  C:0DD2H         LINE#         272
  C:0DD2H         LINE#         274
  C:0DD4H         LINE#         275
  -------         ENDPROC       _PWM_CONFIGURATION
  -------         PROC          _UPDATEPWM
  D:0007H         SYMBOL        PWM
  D:0001H         SYMBOL        PWMx
  C:15ECH         LINE#         284
  C:15ECH         LINE#         285
  C:15ECH         LINE#         286
  C:162AH         LINE#         287
  C:162AH         LINE#         288
  C:162AH         LINE#         289
  C:1634H         LINE#         290
  C:1637H         LINE#         292
  C:1637H         LINE#         293
  C:1644H         LINE#         294
  C:1647H         LINE#         296
  C:1647H         LINE#         297
  C:1654H         LINE#         298
  C:1657H         LINE#         300
  C:1657H         LINE#         301
  C:1664H         LINE#         302
  C:1667H         LINE#         304
  C:1667H         LINE#         305
  C:1674H         LINE#         306
  C:1677H         LINE#         308
  C:1677H         LINE#         309
  C:1684H         LINE#         310
  C:1687H         LINE#         312
  C:1687H         LINE#         313
BL51 BANKED LINKER/LOCATER V6.22.4.0                                                  08/27/2026  20:20:10  PAGE 29


  C:1694H         LINE#         314
  C:1697H         LINE#         316
  C:1697H         LINE#         317
  C:16A4H         LINE#         318
  C:16A7H         LINE#         320
  C:16A7H         LINE#         321
  C:16B7H         LINE#         322
  C:16CAH         LINE#         323
  C:16DDH         LINE#         324
  C:16EAH         LINE#         325
  C:16ECH         LINE#         327
  C:16ECH         LINE#         328
  C:16FFH         LINE#         329
  C:1712H         LINE#         330
  C:1725H         LINE#         331
  C:1738H         LINE#         332
  C:1738H         LINE#         333
  C:1738H         LINE#         334
  -------         ENDPROC       _UPDATEPWM
  -------         ENDMOD        STC8H_PWM

  -------         MODULE        STC8H_PWM_ISR
  C:0000H         SYMBOL        _ICE_DUMMY_
  D:0080H         PUBLIC        P0
  D:0090H         PUBLIC        P1
  D:00A0H         PUBLIC        P2
  D:00B0H         PUBLIC        P3
  D:00C0H         PUBLIC        P4
  D:00C8H         PUBLIC        P5
  D:00E8H         PUBLIC        P6
  D:00F8H         PUBLIC        P7
  D:00A8H         PUBLIC        IE
  D:00B8H         PUBLIC        IP
  D:0098H         PUBLIC        SCON
  D:0088H         PUBLIC        TCON
  D:00F0H         PUBLIC        B
  D:00E0H         PUBLIC        ACC
  D:00D0H         PUBLIC        PSW
  -------         ENDMOD        STC8H_PWM_ISR

  -------         MODULE        TIMER
  C:0000H         SYMBOL        _ICE_DUMMY_
  D:0080H         PUBLIC        P0
  D:0090H         PUBLIC        P1
  D:00A0H         PUBLIC        P2
  D:00B0H         PUBLIC        P3
  D:00C0H         PUBLIC        P4
  D:00C8H         PUBLIC        P5
  D:00E8H         PUBLIC        P6
  D:00F8H         PUBLIC        P7
  D:00A8H         PUBLIC        IE
  D:008FH         PUBLIC        INTCLKO
  D:00B8H         PUBLIC        IP
  D:0098H         PUBLIC        SCON
  D:0089H         PUBLIC        TMOD
  D:0088H         PUBLIC        TCON
  C:1131H         PUBLIC        _Timer_Inilize
BL51 BANKED LINKER/LOCATER V6.22.4.0                                                  08/27/2026  20:20:10  PAGE 30


  D:00F0H         PUBLIC        B
  D:008EH         PUBLIC        AUXR
  D:00E0H         PUBLIC        ACC
  D:008CH         PUBLIC        TH0
  D:008DH         PUBLIC        TH1
  D:00D6H         PUBLIC        T2H
  D:00D4H         PUBLIC        T3H
  D:00D2H         PUBLIC        T4H
  D:008AH         PUBLIC        TL0
  D:008BH         PUBLIC        TL1
  D:00D7H         PUBLIC        T2L
  D:00D5H         PUBLIC        T3L
  D:00D3H         PUBLIC        T4L
  B:0088H.4       PUBLIC        TR0
  B:0088H.6       PUBLIC        TR1
  D:00D1H         PUBLIC        T4T3M
  D:00D0H         PUBLIC        PSW
  -------         PROC          _TIMER_INILIZE
  D:0005H         SYMBOL        TIM
  D:0001H         SYMBOL        TIMx
  C:1131H         LINE#         22
  C:1133H         LINE#         23
  C:1133H         LINE#         24
  C:1136H         LINE#         25
  C:1136H         LINE#         26
  C:1138H         LINE#         27
  C:1144H         LINE#         28
  C:114BH         LINE#         29
  C:115AH         LINE#         30
  C:117EH         LINE#         31
  C:118CH         LINE#         32
  C:119EH         LINE#         33
  C:11ACH         LINE#         34
  C:11AFH         LINE#         35
  C:11AFH         LINE#         37
  C:11B7H         LINE#         38
  C:11B7H         LINE#         39
  C:11B9H         LINE#         40
  C:11C5H         LINE#         41
  C:11D1H         LINE#         42
  C:11E0H         LINE#         43
  C:1204H         LINE#         44
  C:1214H         LINE#         45
  C:1226H         LINE#         46
  C:1234H         LINE#         47
  C:1237H         LINE#         48
  C:1237H         LINE#         50
  C:123CH         LINE#         51
  C:123CH         LINE#         52
  C:123FH         LINE#         53
  C:125FH         LINE#         54
  C:1271H         LINE#         56
  C:1283H         LINE#         57
  C:128DH         LINE#         58
  C:129EH         LINE#         59
  C:12A1H         LINE#         60
  C:12A1H         LINE#         62
BL51 BANKED LINKER/LOCATER V6.22.4.0                                                  08/27/2026  20:20:10  PAGE 31


  C:12A6H         LINE#         63
  C:12A6H         LINE#         64
  C:12A9H         LINE#         65
  C:12B8H         LINE#         66
  C:12DCH         LINE#         67
  C:12EAH         LINE#         69
  C:12FCH         LINE#         70
  C:1306H         LINE#         71
  C:1316H         LINE#         72
  C:1318H         LINE#         73
  C:1318H         LINE#         75
  C:131DH         LINE#         76
  C:131DH         LINE#         77
  C:1320H         LINE#         78
  C:132FH         LINE#         79
  C:1353H         LINE#         80
  C:1364H         LINE#         82
  C:1374H         LINE#         83
  C:137EH         LINE#         84
  C:1392H         LINE#         85
  C:1395H         LINE#         86
  C:1395H         LINE#         87
  C:1397H         LINE#         88
  -------         ENDPROC       _TIMER_INILIZE
  -------         ENDMOD        TIMER

  -------         MODULE        TIMER_ISR
  C:0000H         SYMBOL        _ICE_DUMMY_
  D:0080H         PUBLIC        P0
  D:0090H         PUBLIC        P1
  D:00A0H         PUBLIC        P2
  D:00B0H         PUBLIC        P3
  D:00C0H         PUBLIC        P4
  D:00C8H         PUBLIC        P5
  D:00E8H         PUBLIC        P6
  D:00F8H         PUBLIC        P7
  D:00A8H         PUBLIC        IE
  D:00B8H         PUBLIC        IP
  C:0060H         PUBLIC        Timer0_ISR_Handler
  C:008EH         PUBLIC        Timer1_ISR_Handler
  C:0096H         PUBLIC        Timer2_ISR_Handler
  C:009EH         PUBLIC        Timer3_ISR_Handler
  C:00BFH         PUBLIC        Timer4_ISR_Handler
  D:0098H         PUBLIC        SCON
  D:0088H         PUBLIC        TCON
  B:00E8H.3       PUBLIC        P63
  B:00E8H.4       PUBLIC        P64
  B:00E8H.5       PUBLIC        P65
  B:00E8H.6       PUBLIC        P66
  B:00E8H.7       PUBLIC        P67
  D:00F0H         PUBLIC        B
  D:00E0H         PUBLIC        ACC
  D:00D0H         PUBLIC        PSW
  -------         PROC          TIMER0_ISR_HANDLER
  C:0060H         LINE#         22
  C:0060H         LINE#         25
  C:0062H         LINE#         26
BL51 BANKED LINKER/LOCATER V6.22.4.0                                                  08/27/2026  20:20:10  PAGE 32


  -------         ENDPROC       TIMER0_ISR_HANDLER
  -------         PROC          TIMER1_ISR_HANDLER
  C:008EH         LINE#         35
  C:008EH         LINE#         38
  C:0090H         LINE#         39
  -------         ENDPROC       TIMER1_ISR_HANDLER
  -------         PROC          TIMER2_ISR_HANDLER
  C:0096H         LINE#         48
  C:0096H         LINE#         51
  C:0098H         LINE#         52
  -------         ENDPROC       TIMER2_ISR_HANDLER
  -------         PROC          TIMER3_ISR_HANDLER
  C:009EH         LINE#         61
  C:009EH         LINE#         64
  C:00A0H         LINE#         65
  -------         ENDPROC       TIMER3_ISR_HANDLER
  -------         PROC          TIMER4_ISR_HANDLER
  C:00BFH         LINE#         74
  C:00BFH         LINE#         77
  C:00C1H         LINE#         78
  -------         ENDPROC       TIMER4_ISR_HANDLER
  -------         ENDMOD        TIMER_ISR

  -------         MODULE        UART
  C:0000H         SYMBOL        _ICE_DUMMY_
  C:00C6H         PUBLIC        _UART_Configuration
  D:0080H         PUBLIC        P0
  D:0090H         PUBLIC        P1
  D:00A0H         PUBLIC        P2
  D:00B0H         PUBLIC        P3
  D:00C0H         PUBLIC        P4
  D:00C8H         PUBLIC        P5
  D:00E8H         PUBLIC        P6
  D:00F8H         PUBLIC        P7
  D:00A8H         PUBLIC        IE
  D:0008H         PUBLIC        COM1
  D:000DH         PUBLIC        COM2
  D:0012H         PUBLIC        COM3
  D:0017H         PUBLIC        COM4
  D:008FH         PUBLIC        INTCLKO
  D:00B8H         PUBLIC        IP
  X:0000H         PUBLIC        RX1_Buffer
  X:0080H         PUBLIC        RX2_Buffer
  X:0100H         PUBLIC        RX3_Buffer
  X:0140H         PUBLIC        TX1_Buffer
  X:01C0H         PUBLIC        RX4_Buffer
  X:01E0H         PUBLIC        TX2_Buffer
  X:0260H         PUBLIC        TX3_Buffer
  X:02A0H         PUBLIC        TX4_Buffer
  D:0099H         PUBLIC        SBUF
  D:0087H         PUBLIC        PCON
  D:0098H         PUBLIC        SCON
  D:0089H         PUBLIC        TMOD
  D:0088H         PUBLIC        TCON
  C:002EH         PUBLIC        _PrintString1
  C:244BH         PUBLIC        _PrintString2
  C:245EH         PUBLIC        _PrintString3
BL51 BANKED LINKER/LOCATER V6.22.4.0                                                  08/27/2026  20:20:10  PAGE 33


  C:2471H         PUBLIC        _PrintString4
  D:00AFH         PUBLIC        IE2
  D:00F0H         PUBLIC        B
  D:008EH         PUBLIC        AUXR
  C:252FH         PUBLIC        _TX1_write2buff
  C:2539H         PUBLIC        _TX2_write2buff
  C:2543H         PUBLIC        _TX3_write2buff
  D:00E0H         PUBLIC        ACC
  C:254DH         PUBLIC        _TX4_write2buff
  B:00A8H.3       PUBLIC        ET1
  D:008DH         PUBLIC        TH1
  D:00D6H         PUBLIC        T2H
  D:00D4H         PUBLIC        T3H
  D:00D2H         PUBLIC        T4H
  D:008BH         PUBLIC        TL1
  D:00D7H         PUBLIC        T2L
  D:00D5H         PUBLIC        T3L
  D:00D3H         PUBLIC        T4L
  B:0088H.6       PUBLIC        TR1
  D:00D1H         PUBLIC        T4T3M
  D:009BH         PUBLIC        S2BUF
  D:00ADH         PUBLIC        S3BUF
  B:0098H.4       PUBLIC        REN
  D:0085H         PUBLIC        S4BUF
  D:009AH         PUBLIC        S2CON
  D:00ACH         PUBLIC        S3CON
  D:0084H         PUBLIC        S4CON
  D:00D0H         PUBLIC        PSW
  C:001EH         PUBLIC        _putchar
  -------         PROC          _UART_CONFIGURATION
  D:0033H         SYMBOL        UARTx
  D:0034H         SYMBOL        COMx
  -------         DO            
  D:0037H         SYMBOL        i
  D:0039H         SYMBOL        j
  -------         ENDDO         
  C:00C6H         LINE#         47
  C:00CEH         LINE#         48
  C:00CEH         LINE#         58
  C:00D7H         LINE#         59
  C:00D7H         LINE#         60
  C:00D9H         LINE#         61
  C:00DBH         LINE#         62
  C:00DDH         LINE#         63
  C:00DFH         LINE#         64
  C:00E1H         LINE#         66
  C:0101H         LINE#         67
  C:0122H         LINE#         69
  C:0133H         LINE#         70
  C:0140H         LINE#         71
  C:0140H         LINE#         72
  C:0159H         LINE#         73
  C:0170H         LINE#         74
  C:0186H         LINE#         75
  C:0197H         LINE#         76
  C:0197H         LINE#         77
  C:0199H         LINE#         78
BL51 BANKED LINKER/LOCATER V6.22.4.0                                                  08/27/2026  20:20:10  PAGE 34


  C:019CH         LINE#         79
  C:019FH         LINE#         80
  C:01A2H         LINE#         81
  C:01A5H         LINE#         82
  C:01B4H         LINE#         83
  C:01B7H         LINE#         84
  C:01B9H         LINE#         85
  C:01BCH         LINE#         86
  C:01BFH         LINE#         87
  C:01C1H         LINE#         88
  C:01C3H         LINE#         89
  C:01C8H         LINE#         90
  C:01C8H         LINE#         91
  C:01CBH         LINE#         92
  C:01CEH         LINE#         93
  C:01D1H         LINE#         94
  C:01D4H         LINE#         95
  C:01E3H         LINE#         96
  C:01E6H         LINE#         97
  C:01E9H         LINE#         98
  C:01ECH         LINE#         99
  C:01EEH         LINE#         100
  C:01F1H         LINE#         101
  C:01F1H         LINE#         102
  C:01FDH         LINE#         103
  C:01FDH         LINE#         104
  C:020BH         LINE#         105
  C:020EH         LINE#         106
  C:0210H         LINE#         107
  C:0214H         LINE#         108
  C:0214H         LINE#         109
  C:0222H         LINE#         110
  C:0225H         LINE#         111
  C:0225H         LINE#         112
  C:0239H         LINE#         114
  C:023CH         LINE#         115
  C:023CH         LINE#         118
  C:0245H         LINE#         119
  C:0245H         LINE#         120
  C:0247H         LINE#         121
  C:0249H         LINE#         122
  C:024BH         LINE#         123
  C:024DH         LINE#         124
  C:024FH         LINE#         126
  C:026FH         LINE#         127
  C:0290H         LINE#         129
  C:02A3H         LINE#         130
  C:02A3H         LINE#         131
  C:02ACH         LINE#         132
  C:02AFH         LINE#         133
  C:02C8H         LINE#         134
  C:02DFH         LINE#         135
  C:02F5H         LINE#         136
  C:02F8H         LINE#         137
  C:02FBH         LINE#         138
  C:02FEH         LINE#         139
  C:030DH         LINE#         140
BL51 BANKED LINKER/LOCATER V6.22.4.0                                                  08/27/2026  20:20:10  PAGE 35


  C:0310H         LINE#         141
  C:0313H         LINE#         142
  C:0316H         LINE#         143
  C:0318H         LINE#         144
  C:031BH         LINE#         145
  C:0332H         LINE#         147
  C:0335H         LINE#         148
  C:0335H         LINE#         151
  C:033EH         LINE#         152
  C:033EH         LINE#         153
  C:0340H         LINE#         154
  C:0342H         LINE#         155
  C:0344H         LINE#         156
  C:0346H         LINE#         157
  C:0348H         LINE#         158
  C:0368H         LINE#         159
  C:0389H         LINE#         161
  C:039FH         LINE#         162
  C:039FH         LINE#         163
  C:03A8H         LINE#         164
  C:03ABH         LINE#         165
  C:03C4H         LINE#         166
  C:03DBH         LINE#         167
  C:03F1H         LINE#         168
  C:0401H         LINE#         169
  C:0401H         LINE#         170
  C:0404H         LINE#         171
  C:0413H         LINE#         172
  C:0416H         LINE#         173
  C:0419H         LINE#         174
  C:041CH         LINE#         175
  C:041EH         LINE#         176
  C:0423H         LINE#         177
  C:0423H         LINE#         178
  C:0426H         LINE#         179
  C:0429H         LINE#         180
  C:042CH         LINE#         181
  C:042FH         LINE#         182
  C:043EH         LINE#         183
  C:0441H         LINE#         184
  C:0444H         LINE#         185
  C:0447H         LINE#         186
  C:0449H         LINE#         187
  C:044CH         LINE#         188
  C:044CH         LINE#         189
  C:044FH         LINE#         190
  C:0466H         LINE#         192
  C:0469H         LINE#         193
  C:0469H         LINE#         196
  C:0472H         LINE#         197
  C:0472H         LINE#         198
  C:0474H         LINE#         199
  C:0476H         LINE#         200
  C:0478H         LINE#         201
  C:047AH         LINE#         202
  C:047CH         LINE#         203
  C:049CH         LINE#         204
BL51 BANKED LINKER/LOCATER V6.22.4.0                                                  08/27/2026  20:20:10  PAGE 36


  C:04BDH         LINE#         206
  C:04D3H         LINE#         207
  C:04D3H         LINE#         208
  C:04DCH         LINE#         209
  C:04DFH         LINE#         210
  C:04F8H         LINE#         211
  C:050FH         LINE#         212
  C:0525H         LINE#         213
  C:0535H         LINE#         214
  C:0535H         LINE#         215
  C:0538H         LINE#         216
  C:0547H         LINE#         217
  C:054AH         LINE#         218
  C:054DH         LINE#         219
  C:0550H         LINE#         220
  C:0552H         LINE#         221
  C:0557H         LINE#         222
  C:0557H         LINE#         223
  C:055AH         LINE#         224
  C:055DH         LINE#         225
  C:0560H         LINE#         226
  C:0563H         LINE#         227
  C:0572H         LINE#         228
  C:0575H         LINE#         229
  C:0578H         LINE#         230
  C:057BH         LINE#         231
  C:057DH         LINE#         232
  C:0580H         LINE#         233
  C:0580H         LINE#         234
  C:0583H         LINE#         235
  C:059AH         LINE#         237
  C:059DH         LINE#         238
  C:059DH         LINE#         240
  C:059FH         LINE#         241
  -------         ENDPROC       _UART_CONFIGURATION
  -------         PROC          _TX1_WRITE2BUFF
  D:0007H         SYMBOL        dat
  C:252FH         LINE#         247
  C:252FH         LINE#         248
  C:252FH         LINE#         260
  C:2531H         LINE#         261
  C:2534H         LINE#         262
  C:2538H         LINE#         264
  -------         ENDPROC       _TX1_WRITE2BUFF
  -------         PROC          _PRINTSTRING1
  D:0001H         SYMBOL        puts
  C:002EH         LINE#         266
  C:002EH         LINE#         267
  C:002EH         LINE#         268
  C:0040H         LINE#         269
  -------         ENDPROC       _PRINTSTRING1
  -------         PROC          _TX2_WRITE2BUFF
  D:0007H         SYMBOL        dat
  C:2539H         LINE#         275
  C:2539H         LINE#         276
  C:2539H         LINE#         288
  C:253BH         LINE#         289
BL51 BANKED LINKER/LOCATER V6.22.4.0                                                  08/27/2026  20:20:10  PAGE 37


  C:253EH         LINE#         290
  C:2542H         LINE#         292
  -------         ENDPROC       _TX2_WRITE2BUFF
  -------         PROC          _PRINTSTRING2
  D:0001H         SYMBOL        puts
  C:244BH         LINE#         294
  C:244BH         LINE#         295
  C:244BH         LINE#         296
  C:245DH         LINE#         297
  -------         ENDPROC       _PRINTSTRING2
  -------         PROC          _TX3_WRITE2BUFF
  D:0007H         SYMBOL        dat
  C:2543H         LINE#         303
  C:2543H         LINE#         304
  C:2543H         LINE#         316
  C:2545H         LINE#         317
  C:2548H         LINE#         318
  C:254CH         LINE#         320
  -------         ENDPROC       _TX3_WRITE2BUFF
  -------         PROC          _PRINTSTRING3
  D:0001H         SYMBOL        puts
  C:245EH         LINE#         322
  C:245EH         LINE#         323
  C:245EH         LINE#         324
  C:2470H         LINE#         325
  -------         ENDPROC       _PRINTSTRING3
  -------         PROC          _TX4_WRITE2BUFF
  D:0007H         SYMBOL        dat
  C:254DH         LINE#         331
  C:254DH         LINE#         332
  C:254DH         LINE#         344
  C:254FH         LINE#         345
  C:2552H         LINE#         346
  C:2556H         LINE#         348
  -------         ENDPROC       _TX4_WRITE2BUFF
  -------         PROC          _PRINTSTRING4
  D:0001H         SYMBOL        puts
  C:2471H         LINE#         350
  C:2471H         LINE#         351
  C:2471H         LINE#         352
  C:2483H         LINE#         353
  -------         ENDPROC       _PRINTSTRING4
  -------         PROC          _PUTCHAR
  D:0006H         SYMBOL        c
  C:001EH         LINE#         376
  C:0020H         LINE#         377
  C:0020H         LINE#         378
  -------         ENDPROC       _PUTCHAR
  -------         ENDMOD        UART

  -------         MODULE        UART_ISR
  C:0000H         SYMBOL        _ICE_DUMMY_
  D:0080H         PUBLIC        P0
  D:0090H         PUBLIC        P1
  D:00A0H         PUBLIC        P2
  D:00B0H         PUBLIC        P3
  D:00C0H         PUBLIC        P4
BL51 BANKED LINKER/LOCATER V6.22.4.0                                                  08/27/2026  20:20:10  PAGE 38


  D:00C8H         PUBLIC        P5
  D:00E8H         PUBLIC        P6
  D:00F8H         PUBLIC        P7
  D:00A8H         PUBLIC        IE
  D:00B8H         PUBLIC        IP
  B:0098H.0       PUBLIC        RI
  B:0098H.1       PUBLIC        TI
  D:0099H         PUBLIC        SBUF
  D:0098H         PUBLIC        SCON
  D:0088H         PUBLIC        TCON
  D:00F0H         PUBLIC        B
  D:00E0H         PUBLIC        ACC
  C:1E2BH         PUBLIC        UART1_ISR_Handler
  C:1C38H         PUBLIC        UART2_ISR_Handler
  C:1C81H         PUBLIC        UART3_ISR_Handler
  D:009BH         PUBLIC        S2BUF
  C:1CCAH         PUBLIC        UART4_ISR_Handler
  D:00ADH         PUBLIC        S3BUF
  D:0085H         PUBLIC        S4BUF
  D:009AH         PUBLIC        S2CON
  D:00ACH         PUBLIC        S3CON
  D:0084H         PUBLIC        S4CON
  D:00D0H         PUBLIC        PSW
  -------         PROC          UART1_ISR_HANDLER
  C:1E2BH         LINE#         23
  C:1E38H         LINE#         25
  C:1E3BH         LINE#         26
  C:1E3BH         LINE#         27
  C:1E3DH         LINE#         29
  C:1E47H         LINE#         30
  C:1E58H         LINE#         31
  C:1E5BH         LINE#         32
  C:1E5BH         LINE#         34
  C:1E5EH         LINE#         35
  C:1E5EH         LINE#         36
  C:1E60H         LINE#         46
  C:1E63H         LINE#         48
  C:1E63H         LINE#         49
  -------         ENDPROC       UART1_ISR_HANDLER
  -------         PROC          UART2_ISR_HANDLER
  C:1C38H         LINE#         60
  C:1C45H         LINE#         62
  C:1C4AH         LINE#         63
  C:1C4AH         LINE#         64
  C:1C4DH         LINE#         67
  C:1C57H         LINE#         68
  C:1C68H         LINE#         69
  C:1C6BH         LINE#         70
  C:1C6BH         LINE#         72
  C:1C70H         LINE#         73
  C:1C70H         LINE#         74
  C:1C73H         LINE#         84
  C:1C76H         LINE#         86
  C:1C76H         LINE#         87
  -------         ENDPROC       UART2_ISR_HANDLER
  -------         PROC          UART3_ISR_HANDLER
  C:1C81H         LINE#         98
BL51 BANKED LINKER/LOCATER V6.22.4.0                                                  08/27/2026  20:20:10  PAGE 39


  C:1C8EH         LINE#         100
  C:1C93H         LINE#         101
  C:1C93H         LINE#         102
  C:1C96H         LINE#         104
  C:1CA0H         LINE#         105
  C:1CB1H         LINE#         106
  C:1CB4H         LINE#         107
  C:1CB4H         LINE#         109
  C:1CB9H         LINE#         110
  C:1CB9H         LINE#         111
  C:1CBCH         LINE#         121
  C:1CBFH         LINE#         123
  C:1CBFH         LINE#         124
  -------         ENDPROC       UART3_ISR_HANDLER
  -------         PROC          UART4_ISR_HANDLER
  C:1CCAH         LINE#         135
  C:1CD7H         LINE#         137
  C:1CDCH         LINE#         138
  C:1CDCH         LINE#         139
  C:1CDFH         LINE#         141
  C:1CE9H         LINE#         142
  C:1CFAH         LINE#         143
  C:1CFDH         LINE#         144
  C:1CFDH         LINE#         146
  C:1D02H         LINE#         147
  C:1D02H         LINE#         148
  C:1D05H         LINE#         158
  C:1D08H         LINE#         160
  C:1D08H         LINE#         161
  -------         ENDPROC       UART4_ISR_HANDLER
  -------         ENDMOD        UART_ISR

  -------         MODULE        PCF8563
  C:0000H         SYMBOL        _ICE_DUMMY_
  D:0080H         PUBLIC        P0
  D:0090H         PUBLIC        P1
  D:00A0H         PUBLIC        P2
  D:00B0H         PUBLIC        P3
  D:00C0H         PUBLIC        P4
  D:00C8H         PUBLIC        P5
  D:00E8H         PUBLIC        P6
  D:00F8H         PUBLIC        P7
  C:2484H         SYMBOL        GPIO_config
  D:00BAH         PUBLIC        P_SW2
  D:00A8H         PUBLIC        IE
  C:0066H         PUBLIC        I2C_config
  D:00B8H         PUBLIC        IP
  C:1739H         PUBLIC        _PCF8563_get_Clock
  C:180FH         PUBLIC        PCF8563_set_Clock
  D:0098H         PUBLIC        SCON
  D:0088H         PUBLIC        TCON
  D:00F0H         PUBLIC        B
  C:24FEH         SYMBOL        _?ix1000
  C:2505H         SYMBOL        _?ix1001
  D:00E0H         PUBLIC        ACC
  C:2569H         PUBLIC        PCF8563_init
  D:00D0H         PUBLIC        PSW
BL51 BANKED LINKER/LOCATER V6.22.4.0                                                  08/27/2026  20:20:10  PAGE 40


  -------         PROC          GPIO_CONFIG
  -------         DO            
  D:002AH         SYMBOL        GPIO_InitStructure
  -------         ENDDO         
  C:2484H         LINE#         3
  C:2484H         LINE#         5
  C:2487H         LINE#         6
  C:248AH         LINE#         7
  -------         ENDPROC       GPIO_CONFIG
  -------         PROC          I2C_CONFIG
  -------         DO            
  D:002AH         SYMBOL        I2C_InitStructure
  -------         ENDDO         
  C:0066H         LINE#         11
  C:0066H         LINE#         12
  C:0066H         LINE#         15
  C:0069H         LINE#         16
  C:006CH         LINE#         17
  C:006FH         LINE#         18
  C:0072H         LINE#         26
  C:007AH         LINE#         28
  C:0082H         LINE#         31
  C:008AH         LINE#         32
  -------         ENDPROC       I2C_CONFIG
  -------         PROC          PCF8563_INIT
  C:2569H         LINE#         34
  C:2569H         LINE#         35
  C:256CH         LINE#         36
  C:256FH         LINE#         37
  -------         ENDPROC       PCF8563_INIT
  -------         PROC          PCF8563_SET_CLOCK
  D:002AH         SYMBOL        c
  -------         DO            
  D:0032H         SYMBOL        p
  D:0007H         SYMBOL        C
  -------         ENDDO         
  C:180FH         LINE#         40
  C:180FH         LINE#         41
  C:1822H         LINE#         44
  C:1837H         LINE#         45
  C:184CH         LINE#         46
  C:1861H         LINE#         47
  C:1876H         LINE#         48
  C:1879H         LINE#         50
  C:188AH         LINE#         52
  C:18A8H         LINE#         53
  C:18D4H         LINE#         55
  -------         ENDPROC       PCF8563_SET_CLOCK
  -------         PROC          _PCF8563_GET_CLOCK
  D:002AH         SYMBOL        c
  -------         DO            
  D:002DH         SYMBOL        p
  D:0007H         SYMBOL        C
  -------         ENDDO         
  C:1739H         LINE#         58
  C:173FH         LINE#         59
  C:1752H         LINE#         62
BL51 BANKED LINKER/LOCATER V6.22.4.0                                                  08/27/2026  20:20:10  PAGE 41


  C:1762H         LINE#         64
  C:177DH         LINE#         65
  C:1792H         LINE#         66
  C:17A7H         LINE#         67
  C:17BCH         LINE#         68
  C:17C4H         LINE#         69
  C:17D9H         LINE#         70
  C:17F3H         LINE#         72
  C:17F7H         LINE#         74
  -------         ENDPROC       _PCF8563_GET_CLOCK
  -------         ENDMOD        PCF8563

  -------         MODULE        ?C?COPY
  C:0670H         PUBLIC        ?C?COPY
  -------         ENDMOD        ?C?COPY

  -------         MODULE        ?C?CLDPTR
  C:0696H         PUBLIC        ?C?CLDPTR
  -------         ENDMOD        ?C?CLDPTR

  -------         MODULE        ?C?CLDOPTR
  C:06AFH         PUBLIC        ?C?CLDOPTR
  -------         ENDMOD        ?C?CLDOPTR

  -------         MODULE        ?C?CSTPTR
  C:06DCH         PUBLIC        ?C?CSTPTR
  -------         ENDMOD        ?C?CSTPTR

  -------         MODULE        ?C?CSTOPTR
  C:06EEH         PUBLIC        ?C?CSTOPTR
  -------         ENDMOD        ?C?CSTOPTR

  -------         MODULE        ?C?UIDIV
  C:0710H         PUBLIC        ?C?UIDIV
  -------         ENDMOD        ?C?UIDIV

  -------         MODULE        ?C?ILDPTR
  C:0765H         PUBLIC        ?C?ILDPTR
  -------         ENDMOD        ?C?ILDPTR

  -------         MODULE        ?C?ILDOPTR
  C:0790H         PUBLIC        ?C?ILDOPTR
  -------         ENDMOD        ?C?ILDOPTR

  -------         MODULE        ?C?IILDPTR
  C:07C8H         PUBLIC        ?C?IILDPTR
  -------         ENDMOD        ?C?IILDPTR

  -------         MODULE        ?C?ISTPTR
  C:0800H         PUBLIC        ?C?ISTPTR
  -------         ENDMOD        ?C?ISTPTR

  -------         MODULE        ?C?ULDIV
  C:085BH         PUBLIC        ?C?ULDIV
  -------         ENDMOD        ?C?ULDIV

  -------         MODULE        ?C?ULCMP
BL51 BANKED LINKER/LOCATER V6.22.4.0                                                  08/27/2026  20:20:10  PAGE 42


  C:08EDH         PUBLIC        ?C?ULCMP
  -------         ENDMOD        ?C?ULCMP

  -------         MODULE        ?C?ULSHR
  C:08FEH         PUBLIC        ?C?ULSHR
  -------         ENDMOD        ?C?ULSHR

  -------         MODULE        ?C?LLDOPTR0
  C:0911H         PUBLIC        ?C?LLDOPTR0
  -------         ENDMOD        ?C?LLDOPTR0

  -------         MODULE        PRINTF
  D:002AH         PUBLIC        ?_PRINTF517?BYTE
  D:002AH         PUBLIC        ?_PRINTF?BYTE
  D:002AH         PUBLIC        ?_SPRINTF517?BYTE
  D:002AH         PUBLIC        ?_SPRINTF?BYTE
  C:0E37H         PUBLIC        _PRINTF
  C:0E37H         PUBLIC        _PRINTF517
  C:0E31H         PUBLIC        _SPRINTF
  C:0E31H         PUBLIC        _SPRINTF517
  -------         ENDMOD        PRINTF

  -------         MODULE        ?C?IILDX
  C:0941H         PUBLIC        ?C?IILDX
  -------         ENDMOD        ?C?IILDX

  -------         MODULE        ?C?LLDIDATA0
  C:0957H         PUBLIC        ?C?LLDIDATA0
  -------         ENDMOD        ?C?LLDIDATA0

  -------         MODULE        ?C?LLDXDATA0
  C:0964H         PUBLIC        ?C?LLDXDATA0
  -------         ENDMOD        ?C?LLDXDATA0

  -------         MODULE        ?C?LLDPDATA0
  C:0970H         PUBLIC        ?C?LLDPDATA0
  -------         ENDMOD        ?C?LLDPDATA0

  -------         MODULE        ?C?LLDCODE0
  C:097DH         PUBLIC        ?C?LLDCODE0
  -------         ENDMOD        ?C?LLDCODE0

  -------         MODULE        ?C?PLDIIDATA
  C:098DH         PUBLIC        ?C?PLDIIDATA
  -------         ENDMOD        ?C?PLDIIDATA

  -------         MODULE        ?C?CCASE
  C:099DH         PUBLIC        ?C?CCASE
  -------         ENDMOD        ?C?CCASE

Program Size: data=64.2 xdata=712 code=9576
LINK/LOCATE RUN COMPLETE.  0 WARNING(S),  0 ERROR(S)
