C51 COMPILER V9.60.7.0   MAIN                                                              08/26/2026 23:55:08 PAGE 1   


C51 COMPILER V9.60.7.0, COMPILATION OF MODULE MAIN
OBJECT MODULE PLACED IN .\Objects\main.obj
COMPILER INVOKED BY: D:\Develop\Keil_v5\C51\BIN\C51.EXE main.c OPTIMIZE(8,SPEED) BROWSE DEBUG OBJECTEXTEND PRINT(.\Listi
                    -ngs\main.lst) OBJECT(.\Objects\main.obj)

line level    source

   1          #include "Config.h"
   2          #include "GPIO.h"
   3          #include "UART.h"
   4          #include "NVIC.h"
   5          #include "Switch.h"
   6          #include "Timer.h"
   7          #include "Delay.h"
   8          #include "ADC.h"
   9          #include "STC8H_PWM.h"
  10          #include "I2C.h"
  11          
  12          /*************************************************************************************
  13          RTC时钟
  14          
  15          1. 通过I2C外设(协议)读取PCF8563芯片数据(16字节)
  16              - 开启扩展寄存器访问使能 EAXSFR()
  17              - 引脚模式: 开漏输出模式 Open 1, Drain 0
  18              - I2C协议(一对多)
  19              
  20          2. 引脚
  21              - SCL: P3.2 时钟线   (Serial Clock)
  22              - SDA: P3.3 数据线   (Serial Data)
  23              - INT: P3.7 下降沿
  24              
  25          读取芯片里的年月日, 时分秒(世纪, 周)
  26          
  27          *************************************************************************************/
  28          
  29          void    GPIO_config(void) {
  30   1          GPIO_InitTypeDef    GPIO_InitStructure;
  31   1          GPIO_InitStructure.Pin  = GPIO_Pin_0 | GPIO_Pin_1;          //指定要初始化的IO,
  32   1          GPIO_InitStructure.Mode = GPIO_PullUp;          //指定IO的输入或输出方式,GPIO_PullUp,GPIO_HighZ,GPIO_OUT_OD
             -,GPIO_OUT_PP
  33   1          GPIO_Inilize(GPIO_P3, &GPIO_InitStructure);//初始化
  34   1          
  35   1          GPIO_InitStructure.Pin  = GPIO_Pin_2 | GPIO_Pin_3;          //指定要初始化的IO,
  36   1          GPIO_InitStructure.Mode = GPIO_OUT_OD;          //指定IO的输入或输出方式,GPIO_PullUp,GPIO_HighZ,GPIO_OUT_OD
             -,GPIO_OUT_PP
  37   1          GPIO_Inilize(GPIO_P3, &GPIO_InitStructure);//初始化
  38   1      }
  39          
  40          void    UART_config(void) {
  41   1          // >>> 记得添加 NVIC.c, UART.c, UART_Isr.c <<<
  42   1          COMx_InitDefine     COMx_InitStructure;                 //结构定义
  43   1          COMx_InitStructure.UART_Mode      = UART_8bit_BRTx; //模式, UART_ShiftRight,UART_8bit_BRTx,UART_9bit,U
             -ART_9bit_BRTx
  44   1          COMx_InitStructure.UART_BRT_Use   = BRT_Timer1;         //选择波特率发生器, BRT_Timer1, BRT_Timer2 (注
             -意: 串口2固定使用BRT_Timer2)
  45   1          COMx_InitStructure.UART_BaudRate  = 115200ul;           //波特率, 一般 110 ~ 115200
  46   1          COMx_InitStructure.UART_RxEnable  = ENABLE;             //接收允许,   ENABLE或DISABLE
  47   1          COMx_InitStructure.BaudRateDouble = DISABLE;            //波特率加倍, ENABLE或DISABLE
  48   1          UART_Configuration(UART1, &COMx_InitStructure);     //初始化串口1 UART1,UART2,UART3,UART4
  49   1      
  50   1          NVIC_UART1_Init(ENABLE, Priority_1);    //中断使能, ENABLE/DISABLE; 优先级(低到高) Priority_0,Priority
C51 COMPILER V9.60.7.0   MAIN                                                              08/26/2026 23:55:08 PAGE 2   

             -_1,Priority_2,Priority_3
  51   1          UART1_SW(UART1_SW_P30_P31);     // 引脚选择, UART1_SW_P30_P31,UART1_SW_P36_P37,UART1_SW_P16_P17,UART1_
             -SW_P43_P44
  52   1      }
  53          
  54          
  55          /****************  I2C初始化函数 *****************/
  56          void    I2C_config(void)
  57          {
  58   1              I2C_InitTypeDef         I2C_InitStructure;
  59   1      
  60   1              I2C_InitStructure.I2C_Mode      = I2C_Mode_Master;      // 主从选择   I2C_Mode_Master, I2C_Mode_Slave
  61   1              I2C_InitStructure.I2C_Enable    = ENABLE;                       // I2C功能使能,   ENABLE, DISABLE
  62   1              I2C_InitStructure.I2C_MS_WDTA   = DISABLE;                      // 主机使能自动发送,  ENABLE, DISABLE
  63   1              I2C_InitStructure.I2C_Speed     = 13;                           // 总线速度=Fosc/2/(Speed*2+4),      0~63
  64   1          /*                                           速度 =  24M / 2 / (16 * 2 + 4)
  65   1                                                       速度 =  12M / 36  = 333.3Kbit/s
  66   1                                                          
  67   1                                                       400 = 12K / (Speed * 2 + 4)
  68   1                                                       400Kbit/s -> 13
  69   1                                                       100Kbit/s -> 58
  70   1          */
  71   1              I2C_Init(&I2C_InitStructure);
  72   1          
  73   1              NVIC_I2C_Init(I2C_Mode_Master,DISABLE,Priority_0);      //主从模式, I2C_Mode_Master, I2C_Mode_Slave; 中断使能,
             - ENABLE/DISABLE; 优先级(低到高) Priority_0,Priority_1,Priority_2,Priority_3
  74   1      
  75   1          // 引脚选择
  76   1              I2C_SW(I2C_P33_P32);                                    //I2C_P14_P15,I2C_P24_P25,I2C_P33_P32
  77   1      }
  78          
  79          #define NUMBER  7
  80          
  81          int main(void) {
  82   1          u8 dev_Addr = 0x51 << 1;    // 设备写地址 0xA2
  83   1          u8 mem_Addr = 0x02;         // 寄存器地址: 从秒钟寄存器开始读
  84   1          u8 seconds,minutes,hours,days,weekdays,months,C;
  85   1          u16 years;
  86   1          // 读写数据数组
  87   1          u8 p[NUMBER] = {0};
  88   1          
  89   1          
  90   1          EAXSFR();
  91   1      
  92   1          GPIO_config();
  93   1          UART_config();
  94   1          I2C_config();
  95   1      
  96   1          EA = 1;
  97   1          
  98   1              /*****************************************
  99   1          两个地址:
 100   1          dev_addr: 设备地址, 决定了I2C和哪个设备通讯(device address)
 101   1              - 设备地址:   0x51 (7bit)
 102   1              - 设备读地址：0xA3;  (0x51 << 1) | 1
 103   1              - 设备写地址：0xA2;  (0x51 << 1)
 104   1          
 105   1          mem_addr: 存储地址, 决定了I2C和该设备的哪个寄存器register交互(memory address)
 106   1              - 用于指定从哪个寄存器开始读写数据
 107   1              - 每次读写数据字节后，寄存器地址自动累加。
 108   1          
 109   1          u8 *p   : 读写数据缓冲区
C51 COMPILER V9.60.7.0   MAIN                                                              08/26/2026 23:55:08 PAGE 3   

 110   1          number  : 读写的数据个数
 111   1          ******************************************/
 112   1          
 113   1          p[0] = 0x55;
 114   1          p[1] = 0x59;
 115   1          p[2] = 0x23;
 116   1          p[3] = 0x31;
 117   1          p[4] = 0x03;
 118   1          p[5] = 0x12;
 119   1          p[6] = 0x99;
 120   1          
 121   1          I2C_WriteNbyte(dev_Addr, 0x02, p, NUMBER);
 122   1          
 123   1          while (1) {
 124   2              I2C_ReadNbyte(dev_Addr, 0x02, p, NUMBER);
 125   2              
 126   2              seconds  = p[0] & 0x7F;
 127   2              minutes  = p[1];
 128   2              hours    = p[2];
 129   2              days     = p[3];
 130   2              weekdays = p[4];
 131   2              months   = p[5] & 0x7F;
 132   2              years    = p[6];
 133   2              
 134   2              C = p[5] & 0x80;
 135   2              
 136   2              if(0 == C){
 137   3                  years += 0x2000;
 138   3              } else {
 139   3                  years += 0x2100;
 140   3              }
 141   2              
 142   2              // BCD格式数据, 要用16进制打印
 143   2      //        printf("second: %02X\n", (int)second);        
 144   2              // printf("%02X:%02X\n", (int)minute, (int)second);
 145   2              // 年-月-日
 146   2              printf("%04X-%02X-%02X\n", (int)years, (int)months, (int)days);
 147   2              // 时:分:秒
 148   2              printf("%02X:%02X:%02X\n", (int)hours, (int)minutes, (int)seconds);
 149   2              // week
 150   2              printf("week->%d\n", (int)weekdays);
 151   2              
 152   2              delay_ms(250);
 153   2              delay_ms(250);
 154   2              delay_ms(250);
 155   2              delay_ms(250);
 156   2          }
 157   1      }


MODULE INFORMATION:   STATIC OVERLAYABLE
   CODE SIZE        =    354    ----
   CONSTANT SIZE    =     49    ----
   XDATA SIZE       =   ----    ----
   PDATA SIZE       =   ----    ----
   DATA SIZE        =   ----      34
   IDATA SIZE       =   ----    ----
   BIT SIZE         =   ----    ----
END OF MODULE INFORMATION.


C51 COMPILATION COMPLETE.  0 WARNING(S),  0 ERROR(S)
