C51 COMPILER V9.60.7.0   EXTI_ISR                                                          08/28/2026 11:24:48 PAGE 1   


C51 COMPILER V9.60.7.0, COMPILATION OF MODULE EXTI_ISR
OBJECT MODULE PLACED IN .\Objects\Exti_Isr.obj
COMPILER INVOKED BY: D:\Develop\Keil_v5\C51\BIN\C51.EXE Exti_Isr.c OPTIMIZE(8,SPEED) BROWSE DEBUG OBJECTEXTEND PRINT(.\L
                    -istings\Exti_Isr.lst) OBJECT(.\Objects\Exti_Isr.obj)

line level    source

   1          /*---------------------------------------------------------------------*/
   2          /* --- STC MCU Limited ------------------------------------------------*/
   3          /* --- STC 1T Series MCU Demo Programme -------------------------------*/
   4          /* --- Mobile: (86)13922805190 ----------------------------------------*/
   5          /* --- Fax: 86-0513-55012956,55012947,55012969 ------------------------*/
   6          /* --- Tel: 86-0513-55012928,55012929,55012966 ------------------------*/
   7          /* --- Web: www.STCAI.com ---------------------------------------------*/
   8          /* --- BBS: www.STCAIMCU.com  -----------------------------------------*/
   9          /* --- QQ:  800003751 -------------------------------------------------*/
  10          /* 如果要在程序中使用此代码,请在程序中注明使用了STC的资料及程序            */
  11          /*---------------------------------------------------------------------*/
  12          
  13          #include        "Exti.h"
  14          
  15          //========================================================================
  16          //                               本地变量声明
  17          //========================================================================
  18          
  19          u8 WakeUpSource;
  20          extern void exti_int3_call(void);
  21          //========================================================================
  22          // 函数: INT0_ISR_Handler
  23          // 描述: INT0中断函数.
  24          // 参数: none.
  25          // 返回: none.
  26          // 版本: V1.0, 2020-09-23
  27          //========================================================================
  28          void INT0_ISR_Handler (void) interrupt INT0_VECTOR              //进中断时已经清除标志
  29          {
  30   1              // TODO: 在此处添加用户代码
  31   1      //      P00 = ~P00;
  32   1              WakeUpSource = 1;
  33   1      }
  34          
  35          //========================================================================
  36          // 函数: INT1_ISR_Handler
  37          // 描述: INT1中断函数.
  38          // 参数: none.
  39          // 返回: none.
  40          // 版本: V1.0, 2020-09-23
  41          //========================================================================
  42          void INT1_ISR_Handler (void) interrupt INT1_VECTOR              //进中断时已经清除标志
  43          {
  44   1              // TODO: 在此处添加用户代码
  45   1      //      P01 = ~P01;
  46   1              WakeUpSource = 2;
  47   1      }
  48          
  49          //========================================================================
  50          // 函数: INT2_ISR_Handler
  51          // 描述: INT2中断函数.
  52          // 参数: none.
  53          // 返回: none.
  54          // 版本: V1.0, 2020-09-23
C51 COMPILER V9.60.7.0   EXTI_ISR                                                          08/28/2026 11:24:48 PAGE 2   

  55          //========================================================================
  56          void INT2_ISR_Handler (void) interrupt INT2_VECTOR              //进中断时已经清除标志
  57          {
  58   1              // TODO: 在此处添加用户代码
  59   1      //      P02 = ~P02;
  60   1              WakeUpSource = 3;
  61   1      }
  62          
  63          //========================================================================
  64          // 函数: INT3_ISR_Handler
  65          // 描述: INT3中断函数.
  66          // 参数: none.
  67          // 返回: none.
  68          // 版本: V1.0, 2020-09-23
  69          //========================================================================
  70          void INT3_ISR_Handler (void) interrupt INT3_VECTOR              //进中断时已经清除标志
  71          {
  72   1              // TODO: 在此处添加用户代码
  73   1      //      P03 = ~P03;
  74   1              WakeUpSource = 4;
  75   1          exti_int3_call();
  76   1      }
  77          
  78          //========================================================================
  79          // 函数: INT4_ISR_Handler
  80          // 描述: INT4中断函数.
  81          // 参数: none.
  82          // 返回: none.
  83          // 版本: V1.0, 2020-09-23
  84          //========================================================================
  85          void INT4_ISR_Handler (void) interrupt INT4_VECTOR              //进中断时已经清除标志
  86          {
  87   1              // TODO: 在此处添加用户代码
  88   1      //      P04 = ~P04;
  89   1              WakeUpSource = 5;
  90   1      }


MODULE INFORMATION:   STATIC OVERLAYABLE
   CODE SIZE        =     78    ----
   CONSTANT SIZE    =   ----    ----
   XDATA SIZE       =   ----    ----
   PDATA SIZE       =   ----    ----
   DATA SIZE        =      1    ----
   IDATA SIZE       =   ----    ----
   BIT SIZE         =   ----    ----
END OF MODULE INFORMATION.


C51 COMPILATION COMPLETE.  0 WARNING(S),  0 ERROR(S)
