C51 COMPILER V9.60.7.0   MAIN                                                              08/26/2026 19:24:38 PAGE 1   


C51 COMPILER V9.60.7.0, COMPILATION OF MODULE MAIN
OBJECT MODULE PLACED IN .\Objects\main.obj
COMPILER INVOKED BY: D:\Develop\Keil_v5\C51\BIN\C51.EXE main.c OPTIMIZE(8,SPEED) BROWSE DEBUG OBJECTEXTEND PRINT(.\Listi
                    -ngs\main.lst) OBJECT(.\Objects\main.obj)

line level    source

   1          #include "Config.h"
   2          #include        "ADC.h"
   3          #include        "GPIO.h"
   4          #include        "Delay.h"
   5          #include        "UART.h"
   6          #include        "NVIC.h"
   7          #include        "Switch.h"
   8          
   9          /*******************
  10          读取电位器电压:
  11          
  12          ADC13   P0.5
  13          
  14          可测量的电压范围: 
  15          
  16          0 ->  2.5V Voltage
  17          0 ->  4095 ADC_VALUE
  18          
  19          电位器范围: 1.65V -> 3.3V
  20          
  21          
  22          1.65V -> 2.5V
  23          
  24          *******************/
  25          
  26          void GPIO_config(){
  27   1      
  28   1          // 配置P05为高阻输入模式
  29   1          P0_MODE_IN_HIZ(GPIO_Pin_5);
  30   1          
  31   1          // P3.0,P3.1 设置为准双向口
  32   1              P3_MODE_IO_PU(GPIO_Pin_0 | GPIO_Pin_1); 
  33   1      }
  34          /******************* AD配置函数 *******************/
  35          void    ADC_config(void)
  36          {
  37   1              ADC_InitTypeDef         ADC_InitStructure;              //结构定义
  38   1      
  39   1          // 通过输入引脚给电容充电, 时间够长, 才能确保电容电压和外部输入电压一致
  40   1              ADC_InitStructure.ADC_SMPduty   = 31;           //ADC 模拟信号采样时间控制, 0~31（注意： SMPDUTY 一定不能设置小于 
             -10）
  41   1          
  42   1          // 内部多个通道选择, 需要一段时间稳定(1个ADC时钟 n+1)
  43   1              ADC_InitStructure.ADC_CsSetup   = 0;            //ADC 通道选择时间控制 0(默认),1
  44   1          
  45   1          // 在真正采样之前, 需要保持一段时间(2个ADC时钟 n+1)
  46   1              ADC_InitStructure.ADC_CsHold    = 1;            //ADC 通道选择保持时间控制 0,1(默认),2,3
  47   1          
  48   1          // 配置速度 2X1T 最快, 可能会损失精度
  49   1              ADC_InitStructure.ADC_Speed     = ADC_SPEED_2X16T;              //设置 ADC 工作时钟频率 ADC_SPEED_2X1T~ADC_SPEED_2X16
             -T
  50   1              ADC_InitStructure.ADC_AdjResult = ADC_RIGHT_JUSTIFIED;  //ADC结果调整,  ADC_LEFT_JUSTIFIED,ADC_RIGHT_JUSTIF
             -IED
  51   1              ADC_Inilize(&ADC_InitStructure);                //初始化
C51 COMPILER V9.60.7.0   MAIN                                                              08/26/2026 19:24:38 PAGE 2   

  52   1              ADC_PowerControl(ENABLE);                               //ADC电源开关, ENABLE或DISABLE
  53   1              NVIC_ADC_Init(DISABLE,Priority_0);              //中断使能, ENABLE/DISABLE; 优先级(低到高) Priority_0,Priority_1,Prio
             -rity_2,Priority_3
  54   1      }
  55          
  56          /***************  串口初始化函数 *****************/
  57          void    UART_config(void)
  58          {
  59   1              COMx_InitDefine         COMx_InitStructure;                                     //结构定义
  60   1      
  61   1              COMx_InitStructure.UART_Mode      = UART_8bit_BRTx;             //模式,   UART_ShiftRight,UART_8bit_BRTx,UART_9bit,U
             -ART_9bit_BRTx
  62   1              COMx_InitStructure.UART_BRT_Use   = BRT_Timer1;                 //选择波特率发生器, BRT_Timer1, BRT_Timer2 (注意: 串口2
             -固定使用BRT_Timer2, 所以不用选择)
  63   1              COMx_InitStructure.UART_BaudRate  = 115200ul;                   //波特率,     110 ~ 115200
  64   1              COMx_InitStructure.UART_RxEnable  = ENABLE;                             //接收允许,   ENABLE或DISABLE
  65   1              UART_Configuration(UART1, &COMx_InitStructure);         //初始化串口2 USART1,USART2,USART3,USART4
  66   1              NVIC_UART1_Init(ENABLE,Priority_1);             //中断使能, ENABLE/DISABLE; 优先级(低到高) Priority_0,Priority_1,Pri
             -ority_2,Priority_3
  67   1              UART1_SW(UART1_SW_P30_P31);     //通道切换，选择P3.0, P3.1引脚通信
  68   1      }
  69          
  70          int main() {
  71   1          float rst_V = 0, ref_V = 0;
  72   1          u16 adc_value;
  73   1          EAXSFR();
  74   1      
  75   1          GPIO_config();
  76   1          UART_config();
  77   1          ADC_config();
  78   1          
  79   1          EA = 1;
  80   1      
  81   1          while(1) {
  82   2              // 读取 ADC13 通道的数值 (P05)
  83   2              adc_value = Get_ADCResult(ADC_CH13);
  84   2              
  85   2              // 得到12位的数据 [0, 4095]
  86   2              // adc_value / 4096 = rst_V / 2.5
  87   2              rst_V = adc_value * 2.5 / 4096;
  88   2              printf("ADC13: %d, rst_V: %.2f\n", adc_value, rst_V);
  89   2              
  90   2              // 读取 ADC15 通道的数值
  91   2              adc_value = Get_ADCResult(ADC_CH15);
  92   2              // adc_value / 4096 = rst_V / 2.5
  93   2              rst_V = adc_value * 2.5 / 4096;
  94   2              printf("ADC15: %d, rst_V: %.2f\n", adc_value, rst_V);
  95   2              
  96   2              // 已知: 内部参考电压:1.18V, 倒推出Vref引脚接入电压
  97   2              ref_V = 1.18 * 4096 / adc_value;
  98   2              printf("Vref外接电压: %.2f V\n", ref_V);
  99   2               
 100   2              delay_ms(250);
 101   2              delay_ms(250);
 102   2          }
 103   1      }


MODULE INFORMATION:   STATIC OVERLAYABLE
   CODE SIZE        =    322    ----
   CONSTANT SIZE    =     70    ----
   XDATA SIZE       =   ----    ----
C51 COMPILER V9.60.7.0   MAIN                                                              08/26/2026 19:24:38 PAGE 3   

   PDATA SIZE       =   ----    ----
   DATA SIZE        =   ----      24
   IDATA SIZE       =   ----    ----
   BIT SIZE         =   ----    ----
END OF MODULE INFORMATION.


C51 COMPILATION COMPLETE.  0 WARNING(S),  0 ERROR(S)
