C51 COMPILER V9.60.7.0   MAIN                                                              08/26/2026 19:45:05 PAGE 1   


C51 COMPILER V9.60.7.0, COMPILATION OF MODULE MAIN
OBJECT MODULE PLACED IN .\Objects\main.obj
COMPILER INVOKED BY: D:\Develop\Keil_v5\C51\BIN\C51.EXE main.c OPTIMIZE(8,SPEED) BROWSE DEBUG OBJECTEXTEND PRINT(.\Listi
                    -ngs\main.lst) OBJECT(.\Objects\main.obj)

line level    source

   1          #include "Config.h"
   2          #include "GPIO.h"
   3          #include "Delay.h"
   4          #include "UART.h"
   5          #include "NVIC.h"
   6          #include "Switch.h" // 配置外设引脚
   7          
   8          /*************************************************************************************
   9          模板代码:
  10          
  11          1. 导通总开关: 拉低P45
  12          
  13          从右 -> 左
  14          从左 -> 右
  15          
  16          *************************************************************************************/
  17          
  18          #define LED_SW  P45
  19          #define LED1    P27
  20          #define LED2    P26
  21          #define LED3    P15
  22          #define LED4    P14
  23          #define LED5    P23
  24          #define LED6    P22
  25          #define LED7    P21
  26          #define LED8    P20
  27          
  28          void GPIO_config(void) {
  29   1          GPIO_InitTypeDef    GPIO_InitStructure;             //结构定义
  30   1          GPIO_InitStructure.Pin  = GPIO_Pin_5;               //指定要初始化的IO,
  31   1          GPIO_InitStructure.Mode = GPIO_OUT_PP;          //指定IO的输入或输出方式,GPIO_PullUp,GPIO_HighZ,GPIO_OUT_OD
             -,GPIO_OUT_PP
  32   1          GPIO_Inilize(GPIO_P4, &GPIO_InitStructure);//初始化
  33   1          
  34   1          // P20,P21,P22,P23,P26,P27
  35   1          GPIO_InitStructure.Pin  = GPIO_Pin_LOW | GPIO_Pin_6 | GPIO_Pin_7;           //指定要初始化的IO,
  36   1          GPIO_InitStructure.Mode = GPIO_OUT_PP;          //指定IO的输入或输出方式,GPIO_PullUp,GPIO_HighZ,GPIO_OUT_OD
             -,GPIO_OUT_PP
  37   1          GPIO_Inilize(GPIO_P2, &GPIO_InitStructure);//初始化
  38   1          
  39   1          // P14, P15
  40   1          GPIO_InitStructure.Pin  = GPIO_Pin_4 | GPIO_Pin_5;          //指定要初始化的IO,
  41   1          GPIO_InitStructure.Mode = GPIO_OUT_PP;          //指定IO的输入或输出方式,GPIO_PullUp,GPIO_HighZ,GPIO_OUT_OD
             -,GPIO_OUT_PP
  42   1          GPIO_Inilize(GPIO_P1, &GPIO_InitStructure);//初始化
  43   1          
  44   1          // 初始化P30, P31
  45   1          GPIO_InitStructure.Pin  = GPIO_Pin_0 | GPIO_Pin_1;          //指定要初始化的IO,
  46   1          GPIO_InitStructure.Mode = GPIO_PullUp;          //指定IO的输入或输出方式,GPIO_PullUp,GPIO_HighZ,GPIO_OUT_OD
             -,GPIO_OUT_PP
  47   1          GPIO_Inilize(GPIO_P3, &GPIO_InitStructure);//初始化
  48   1      }
  49          
  50          void UART_config(void) {
C51 COMPILER V9.60.7.0   MAIN                                                              08/26/2026 19:45:05 PAGE 2   

  51   1          // >>> 记得添加 NVIC.c, UART.c, UART_Isr.c <<<
  52   1          COMx_InitDefine             COMx_InitStructure;                                     //结构定义
  53   1          COMx_InitStructure.UART_Mode      = UART_8bit_BRTx; //模式, UART_ShiftRight,UART_8bit_BRTx,UART_9bit,U
             -ART_9bit_BRTx
  54   1          COMx_InitStructure.UART_BRT_Use   = BRT_Timer1;                     //选择波特率发生器, BRT_Timer1, BRT_Timer2 (注意: 串
             -口2固定使用BRT_Timer2)
  55   1          COMx_InitStructure.UART_BaudRate  = 115200ul;                       //波特率, 一般 110 ~ 115200
  56   1          COMx_InitStructure.UART_RxEnable  = ENABLE;                         //接收允许,   ENABLE或DISABLE
  57   1          COMx_InitStructure.BaudRateDouble = DISABLE;                        //波特率加倍, ENABLE或DISABLE
  58   1          UART_Configuration(UART1, &COMx_InitStructure);             //初始化串口1 UART1,UART2,UART3,UART4
  59   1      
  60   1          NVIC_UART1_Init(ENABLE,Priority_1);         //中断使能, ENABLE/DISABLE; 优先级(低到高) Priority_0,Priority_1,
             -Priority_2,Priority_3
  61   1          UART1_SW(UART1_SW_P30_P31);         // 引脚选择, UART1_SW_P30_P31,UART1_SW_P36_P37,UART1_SW_P16_P17,UART1_SW_
             -P43_P44
  62   1      }
  63          
  64          
  65          void on_uart1_recv(){
  66   1          int i;
  67   1          // 这里处理收到的数据，做具体的逻辑，可以调用自己的on_uart1_recv
  68   1          for(i=0; i<COM1.RX_Cnt; i++)        {
  69   2              // RX1_Buffer[i]存的是接收的每个字节，写出用 TX1_write2buff
  70   2              TX1_write2buff(RX1_Buffer[i]);
  71   2          }
  72   1      }
  73          
  74          int main() {
  75   1          int8 i = 0;  //[-128, 127] 或使用int等有符号数
  76   1          
  77   1          // 引脚初始化
  78   1          GPIO_config();
  79   1          // 串口初始化
  80   1          UART_config();
  81   1          // 开启全局中断
  82   1          EA = 1;
  83   1          
  84   1          //1. 导通总开关: 拉低P45
  85   1          P45 = 0;
  86   1          
  87   1          //2. 熄灭所有灯
  88   1          LED1 = LED2 = LED3 = LED4 = LED5 = LED6 = LED7 = LED8 = 1;
  89   1         
  90   1      
  91   1          while(1) {
  92   2              
  93   2      //        从右 -> 左
  94   2              for(i = 0; i < 8; i++){ // 0,1,2,3,4,5,6,7,8
  95   3                  
  96   3                  LED1 = (i == 0) ? 0 : 1; // i是当前位置, 亮, 否则 灭
  97   3                  LED2 = (i == 1) ? 0 : 1; // i是当前位置, 亮, 否则 灭
  98   3                  LED3 = (i == 2) ? 0 : 1; // i是当前位置, 亮, 否则 灭
  99   3                  LED4 = (i == 3) ? 0 : 1; // i是当前位置, 亮, 否则 灭
 100   3                  LED5 = (i == 4) ? 0 : 1; // i是当前位置, 亮, 否则 灭
 101   3                  LED6 = (i == 5) ? 0 : 1; // i是当前位置, 亮, 否则 灭
 102   3                  LED7 = (i == 6) ? 0 : 1; // i是当前位置, 亮, 否则 灭
 103   3                  LED8 = (i == 7) ? 0 : 1; // i是当前位置, 亮, 否则 灭
 104   3                               
 105   3                  delay_ms(250);
 106   3              }
 107   2              
 108   2              LED2  = LED4 =  LED6 =  LED8 = 1;
C51 COMPILER V9.60.7.0   MAIN                                                              08/26/2026 19:45:05 PAGE 3   

 109   2              delay_ms(250);
 110   2              
 111   2      ////        从左 -> 右
 112   2      //        for(i = 7; i >= 0; i--){ // 0,1,2,3,4,5,6,7,8
 113   2      //            printf("i = %d\n", (int)i);
 114   2      //            
 115   2      //            LED1 = (i == 0) ? 0 : 1; // i是当前位置, 亮, 否则 灭
 116   2      //            LED2 = (i == 1) ? 0 : 1; // i是当前位置, 亮, 否则 灭
 117   2      //            LED3 = (i == 2) ? 0 : 1; // i是当前位置, 亮, 否则 灭
 118   2      //            LED4 = (i == 3) ? 0 : 1; // i是当前位置, 亮, 否则 灭
 119   2      //            LED5 = (i == 4) ? 0 : 1; // i是当前位置, 亮, 否则 灭
 120   2      //            LED6 = (i == 5) ? 0 : 1; // i是当前位置, 亮, 否则 灭
 121   2      //            LED7 = (i == 6) ? 0 : 1; // i是当前位置, 亮, 否则 灭
 122   2      //            LED8 = (i == 7) ? 0 : 1; // i是当前位置, 亮, 否则 灭
 123   2      //                         
 124   2      //            delay_ms(250);
 125   2      //        }
 126   2          }
 127   1      }


MODULE INFORMATION:   STATIC OVERLAYABLE
   CODE SIZE        =    308    ----
   CONSTANT SIZE    =   ----    ----
   XDATA SIZE       =   ----    ----
   PDATA SIZE       =   ----    ----
   DATA SIZE        =   ----      14
   IDATA SIZE       =   ----    ----
   BIT SIZE         =   ----    ----
END OF MODULE INFORMATION.


C51 COMPILATION COMPLETE.  0 WARNING(S),  0 ERROR(S)
