C51 COMPILER V9.60.7.0   MAIN                                                              08/26/2026 15:03:16 PAGE 1   


C51 COMPILER V9.60.7.0, COMPILATION OF MODULE MAIN
OBJECT MODULE PLACED IN .\Objects\main.obj
COMPILER INVOKED BY: D:\Develop\Keil_v5\C51\BIN\C51.EXE main.c OPTIMIZE(8,SPEED) BROWSE DEBUG OBJECTEXTEND PRINT(.\Listi
                    -ngs\main.lst) OBJECT(.\Objects\main.obj)

line level    source

   1          #include "Config.h"
   2          #include "GPIO.h"
   3          #include "UART.h"
   4          #include "NVIC.h"
   5          #include "Switch.h"
   6          #include "Delay.h"
   7          #include "NIXIE.h"
   8          #include "Timer.h"
   9          
  10          void GPIO_config(void) {
  11   1          GPIO_InitTypeDef    GPIO_InitStructure;     //结构定义
  12   1          GPIO_InitStructure.Pin  = GPIO_Pin_0 | GPIO_Pin_1;      //指定要初始化的IO,
  13   1          GPIO_InitStructure.Mode = GPIO_PullUp;  //指定IO的输入或输出方式,GPIO_PullUp,GPIO_HighZ,GPIO_OUT_OD,GP
             -IO_OUT_PP
  14   1          GPIO_Inilize(GPIO_P3, &GPIO_InitStructure);//初始化
  15   1      
  16   1          Nixie_GPIO_INIT();
  17   1      }
  18          
  19          void UART_config(void) {
  20   1          // >>> 记得添加 NVIC.c, UART.c, UART_Isr.c <<<
  21   1          COMx_InitDefine     COMx_InitStructure;                 //结构定义
  22   1          COMx_InitStructure.UART_Mode      = UART_8bit_BRTx; //模式, UART_ShiftRight,UART_8bit_BRTx,UART_9bit,U
             -ART_9bit_BRTx
  23   1          COMx_InitStructure.UART_BRT_Use   = BRT_Timer1;         //选择波特率发生器, BRT_Timer1, BRT_Timer2 (注
             -意: 串口2固定使用BRT_Timer2)
  24   1          COMx_InitStructure.UART_BaudRate  = 115200ul;           //波特率, 一般 110 ~ 115200
  25   1          COMx_InitStructure.UART_RxEnable  = ENABLE;             //接收允许,   ENABLE或DISABLE
  26   1          COMx_InitStructure.BaudRateDouble = DISABLE;            //波特率加倍, ENABLE或DISABLE
  27   1          UART_Configuration(UART1, &COMx_InitStructure);     //初始化串口1 UART1,UART2,UART3,UART4
  28   1      
  29   1          NVIC_UART1_Init(ENABLE, Priority_1);    //中断使能, ENABLE/DISABLE; 优先级(低到高) Priority_0,Priority
             -_1,Priority_2,Priority_3
  30   1          UART1_SW(UART1_SW_P30_P31);     // 引脚选择, UART1_SW_P30_P31,UART1_SW_P36_P37,UART1_SW_P16_P17,UART1_
             -SW_P43_P44
  31   1      }
  32          
  33          void    Timer_config(void) {
  34   1          TIM_InitTypeDef     TIM_InitStructure;                      //结构定义
  35   1          //定时器0做16位自动重装, 中断频率为1000HZ
  36   1          TIM_InitStructure.TIM_Mode      = TIM_16BitAutoReload;  //指定工作模式,   TIM_16BitAutoReload,TIM_16Bi
             -t,TIM_8BitAutoReload,TIM_16BitAutoReloadNoMask
  37   1          TIM_InitStructure.TIM_ClkSource = TIM_CLOCK_1T;     //指定时钟源,     TIM_CLOCK_1T,TIM_CLOCK_12T,TIM_C
             -LOCK_Ext
  38   1          TIM_InitStructure.TIM_ClkOut    = DISABLE;              //是否输出高速脉冲, ENABLE或DISABLE
  39   1          TIM_InitStructure.TIM_Value     = 65536UL - (MAIN_Fosc / 1000UL);       //初值,
  40   1          TIM_InitStructure.TIM_Run       = ENABLE;               //是否初始化后启动定时器, ENABLE或DISABLE
  41   1          Timer_Inilize(Timer0, &TIM_InitStructure);              //初始化Timer0    Timer0,Timer1,Timer2,Timer3,
             -Timer4
  42   1          NVIC_Timer0_Init(ENABLE, Priority_0);       //中断使能, ENABLE/DISABLE; 优先级(低到高) Priority_0,Prio
             -rity_1,Priority_2,Priority_3
  43   1      }
  44          
  45          u8 arr[] = {2, 0, 2, 6 + 10, 0, 8 + 10, 2, 4};
C51 COMPILER V9.60.7.0   MAIN                                                              08/26/2026 15:03:16 PAGE 2   

  46          
  47          void Timer0_ISR_Handler(void) interrupt TMR0_VECTOR {       //进中断时已经清除标志
  48   1      
  49   1      }
  50          
  51          int main() {
  52   1      
  53   1          EAXSFR(); // 扩展寄存器使能
  54   1      
  55   1          GPIO_config();
  56   1          UART_config();
  57   1      
  58   1      //    Timer_config();
  59   1      
  60   1          EA = 1;
  61   1      
  62   1          while (1) {
  63   2              static i = 0;
  64   2              
  65   2              Nixie_Display(arr[i], i);
  66   2      
  67   2              i = (i + 2) % 8;
  68   2              
  69   2              delay_ms(100);
  70   2          }
  71   1      }


MODULE INFORMATION:   STATIC OVERLAYABLE
   CODE SIZE        =    147    ----
   CONSTANT SIZE    =   ----    ----
   XDATA SIZE       =   ----    ----
   PDATA SIZE       =   ----    ----
   DATA SIZE        =     10      18
   IDATA SIZE       =   ----    ----
   BIT SIZE         =   ----    ----
END OF MODULE INFORMATION.


C51 COMPILATION COMPLETE.  0 WARNING(S),  0 ERROR(S)
