C51 COMPILER V9.60.7.0   NIXIE                                                             08/26/2026 15:03:16 PAGE 1   


C51 COMPILER V9.60.7.0, COMPILATION OF MODULE NIXIE
OBJECT MODULE PLACED IN .\Objects\NIXIE.obj
COMPILER INVOKED BY: D:\Develop\Keil_v5\C51\BIN\C51.EXE NIXIE.c OPTIMIZE(8,SPEED) BROWSE DEBUG OBJECTEXTEND PRINT(.\List
                    -ings\NIXIE.lst) OBJECT(.\Objects\NIXIE.obj)

line level    source

   1          #include "NIXIE.h"
   2          #include "GPIO.h"
   3          
   4          #define get_Value(Tube, Position)  ((Tube >> Position) & 0x01)
   5          
   6          static void GPIO_config(void) {
   7   1          NIXIE_GPIO_INIT;
   8   1      }
   9          
  10          void Nixie_GPIO_INIT(void) {
  11   1          GPIO_config();
  12   1      }
  13          
  14          #define NIXIE_DATA_OUTPUT(byte) do{     \
  15                  int8 i;                         \
  16                  for (i = 7; i >= 0; i--) {      \
  17                  NIX_DI = get_Value(byte, i);    \
  18                  NIX_SCK = 0;                    \
  19                  NOP2();                         \
  20                  NIX_SCK = 1;                    \
  21                  NOP2();                         \
  22              }                                   \
  23          }while(0)
  24          
  25          #define NIXIE_RCK_OPERATION   do{    \
  26              NIX_RCK = 0;                     \
  27              NOP2();                          \
  28              NIX_RCK = 1;                     \
  29              NOP2();                          \
  30          }while(0)
  31          
  32          // 索引对应表格参见：
  33          // https://www.yuque.com/icheima/stc8h/kmz2mllvxs1uvdfy#lLhhp
  34          u8 code LED_TABLE[] = {
  35              // 0    1    2  -> 9    (索引012...9)
  36              0xC0, 0xF9, 0xA4, 0xB0, 0x99, 0x92, 0x82, 0xF8, 0x80, 0x90,
  37              // 0. 1. 2. -> 9.   (索引10,11,12....19)
  38              0x40, 0x79, 0x24, 0x30, 0x19, 0x12, 0x02, 0x78, 0x00, 0x10,
  39              // . -                      (索引20,21)
  40              0x7F, 0xBF,
  41              // AbCdEFHJLPqU     (索引22,23,24....33)
  42              0x88, 0x83, 0xC6, 0xA1, 0x86, 0x8E, 0x89, 0xF1, 0xC7, 0x8C, 0x98, 0xC1
  43          };
  44          
  45          void Nixie_Operation(u8 Nixie_Index, u8 Switch_Index) {
  46   1          NIXIE_DATA_OUTPUT(LED_TABLE[Nixie_Index]);
  47   1      
  48   1          NIXIE_DATA_OUTPUT(1 << Switch_Index);
  49   1      
  50   1          NIXIE_RCK_OPERATION;
  51   1      }
  52          
  53          
  54          
C51 COMPILER V9.60.7.0   NIXIE                                                             08/26/2026 15:03:16 PAGE 2   

  55          void Nixie_Display(u8 Nixie_Index, u8 Switch_Index) {
  56   1      
  57   1          Nixie_Operation(Nixie_Index, Switch_Index);
  58   1      }


MODULE INFORMATION:   STATIC OVERLAYABLE
   CODE SIZE        =    118    ----
   CONSTANT SIZE    =     34    ----
   XDATA SIZE       =   ----    ----
   PDATA SIZE       =   ----    ----
   DATA SIZE        =   ----       1
   IDATA SIZE       =   ----    ----
   BIT SIZE         =   ----    ----
END OF MODULE INFORMATION.


C51 COMPILATION COMPLETE.  0 WARNING(S),  0 ERROR(S)
