C51 COMPILER V9.60.7.0   MAIN                                                              08/19/2026 22:12:56 PAGE 1   


C51 COMPILER V9.60.7.0, COMPILATION OF MODULE MAIN
OBJECT MODULE PLACED IN .\Objects\main.obj
COMPILER INVOKED BY: D:\Develop\Keil_v5\C51\BIN\C51.EXE main.c OPTIMIZE(8,SPEED) BROWSE DEBUG OBJECTEXTEND PRINT(.\Listi
                    -ngs\main.lst) OBJECT(.\Objects\main.obj)

line level    source

   1          #include "Config.h"
   2          #include "GPIO.h"
   3          #include "NVIC.h"
   4          #include "Timer.h"
   5          
   6          void GPIO_Config(void){
   7   1          GPIO_InitTypeDef    GPIO_InitStructure;
   8   1          GPIO_InitStructure.Pin = GPIO_Pin_3;
   9   1          GPIO_InitStructure.Mode = GPIO_OUT_PP;
  10   1          
  11   1          GPIO_Inilize(GPIO_P5,&GPIO_InitStructure);
  12   1      }
  13          
  14          void Timer_Config(void){
  15   1          TIM_InitTypeDef     TIM_InitStructure;
  16   1          TIM_InitStructure.TIM_Mode = TIM_16BitAutoReload;
  17   1          TIM_InitStructure.TIM_ClkSource = TIM_CLOCK_1T;
  18   1          TIM_InitStructure.TIM_ClkOut = DISABLE;
  19   1          TIM_InitStructure.TIM_Value = 65536UL - (MAIN_Fosc / 1000UL);
  20   1          TIM_InitStructure.TIM_Run = ENABLE;
  21   1          
  22   1          Timer_Inilize(Timer0,&TIM_InitStructure);
  23   1          
  24   1          NVIC_Timer0_Init(ENABLE,Priority_0);
  25   1      }
  26          
  27          void Timer0_CallBack(void){
  28   1          static int16 counter = 0;
  29   1          
  30   1          counter++;
  31   1          
  32   1          if(counter >= 1000){
  33   2              counter = 0;
  34   2              P53 = !P53;
  35   2          }
  36   1      }
  37          
  38          int main(void){
  39   1          GPIO_Config();
  40   1          
  41   1          Timer_Config();
  42   1          
  43   1          EA = 1;
  44   1          
  45   1          
  46   1          
  47   1          
  48   1          while(1) ;
  49   1      }


MODULE INFORMATION:   STATIC OVERLAYABLE
   CODE SIZE        =     87    ----
   CONSTANT SIZE    =   ----    ----
C51 COMPILER V9.60.7.0   MAIN                                                              08/19/2026 22:12:56 PAGE 2   

   XDATA SIZE       =   ----    ----
   PDATA SIZE       =   ----    ----
   DATA SIZE        =      2       9
   IDATA SIZE       =   ----    ----
   BIT SIZE         =   ----    ----
END OF MODULE INFORMATION.


C51 COMPILATION COMPLETE.  0 WARNING(S),  0 ERROR(S)
