C51 COMPILER V9.60.7.0   EXTI_ISR                                                          08/27/2026 22:45:47 PAGE 1   


C51 COMPILER V9.60.7.0, COMPILATION OF MODULE EXTI_ISR
OBJECT MODULE PLACED IN .\Objects\Exti_Isr.obj
COMPILER INVOKED BY: D:\Develop\Keil_v5\C51\BIN\C51.EXE Exti_Isr.c OPTIMIZE(8,SPEED) BROWSE DEBUG OBJECTEXTEND PRINT(.\L
                    -istings\Exti_Isr.lst) OBJECT(.\Objects\Exti_Isr.obj)

line level    source

   1          /*---------------------------------------------------------------------*/
   2          /* --- STC MCU Limited ------------------------------------------------*/
   3          /* --- STC 1T Series MCU Demo Programme -------------------------------*/
   4          /* --- Mobile: (86)13922805190 ----------------------------------------*/
   5          /* --- Fax: 86-0513-55012956,55012947,55012969 ------------------------*/
   6          /* --- Tel: 86-0513-55012928,55012929,55012966 ------------------------*/
   7          /* --- Web: www.STCAI.com ---------------------------------------------*/
   8          /* --- BBS: www.STCAIMCU.com  -----------------------------------------*/
   9          /* --- QQ:  800003751 -------------------------------------------------*/
  10          /* 如果要在程序中使用此代码,请在程序中注明使用了STC的资料及程序            */
  11          /*---------------------------------------------------------------------*/
  12          
  13          #include        "Exti.h"
  14          
  15          //========================================================================
  16          //                               本地变量声明
  17          //========================================================================
  18          
  19          u8 WakeUpSource;
  20          extern void exti_int0_call(void);
  21          extern void exti_int3_call(void);
  22          //========================================================================
  23          // 函数: INT0_ISR_Handler
  24          // 描述: INT0中断函数.
  25          // 参数: none.
  26          // 返回: none.
  27          // 版本: V1.0, 2020-09-23
  28          //========================================================================
  29          void INT0_ISR_Handler (void) interrupt INT0_VECTOR              //进中断时已经清除标志
  30          {
  31   1              // TODO: 在此处添加用户代码
  32   1      //      P00 = ~P00;
  33   1              WakeUpSource = 1;
  34   1          exti_int0_call();
  35   1      }
  36          
  37          //========================================================================
  38          // 函数: INT1_ISR_Handler
  39          // 描述: INT1中断函数.
  40          // 参数: none.
  41          // 返回: none.
  42          // 版本: V1.0, 2020-09-23
  43          //========================================================================
  44          void INT1_ISR_Handler (void) interrupt INT1_VECTOR              //进中断时已经清除标志
  45          {
  46   1              // TODO: 在此处添加用户代码
  47   1      //      P01 = ~P01;
  48   1              WakeUpSource = 2;
  49   1      }
  50          
  51          //========================================================================
  52          // 函数: INT2_ISR_Handler
  53          // 描述: INT2中断函数.
  54          // 参数: none.
C51 COMPILER V9.60.7.0   EXTI_ISR                                                          08/27/2026 22:45:47 PAGE 2   

  55          // 返回: none.
  56          // 版本: V1.0, 2020-09-23
  57          //========================================================================
  58          void INT2_ISR_Handler (void) interrupt INT2_VECTOR              //进中断时已经清除标志
  59          {
  60   1              // TODO: 在此处添加用户代码
  61   1      //      P02 = ~P02;
  62   1              WakeUpSource = 3;
  63   1      }
  64          
  65          //========================================================================
  66          // 函数: INT3_ISR_Handler
  67          // 描述: INT3中断函数.
  68          // 参数: none.
  69          // 返回: none.
  70          // 版本: V1.0, 2020-09-23
  71          //========================================================================
  72          void INT3_ISR_Handler (void) interrupt INT3_VECTOR              //进中断时已经清除标志
  73          {
  74   1              // TODO: 在此处添加用户代码
  75   1      //      P03 = ~P03;
  76   1              WakeUpSource = 4;
  77   1          exti_int3_call();
  78   1      }
  79          
  80          //========================================================================
  81          // 函数: INT4_ISR_Handler
  82          // 描述: INT4中断函数.
  83          // 参数: none.
  84          // 返回: none.
  85          // 版本: V1.0, 2020-09-23
  86          //========================================================================
  87          void INT4_ISR_Handler (void) interrupt INT4_VECTOR              //进中断时已经清除标志
  88          {
  89   1              // TODO: 在此处添加用户代码
  90   1      //      P04 = ~P04;
  91   1              WakeUpSource = 5;
  92   1      }


MODULE INFORMATION:   STATIC OVERLAYABLE
   CODE SIZE        =    136    ----
   CONSTANT SIZE    =   ----    ----
   XDATA SIZE       =   ----    ----
   PDATA SIZE       =   ----    ----
   DATA SIZE        =      1    ----
   IDATA SIZE       =   ----    ----
   BIT SIZE         =   ----    ----
END OF MODULE INFORMATION.


C51 COMPILATION COMPLETE.  0 WARNING(S),  0 ERROR(S)
