C51 COMPILER V9.60.7.0   MAIN                                                              08/27/2026 22:45:47 PAGE 1   


C51 COMPILER V9.60.7.0, COMPILATION OF MODULE MAIN
OBJECT MODULE PLACED IN .\Objects\main.obj
COMPILER INVOKED BY: D:\Develop\Keil_v5\C51\BIN\C51.EXE main.c OPTIMIZE(8,SPEED) BROWSE DEBUG OBJECTEXTEND PRINT(.\Listi
                    -ngs\main.lst) OBJECT(.\Objects\main.obj)

line level    source

   1          #include "Config.h"
   2          #include "GPIO.h"
   3          #include "UART.h"
   4          #include "NVIC.h"
   5          #include "Switch.h"
   6          #include "Timer.h"
   7          #include "Delay.h"
   8          #include "ADC.h"
   9          #include "STC8H_PWM.h"
  10          #include "I2C.h"
  11          #include "Exti.h"
  12          
  13          
  14          
  15          void GPIO_config(void) {
  16   1          GPIO_InitTypeDef    GPIO_InitStructure;
  17   1          GPIO_InitStructure.Pin  = GPIO_Pin_0 | GPIO_Pin_1;          //指定要初始化的IO,
  18   1          GPIO_InitStructure.Mode = GPIO_PullUp;          //指定IO的输入或输出方式,GPIO_PullUp,GPIO_HighZ,GPIO_OUT_OD
             -,GPIO_OUT_PP
  19   1          GPIO_Inilize(GPIO_P3, &GPIO_InitStructure);//初始化
  20   1          
  21   1          GPIO_InitStructure.Pin  = GPIO_Pin_2 | GPIO_Pin_7;
  22   1          GPIO_InitStructure.Mode = GPIO_PullUp;
  23   1          GPIO_Inilize(GPIO_P3, &GPIO_InitStructure);
  24   1          
  25   1          GPIO_InitStructure.Pin  = GPIO_Pin_3;
  26   1          GPIO_InitStructure.Mode = GPIO_PullUp;
  27   1          GPIO_Inilize(GPIO_P5, &GPIO_InitStructure);
  28   1      }
  29          
  30          void UART_config(void) {
  31   1          // >>> 记得添加 NVIC.c, UART.c, UART_Isr.c <<<
  32   1          COMx_InitDefine             COMx_InitStructure;                                     //结构定义
  33   1          COMx_InitStructure.UART_Mode      = UART_8bit_BRTx; //模式, UART_ShiftRight,UART_8bit_BRTx,UART_9bit,U
             -ART_9bit_BRTx
  34   1          COMx_InitStructure.UART_BRT_Use   = BRT_Timer1;                     //选择波特率发生器, BRT_Timer1, BRT_Timer2 (注意: 串
             -口2固定使用BRT_Timer2)
  35   1          COMx_InitStructure.UART_BaudRate  = 115200ul;                       //波特率, 一般 110 ~ 115200
  36   1          COMx_InitStructure.UART_RxEnable  = ENABLE;                         //接收允许,   ENABLE或DISABLE
  37   1          COMx_InitStructure.BaudRateDouble = DISABLE;                        //波特率加倍, ENABLE或DISABLE
  38   1          UART_Configuration(UART1, &COMx_InitStructure);             //初始化串口1 UART1,UART2,UART3,UART4
  39   1      
  40   1          NVIC_UART1_Init(ENABLE,Priority_1);         //中断使能, ENABLE/DISABLE; 优先级(低到高) Priority_0,Priority_1,
             -Priority_2,Priority_3
  41   1          UART1_SW(UART1_SW_P30_P31);         // 引脚选择, UART1_SW_P30_P31,UART1_SW_P36_P37,UART1_SW_P16_P17,UART1_SW_
             -P43_P44
  42   1      }
  43          
  44          /******************** INT配置 ********************/
  45          void Exti_config(void)
  46          {
  47   1          EXTI_InitTypeDef    Exti_InitStructure;                                                     //结构定义
  48   1      
  49   1      //    Exti_InitStructure.EXTI_Mode = EXT_MODE_RiseFall;//中断模式,   EXT_MODE_RiseFall,EXT_MODE_Fall
C51 COMPILER V9.60.7.0   MAIN                                                              08/27/2026 22:45:47 PAGE 2   

  50   1      //    Ext_Inilize(EXT_INT0,&Exti_InitStructure);                                //初始化
  51   1      //    NVIC_INT0_Init(ENABLE,Priority_0);    //中断使能, ENABLE/DISABLE; 优先级(低到高) Priority_0,Priority
             -_1,Priority_2,Priority_3
  52   1          
  53   1          Exti_InitStructure.EXTI_Mode = EXT_MODE_Fall;//中断模式,   EXT_MODE_RiseFall,EXT_MODE_Fall
  54   1          Ext_Inilize(EXT_INT0,&Exti_InitStructure);                          //初始化
  55   1          NVIC_INT3_Init(ENABLE,Priority_0);
  56   1      
  57   1      }
  58          
  59          void exti_int0_call(void) {
  60   1      //    if(P32){
  61   1      //        printf("int0 call 抬起 -> Rise上升沿\n");
  62   1      //    } else {
  63   1      //        printf("int0 call 按下 -> Fall下降沿\n");
  64   1      //    }
  65   1      }
  66          
  67          void exti_int3_call(void) {
  68   1      //    if(P37){
  69   1      //        printf("int3 call 抬起 -> Rise上升沿\n");
  70   1      //    } else {
  71   1      //        printf("int3 call 按下 -> Fall下降沿\n");
  72   1      //    }
  73   1      }
  74          
  75          int main(void) {
  76   1          
  77   1          EAXSFR();
  78   1      
  79   1          GPIO_config();
  80   1          UART_config();
  81   1          Exti_config();
  82   1      
  83   1          EA = 1;
  84   1      
  85   1          while (1) {
  86   2              if(4 == WakeUpSource) {
  87   3                  if(!P37) {
  88   4                      delay_ms(10);
  89   4                      if(!P37) {
  90   5                          printf("按下 -> Fall下降沿\n");
  91   5                      }
  92   4                  }
  93   3                  WakeUpSource = 0;
  94   3              }
  95   2              
  96   2          }
  97   1      }


MODULE INFORMATION:   STATIC OVERLAYABLE
   CODE SIZE        =    160    ----
   CONSTANT SIZE    =     20    ----
   XDATA SIZE       =   ----    ----
   PDATA SIZE       =   ----    ----
   DATA SIZE        =   ----      12
   IDATA SIZE       =   ----    ----
   BIT SIZE         =   ----    ----
END OF MODULE INFORMATION.


C51 COMPILATION COMPLETE.  0 WARNING(S),  0 ERROR(S)
