C51 COMPILER V9.60.7.0   MAIN                                                              08/27/2026 21:17:36 PAGE 1   


C51 COMPILER V9.60.7.0, COMPILATION OF MODULE MAIN
OBJECT MODULE PLACED IN .\Objects\main.obj
COMPILER INVOKED BY: D:\Develop\Keil_v5\C51\BIN\C51.EXE main.c OPTIMIZE(8,SPEED) BROWSE DEBUG OBJECTEXTEND PRINT(.\Listi
                    -ngs\main.lst) OBJECT(.\Objects\main.obj)

line level    source

   1          #include "Config.h"
   2          #include "GPIO.h"
   3          #include "UART.h"
   4          #include "NVIC.h"
   5          #include "Switch.h"
   6          #include "Timer.h"
   7          #include "Delay.h"
   8          #include "ADC.h"
   9          #include "STC8H_PWM.h"
  10          #include "I2C.h"
  11          #include "Exti.h"
  12          
  13          
  14          
  15          void GPIO_config(void) {
  16   1          GPIO_InitTypeDef    GPIO_InitStructure;
  17   1          GPIO_InitStructure.Pin  = GPIO_Pin_0 | GPIO_Pin_1;          //指定要初始化的IO,
  18   1          GPIO_InitStructure.Mode = GPIO_PullUp;          //指定IO的输入或输出方式,GPIO_PullUp,GPIO_HighZ,GPIO_OUT_OD
             -,GPIO_OUT_PP
  19   1          GPIO_Inilize(GPIO_P3, &GPIO_InitStructure);//初始化
  20   1      }
  21          
  22          void UART_config(void) {
  23   1          // >>> 记得添加 NVIC.c, UART.c, UART_Isr.c <<<
  24   1          COMx_InitDefine     COMx_InitStructure;                 //结构定义
  25   1          COMx_InitStructure.UART_Mode      = UART_8bit_BRTx; //模式, UART_ShiftRight,UART_8bit_BRTx,UART_9bit,U
             -ART_9bit_BRTx
  26   1          COMx_InitStructure.UART_BRT_Use   = BRT_Timer1;         //选择波特率发生器, BRT_Timer1, BRT_Timer2 (注
             -意: 串口2固定使用BRT_Timer2)
  27   1          COMx_InitStructure.UART_BaudRate  = 115200ul;           //波特率, 一般 110 ~ 115200
  28   1          COMx_InitStructure.UART_RxEnable  = ENABLE;             //接收允许,   ENABLE或DISABLE
  29   1          COMx_InitStructure.BaudRateDouble = DISABLE;            //波特率加倍, ENABLE或DISABLE
  30   1          UART_Configuration(UART1, &COMx_InitStructure);     //初始化串口1 UART1,UART2,UART3,UART4
  31   1      
  32   1          NVIC_UART1_Init(ENABLE, Priority_1);    //中断使能, ENABLE/DISABLE; 优先级(低到高) Priority_0,Priority
             -_1,Priority_2,Priority_3
  33   1          UART1_SW(UART1_SW_P30_P31);     // 引脚选择, UART1_SW_P30_P31,UART1_SW_P36_P37,UART1_SW_P16_P17,UART1_
             -SW_P43_P44
  34   1      }
  35          
  36          
  37          int main(void) {
  38   1          
  39   1          EAXSFR();
  40   1      
  41   1          GPIO_config();
  42   1          UART_config();
  43   1      
  44   1          EA = 1;
  45   1      
  46   1          while (1) {
  47   2              
  48   2          }
  49   1      }
C51 COMPILER V9.60.7.0   MAIN                                                              08/27/2026 21:17:36 PAGE 2   



MODULE INFORMATION:   STATIC OVERLAYABLE
   CODE SIZE        =     74    ----
   CONSTANT SIZE    =   ----    ----
   XDATA SIZE       =   ----    ----
   PDATA SIZE       =   ----    ----
   DATA SIZE        =   ----      11
   IDATA SIZE       =   ----    ----
   BIT SIZE         =   ----    ----
END OF MODULE INFORMATION.


C51 COMPILATION COMPLETE.  0 WARNING(S),  0 ERROR(S)
