BL51 BANKED LINKER/LOCATER V6.22.4.0                                                    08/27/2026  21:17:36  PAGE 1


BL51 BANKED LINKER/LOCATER V6.22.4.0, INVOKED BY:
D:\DEVELOP\KEIL_V5\C51\BIN\BL51.EXE .\Objects\main.obj, .\Objects\ADC.obj, .\Objects\ADC_Isr.obj, .\Objects\Delay.obj, .
>> \Objects\GPIO.obj, .\Objects\I2C.obj, .\Objects\I2C_Isr.obj, .\Objects\NVIC.obj, .\Objects\STC8H_PWM.obj, .\Objects\S
>> TC8H_PWM_Isr.obj, .\Objects\Timer.obj, .\Objects\Timer_Isr.obj, .\Objects\UART.obj, .\Objects\UART_Isr.obj TO .\Objec
>> ts\project PRINT (.\Listings\project.m51) RAMSIZE (256) DISABLEWARNING (16)


MEMORY MODEL: SMALL


INPUT MODULES INCLUDED:
  .\Objects\main.obj (MAIN)
  .\Objects\ADC.obj (ADC)
  .\Objects\ADC_Isr.obj (ADC_ISR)
  .\Objects\Delay.obj (DELAY)
  .\Objects\GPIO.obj (GPIO)
  .\Objects\I2C.obj (I2C)
  .\Objects\I2C_Isr.obj (I2C_ISR)
  .\Objects\NVIC.obj (NVIC)
  .\Objects\STC8H_PWM.obj (STC8H_PWM)
  .\Objects\STC8H_PWM_Isr.obj (STC8H_PWM_ISR)
  .\Objects\Timer.obj (TIMER)
  .\Objects\Timer_Isr.obj (TIMER_ISR)
  .\Objects\UART.obj (UART)
  .\Objects\UART_Isr.obj (UART_ISR)
  D:\DEVELOP\KEIL_V5\C51\LIB\C51S.LIB (?C_STARTUP)
  D:\DEVELOP\KEIL_V5\C51\LIB\C51S.LIB (?C?CLDPTR)
  D:\DEVELOP\KEIL_V5\C51\LIB\C51S.LIB (?C?CLDOPTR)
  D:\DEVELOP\KEIL_V5\C51\LIB\C51S.LIB (?C?CSTPTR)
  D:\DEVELOP\KEIL_V5\C51\LIB\C51S.LIB (?C?ILDPTR)
  D:\DEVELOP\KEIL_V5\C51\LIB\C51S.LIB (?C?ILDOPTR)
  D:\DEVELOP\KEIL_V5\C51\LIB\C51S.LIB (?C?ULDIV)
  D:\DEVELOP\KEIL_V5\C51\LIB\C51S.LIB (?C?ULCMP)
  D:\DEVELOP\KEIL_V5\C51\LIB\C51S.LIB (?C?ULSHR)
  D:\DEVELOP\KEIL_V5\C51\LIB\C51S.LIB (?C?LLDOPTR0)
  D:\DEVELOP\KEIL_V5\C51\LIB\C51S.LIB (?C?LLDIDATA0)
  D:\DEVELOP\KEIL_V5\C51\LIB\C51S.LIB (?C?LLDXDATA0)
  D:\DEVELOP\KEIL_V5\C51\LIB\C51S.LIB (?C?LLDPDATA0)
  D:\DEVELOP\KEIL_V5\C51\LIB\C51S.LIB (?C?LLDCODE0)


LINK MAP OF MODULE:  .\Objects\project (MAIN)


            TYPE    BASE      LENGTH    RELOCATION   SEGMENT NAME
            -----------------------------------------------------

            * * * * * * *   D A T A   M E M O R Y   * * * * * * *
            REG     0000H     0008H     ABSOLUTE     "REG BANK 0"
            DATA    0008H     0014H     UNIT         ?DT?UART
            DATA    001CH     0003H     UNIT         ?DT?I2C_ISR
                    001FH     0001H                  *** GAP ***
            BIT     0020H.0   0000H.1   UNIT         ?BI?I2C_ISR
                    0020H.1   0000H.7                *** GAP ***
            DATA    0021H     0013H     UNIT         _DATA_GROUP_
            DATA    0034H     0006H     UNIT         ?DT?_I2C_WRITENBYTE?I2C
            DATA    003AH     0006H     UNIT         ?DT?_I2C_READNBYTE?I2C
            DATA    0040H     0002H     UNIT         ?DT?_GET_ADCRESULT?ADC
BL51 BANKED LINKER/LOCATER V6.22.4.0                                                  08/27/2026  21:17:36  PAGE 2


            IDATA   0042H     0001H     UNIT         ?STACK

            * * * * * * *  X D A T A   M E M O R Y  * * * * * * *
            XDATA   0000H     02C0H     UNIT         ?XD?UART
            XDATA   02C0H     0008H     UNIT         ?XD?I2C

            * * * * * * *   C O D E   M E M O R Y   * * * * * * *
            CODE    0000H     0003H     ABSOLUTE     
            CODE    0003H     0008H     UNIT         ?PR?GET_MSBUSY_STATUS?I2C
            CODE    000BH     0003H     ABSOLUTE     
            CODE    000EH     000DH     UNIT         ?PR?MAIN?MAIN
            CODE    001BH     0003H     ABSOLUTE     
            CODE    001EH     0005H     UNIT         ?PR?_PUTCHAR?UART
            CODE    0023H     0003H     ABSOLUTE     
            CODE    0026H     0004H     UNIT         ?PR?ADC_ISR_HANDLER?ADC_ISR
                    002AH     0001H                  *** GAP ***
            CODE    002BH     0003H     ABSOLUTE     
            CODE    002EH     0013H     UNIT         ?PR?_PRINTSTRING1?UART
                    0041H     0002H                  *** GAP ***
            CODE    0043H     0003H     ABSOLUTE     
            CODE    0046H     001AH     UNIT         ?PR?_NVIC_INT4_INIT?NVIC
            CODE    0060H     0003H     UNIT         ?PR?TIMER0_ISR_HANDLER?TIMER_ISR
            CODE    0063H     0003H     ABSOLUTE     
            CODE    0066H     0023H     UNIT         ?PR?_NVIC_TIMER4_INIT?NVIC
                    0089H     0002H                  *** GAP ***
            CODE    008BH     0003H     ABSOLUTE     
            CODE    008EH     0003H     UNIT         ?PR?TIMER1_ISR_HANDLER?TIMER_ISR
                    0091H     0002H                  *** GAP ***
            CODE    0093H     0003H     ABSOLUTE     
            CODE    0096H     0003H     UNIT         ?PR?TIMER2_ISR_HANDLER?TIMER_ISR
                    0099H     0002H                  *** GAP ***
            CODE    009BH     0003H     ABSOLUTE     
            CODE    009EH     0003H     UNIT         ?PR?TIMER3_ISR_HANDLER?TIMER_ISR
                    00A1H     0002H                  *** GAP ***
            CODE    00A3H     0003H     ABSOLUTE     
            CODE    00A6H     0019H     UNIT         ?PR?_NVIC_INT3_INIT?NVIC
            CODE    00BFH     0003H     UNIT         ?PR?TIMER4_ISR_HANDLER?TIMER_ISR
                    00C2H     0001H                  *** GAP ***
            CODE    00C3H     0003H     ABSOLUTE     
            CODE    00C6H     04DAH     UNIT         ?PR?_UART_CONFIGURATION?UART
            CODE    05A0H     0412H     UNIT         ?PR?_PWM_CONFIGURATION?STC8H_PWM
            CODE    09B2H     0267H     UNIT         ?PR?_TIMER_INILIZE?TIMER
            CODE    0C19H     0254H     UNIT         ?PR?_GPIO_INILIZE?GPIO
            CODE    0E6DH     0213H     UNIT         ?C?LIB_CODE
            CODE    1080H     014DH     UNIT         ?PR?_UPDATEPWM?STC8H_PWM
            CODE    11CDH     00A3H     UNIT         ?PR?I2C_ISR_HANDLER?I2C_ISR
            CODE    1270H     007CH     UNIT         ?PR?_I2C_INIT?I2C
            CODE    12ECH     007AH     UNIT         ?PR?_NVIC_PWM_INIT?NVIC
            CODE    1366H     006DH     UNIT         ?PR?_GET_ADCRESULT?ADC
            CODE    13D3H     0059H     UNIT         ?PR?_NVIC_I2C_INIT?NVIC
            CODE    142CH     0055H     UNIT         ?PR?_ADC_INILIZE?ADC
            CODE    1481H     0049H     UNIT         ?PR?UART2_ISR_HANDLER?UART_ISR
            CODE    14CAH     0049H     UNIT         ?PR?UART3_ISR_HANDLER?UART_ISR
            CODE    1513H     0049H     UNIT         ?PR?UART4_ISR_HANDLER?UART_ISR
            CODE    155CH     0048H     UNIT         ?PR?_NVIC_CMP_INIT?NVIC
            CODE    15A4H     0047H     UNIT         ?PR?_NVIC_UART3_INIT?NVIC
            CODE    15EBH     0045H     UNIT         ?PR?_NVIC_UART4_INIT?NVIC
BL51 BANKED LINKER/LOCATER V6.22.4.0                                                  08/27/2026  21:17:36  PAGE 3


            CODE    1630H     0044H     UNIT         ?PR?_NVIC_SPI_INIT?NVIC
            CODE    1674H     0043H     UNIT         ?PR?UART1_ISR_HANDLER?UART_ISR
            CODE    16B7H     0040H     UNIT         ?PR?_NVIC_UART2_INIT?NVIC
            CODE    16F7H     003EH     UNIT         ?PR?_NVIC_TIMER0_INIT?NVIC
            CODE    1735H     003EH     UNIT         ?PR?_NVIC_TIMER1_INIT?NVIC
            CODE    1773H     003EH     UNIT         ?PR?_NVIC_INT0_INIT?NVIC
            CODE    17B1H     003EH     UNIT         ?PR?_NVIC_INT1_INIT?NVIC
            CODE    17EFH     003EH     UNIT         ?PR?_NVIC_ADC_INIT?NVIC
            CODE    182DH     003EH     UNIT         ?PR?_NVIC_UART1_INIT?NVIC
            CODE    186BH     003AH     UNIT         ?PR?_I2C_READNBYTE?I2C
            CODE    18A5H     0037H     UNIT         ?PR?_NVIC_RTC_INIT?NVIC
            CODE    18DCH     0036H     UNIT         ?PR?_NVIC_DMA_ADC_INIT?NVIC
            CODE    1912H     0036H     UNIT         ?PR?_NVIC_DMA_M2M_INIT?NVIC
            CODE    1948H     0036H     UNIT         ?PR?_NVIC_DMA_SPI_INIT?NVIC
            CODE    197EH     0036H     UNIT         ?PR?_NVIC_DMA_UART1_TX_INIT?NVIC
            CODE    19B4H     0036H     UNIT         ?PR?_NVIC_DMA_UART1_RX_INIT?NVIC
            CODE    19EAH     0036H     UNIT         ?PR?_NVIC_DMA_UART2_TX_INIT?NVIC
            CODE    1A20H     0036H     UNIT         ?PR?_NVIC_DMA_UART2_RX_INIT?NVIC
            CODE    1A56H     0036H     UNIT         ?PR?_NVIC_DMA_UART3_TX_INIT?NVIC
            CODE    1A8CH     0036H     UNIT         ?PR?_NVIC_DMA_UART3_RX_INIT?NVIC
            CODE    1AC2H     0036H     UNIT         ?PR?_NVIC_DMA_UART4_TX_INIT?NVIC
            CODE    1AF8H     0036H     UNIT         ?PR?_NVIC_DMA_UART4_RX_INIT?NVIC
            CODE    1B2EH     0036H     UNIT         ?PR?_NVIC_DMA_LCM_INIT?NVIC
            CODE    1B64H     0031H     UNIT         ?PR?_I2C_WRITENBYTE?I2C
            CODE    1B95H     002DH     UNIT         ?PR?UART_CONFIG?MAIN
            CODE    1BC2H     0029H     UNIT         ?PR?_NVIC_LCM_INIT?NVIC
            CODE    1BEBH     0022H     UNIT         ?PR?_NVIC_TIMER2_INIT?NVIC
            CODE    1C0DH     0022H     UNIT         ?PR?_NVIC_TIMER3_INIT?NVIC
            CODE    1C2FH     0018H     UNIT         ?PR?_NVIC_INT2_INIT?NVIC
            CODE    1C47H     0013H     UNIT         ?PR?_PRINTSTRING2?UART
            CODE    1C5AH     0013H     UNIT         ?PR?_PRINTSTRING3?UART
            CODE    1C6DH     0013H     UNIT         ?PR?_PRINTSTRING4?UART
            CODE    1C80H     0010H     UNIT         ?PR?GPIO_CONFIG?MAIN
            CODE    1C90H     0010H     UNIT         ?PR?_DELAY_MS?DELAY
            CODE    1CA0H     000FH     UNIT         ?PR?RECVACK?I2C
            CODE    1CAFH     000FH     UNIT         ?PR?RECVDATA?I2C
            CODE    1CBEH     000FH     UNIT         ?PR?SENDNAK?I2C
            CODE    1CCDH     000EH     UNIT         ?PR?_SENDDATA?I2C
            CODE    1CDBH     000EH     UNIT         ?PR?SENDACK?I2C
            CODE    1CE9H     000DH     UNIT         ?PR?_SENDCMDDATA?I2C
            CODE    1CF6H     000CH     UNIT         ?PR?WAIT?I2C
            CODE    1D02H     000CH     UNIT         ?C_C51STARTUP
            CODE    1D0EH     000BH     UNIT         ?PR?_ADC_POWERCONTROL?ADC
            CODE    1D19H     000AH     UNIT         ?PR?_TX1_WRITE2BUFF?UART
            CODE    1D23H     000AH     UNIT         ?PR?_TX2_WRITE2BUFF?UART
            CODE    1D2DH     000AH     UNIT         ?PR?_TX3_WRITE2BUFF?UART
            CODE    1D37H     000AH     UNIT         ?PR?_TX4_WRITE2BUFF?UART
            CODE    1D41H     0009H     UNIT         ?PR?START?I2C
            CODE    1D4AH     0009H     UNIT         ?PR?STOP?I2C



OVERLAY MAP OF MODULE:   .\Objects\project (MAIN)


SEGMENT                                    DATA_GROUP 
  +--> CALLED SEGMENT                    START    LENGTH
BL51 BANKED LINKER/LOCATER V6.22.4.0                                                  08/27/2026  21:17:36  PAGE 4


--------------------------------------------------------
?C_C51STARTUP                            -----    -----
  +--> ?PR?MAIN?MAIN

?PR?MAIN?MAIN                            -----    -----
  +--> ?PR?GPIO_CONFIG?MAIN
  +--> ?PR?UART_CONFIG?MAIN

?PR?GPIO_CONFIG?MAIN                     0021H    0002H
  +--> ?PR?_GPIO_INILIZE?GPIO

?PR?UART_CONFIG?MAIN                     0021H    0009H
  +--> ?PR?_UART_CONFIGURATION?UART
  +--> ?PR?_NVIC_UART1_INIT?NVIC

?PR?_UART_CONFIGURATION?UART             002AH    000AH



SYMBOL TABLE OF MODULE:  .\Objects\project (MAIN)

  VALUE           TYPE          NAME
  ----------------------------------

  -------         MODULE        MAIN
  C:0000H         SYMBOL        _ICE_DUMMY_
  D:0080H         PUBLIC        P0
  D:0090H         PUBLIC        P1
  D:00A0H         PUBLIC        P2
  D:00B0H         PUBLIC        P3
  D:00C0H         PUBLIC        P4
  D:00C8H         PUBLIC        P5
  D:00E8H         PUBLIC        P6
  B:00A8H.7       PUBLIC        EA
  D:00F8H         PUBLIC        P7
  C:1C80H         PUBLIC        GPIO_config
  D:00A2H         PUBLIC        P_SW1
  D:00BAH         PUBLIC        P_SW2
  D:00A8H         PUBLIC        IE
  C:1B95H         PUBLIC        UART_config
  D:00B8H         PUBLIC        IP
  C:000EH         PUBLIC        main
  D:0098H         PUBLIC        SCON
  D:0088H         PUBLIC        TCON
  D:00F0H         PUBLIC        B
  D:00E0H         PUBLIC        ACC
  D:00D0H         PUBLIC        PSW
  -------         PROC          GPIO_CONFIG
  -------         DO            
  D:0021H         SYMBOL        GPIO_InitStructure
  -------         ENDDO         
  C:1C80H         LINE#         15
  C:1C80H         LINE#         17
  C:1C83H         LINE#         18
  C:1C86H         LINE#         19
  -------         ENDPROC       GPIO_CONFIG
  -------         PROC          UART_CONFIG
BL51 BANKED LINKER/LOCATER V6.22.4.0                                                  08/27/2026  21:17:36  PAGE 5


  -------         DO            
  D:0021H         SYMBOL        COMx_InitStructure
  -------         ENDDO         
  C:1B95H         LINE#         22
  C:1B95H         LINE#         25
  C:1B98H         LINE#         26
  C:1B9BH         LINE#         27
  C:1BA7H         LINE#         28
  C:1BAAH         LINE#         29
  C:1BADH         LINE#         30
  C:1BB7H         LINE#         32
  C:1BBEH         LINE#         33
  C:1BC1H         LINE#         34
  -------         ENDPROC       UART_CONFIG
  -------         PROC          MAIN
  C:000EH         LINE#         37
  C:000EH         LINE#         39
  C:0011H         LINE#         41
  C:0014H         LINE#         42
  C:0017H         LINE#         44
  C:0019H         LINE#         46
  C:0019H         LINE#         48
  -------         ENDPROC       MAIN
  -------         ENDMOD        MAIN

  -------         MODULE        ADC
  C:0000H         SYMBOL        _ICE_DUMMY_
  D:0080H         PUBLIC        P0
  D:0090H         PUBLIC        P1
  C:142CH         PUBLIC        _ADC_Inilize
  D:00A0H         PUBLIC        P2
  D:00B0H         PUBLIC        P3
  D:00C0H         PUBLIC        P4
  D:00C8H         PUBLIC        P5
  D:00E8H         PUBLIC        P6
  D:00F8H         PUBLIC        P7
  D:00A8H         PUBLIC        IE
  D:00BDH         PUBLIC        ADC_RES
  D:00B8H         PUBLIC        IP
  D:00DEH         PUBLIC        ADCCFG
  C:1D0EH         PUBLIC        _ADC_PowerControl
  D:00BCH         PUBLIC        ADC_CONTR
  D:0098H         PUBLIC        SCON
  D:0088H         PUBLIC        TCON
  D:00F0H         PUBLIC        B
  D:00E0H         PUBLIC        ACC
  C:1366H         PUBLIC        _Get_ADCResult
  D:00BEH         PUBLIC        ADC_RESL
  D:00D0H         PUBLIC        PSW
  -------         PROC          _ADC_INILIZE
  D:0001H         SYMBOL        ADCx
  C:142CH         LINE#         22
  C:142CH         LINE#         23
  C:142CH         LINE#         24
  C:143AH         LINE#         25
  C:144CH         LINE#         27
  C:1455H         LINE#         28
BL51 BANKED LINKER/LOCATER V6.22.4.0                                                  08/27/2026  21:17:36  PAGE 6


  C:1461H         LINE#         29
  C:146DH         LINE#         31
  C:1480H         LINE#         32
  -------         ENDPROC       _ADC_INILIZE
  -------         PROC          _ADC_POWERCONTROL
  D:0007H         SYMBOL        pwr
  C:1D0EH         LINE#         42
  C:1D0EH         LINE#         43
  C:1D0EH         LINE#         44
  C:1D15H         LINE#         45
  C:1D18H         LINE#         46
  -------         ENDPROC       _ADC_POWERCONTROL
  -------         PROC          _GET_ADCRESULT
  D:0007H         SYMBOL        channel
  -------         DO            
  D:0040H         SYMBOL        adc
  D:0005H         SYMBOL        i
  -------         ENDDO         
  C:1366H         LINE#         55
  C:1366H         LINE#         56
  C:1366H         LINE#         60
  C:136EH         LINE#         61
  C:1371H         LINE#         62
  C:1373H         LINE#         64
  C:137CH         LINE#         65
  C:1386H         LINE#         67
  C:1388H         LINE#         68
  C:1388H         LINE#         69
  C:138DH         LINE#         70
  C:138DH         LINE#         71
  C:1390H         LINE#         72
  C:1397H         LINE#         73
  C:1397H         LINE#         74
  C:13A3H         LINE#         75
  C:13A5H         LINE#         77
  C:13A5H         LINE#         79
  C:13AAH         LINE#         80
  C:13C5H         LINE#         85
  C:13C5H         LINE#         86
  C:13CAH         LINE#         87
  C:13CAH         LINE#         88
  C:13CEH         LINE#         89
  C:13D2H         LINE#         90
  -------         ENDPROC       _GET_ADCRESULT
  -------         ENDMOD        ADC

  -------         MODULE        ADC_ISR
  C:0000H         SYMBOL        _ICE_DUMMY_
  D:0080H         PUBLIC        P0
  D:0090H         PUBLIC        P1
  D:00A0H         PUBLIC        P2
  D:00B0H         PUBLIC        P3
  D:00C0H         PUBLIC        P4
  D:00C8H         PUBLIC        P5
  D:00E8H         PUBLIC        P6
  D:00F8H         PUBLIC        P7
  D:00A8H         PUBLIC        IE
BL51 BANKED LINKER/LOCATER V6.22.4.0                                                  08/27/2026  21:17:36  PAGE 7


  D:00B8H         PUBLIC        IP
  D:00BCH         PUBLIC        ADC_CONTR
  D:0098H         PUBLIC        SCON
  D:0088H         PUBLIC        TCON
  C:0026H         PUBLIC        ADC_ISR_Handler
  D:00F0H         PUBLIC        B
  D:00E0H         PUBLIC        ACC
  D:00D0H         PUBLIC        PSW
  -------         PROC          ADC_ISR_HANDLER
  C:0026H         LINE#         22
  C:0026H         LINE#         24
  C:0029H         LINE#         28
  -------         ENDPROC       ADC_ISR_HANDLER
  -------         ENDMOD        ADC_ISR

  -------         MODULE        DELAY
  C:0000H         SYMBOL        _ICE_DUMMY_
  D:0080H         PUBLIC        P0
  D:0090H         PUBLIC        P1
  D:00A0H         PUBLIC        P2
  D:00B0H         PUBLIC        P3
  D:00C0H         PUBLIC        P4
  D:00C8H         PUBLIC        P5
  D:00E8H         PUBLIC        P6
  D:00F8H         PUBLIC        P7
  D:00A8H         PUBLIC        IE
  D:00B8H         PUBLIC        IP
  D:0098H         PUBLIC        SCON
  D:0088H         PUBLIC        TCON
  D:00F0H         PUBLIC        B
  D:00E0H         PUBLIC        ACC
  C:1C90H         PUBLIC        _delay_ms
  D:00D0H         PUBLIC        PSW
  -------         PROC          _DELAY_MS
  D:0007H         SYMBOL        ms
  -------         DO            
  D:0004H         SYMBOL        i
  -------         ENDDO         
  C:1C90H         LINE#         24
  C:1C90H         LINE#         25
  C:1C90H         LINE#         27
  C:1C90H         LINE#         28
  C:1C94H         LINE#         29
  C:1C9DH         LINE#         30
  C:1C9FH         LINE#         31
  -------         ENDPROC       _DELAY_MS
  -------         ENDMOD        DELAY

  -------         MODULE        GPIO
  C:0000H         SYMBOL        _ICE_DUMMY_
  D:0093H         PUBLIC        P0M1
  D:0092H         PUBLIC        P1M0
  D:0096H         PUBLIC        P2M0
  D:0091H         PUBLIC        P1M1
  D:0080H         PUBLIC        P0
  D:00B2H         PUBLIC        P3M0
  D:0095H         PUBLIC        P2M1
BL51 BANKED LINKER/LOCATER V6.22.4.0                                                  08/27/2026  21:17:36  PAGE 8


  D:0090H         PUBLIC        P1
  D:00B4H         PUBLIC        P4M0
  D:00B1H         PUBLIC        P3M1
  D:00A0H         PUBLIC        P2
  D:00CAH         PUBLIC        P5M0
  D:00B3H         PUBLIC        P4M1
  D:00B0H         PUBLIC        P3
  D:00CCH         PUBLIC        P6M0
  D:00C9H         PUBLIC        P5M1
  D:00C0H         PUBLIC        P4
  D:00E2H         PUBLIC        P7M0
  D:00CBH         PUBLIC        P6M1
  D:00C8H         PUBLIC        P5
  D:00E8H         PUBLIC        P6
  D:00E1H         PUBLIC        P7M1
  D:00F8H         PUBLIC        P7
  D:00A8H         PUBLIC        IE
  D:00B8H         PUBLIC        IP
  D:0098H         PUBLIC        SCON
  D:0088H         PUBLIC        TCON
  D:00F0H         PUBLIC        B
  D:00E0H         PUBLIC        ACC
  C:0C19H         PUBLIC        _GPIO_Inilize
  D:00D0H         PUBLIC        PSW
  D:0094H         PUBLIC        P0M0
  -------         PROC          _GPIO_INILIZE
  D:0007H         SYMBOL        GPIO
  D:0001H         SYMBOL        GPIOx
  C:0C19H         LINE#         22
  C:0C19H         LINE#         23
  C:0C19H         LINE#         24
  C:0C22H         LINE#         25
  C:0C2EH         LINE#         26
  C:0C31H         LINE#         27
  C:0C31H         LINE#         28
  C:0C3FH         LINE#         29
  C:0C50H         LINE#         30
  C:0C61H         LINE#         31
  C:0C72H         LINE#         32
  C:0C72H         LINE#         33
  C:0C77H         LINE#         34
  C:0C77H         LINE#         35
  C:0C88H         LINE#         36
  C:0C97H         LINE#         37
  C:0CA7H         LINE#         38
  C:0CBAH         LINE#         39
  C:0CBAH         LINE#         40
  C:0CBFH         LINE#         41
  C:0CBFH         LINE#         42
  C:0CD0H         LINE#         43
  C:0CDFH         LINE#         44
  C:0CEFH         LINE#         45
  C:0D02H         LINE#         46
  C:0D02H         LINE#         47
  C:0D07H         LINE#         48
  C:0D07H         LINE#         49
  C:0D18H         LINE#         50
BL51 BANKED LINKER/LOCATER V6.22.4.0                                                  08/27/2026  21:17:36  PAGE 9


  C:0D27H         LINE#         51
  C:0D37H         LINE#         52
  C:0D4AH         LINE#         53
  C:0D4AH         LINE#         54
  C:0D4FH         LINE#         55
  C:0D4FH         LINE#         56
  C:0D60H         LINE#         57
  C:0D6FH         LINE#         58
  C:0D7FH         LINE#         59
  C:0D92H         LINE#         60
  C:0D92H         LINE#         61
  C:0D97H         LINE#         62
  C:0D97H         LINE#         63
  C:0DA8H         LINE#         64
  C:0DB7H         LINE#         65
  C:0DC7H         LINE#         66
  C:0DDAH         LINE#         67
  C:0DDAH         LINE#         68
  C:0DDFH         LINE#         69
  C:0DDFH         LINE#         70
  C:0DF0H         LINE#         71
  C:0DFFH         LINE#         72
  C:0E0FH         LINE#         73
  C:0E22H         LINE#         74
  C:0E22H         LINE#         75
  C:0E27H         LINE#         76
  C:0E27H         LINE#         77
  C:0E38H         LINE#         78
  C:0E47H         LINE#         79
  C:0E57H         LINE#         80
  C:0E6AH         LINE#         81
  C:0E6AH         LINE#         82
  C:0E6CH         LINE#         83
  -------         ENDPROC       _GPIO_INILIZE
  -------         ENDMOD        GPIO

  -------         MODULE        I2C
  C:0000H         SYMBOL        _ICE_DUMMY_
  D:0080H         PUBLIC        P0
  D:0090H         PUBLIC        P1
  D:00A0H         PUBLIC        P2
  D:00B0H         PUBLIC        P3
  D:00C0H         PUBLIC        P4
  D:00C8H         PUBLIC        P5
  D:00E8H         PUBLIC        P6
  D:00F8H         PUBLIC        P7
  C:1CCDH         PUBLIC        _SendData
  D:00A8H         PUBLIC        IE
  C:1CAFH         PUBLIC        RecvData
  C:1D41H         PUBLIC        Start
  C:1CF6H         PUBLIC        Wait
  D:00B8H         PUBLIC        IP
  C:1CE9H         PUBLIC        _SendCmdData
  C:186BH         PUBLIC        _I2C_ReadNbyte
  C:1D4AH         PUBLIC        Stop
  C:0003H         PUBLIC        Get_MSBusy_Status
  C:1B64H         PUBLIC        _I2C_WriteNbyte
BL51 BANKED LINKER/LOCATER V6.22.4.0                                                  08/27/2026  21:17:36  PAGE 10


  D:0098H         PUBLIC        SCON
  C:1270H         PUBLIC        _I2C_Init
  D:0088H         PUBLIC        TCON
  D:00F0H         PUBLIC        B
  D:00E0H         PUBLIC        ACC
  C:1CDBH         PUBLIC        SendACK
  C:1CA6H         PUBLIC        RecvACK
  C:1CBEH         PUBLIC        SendNAK
  D:00D0H         PUBLIC        PSW
  X:02C0H         PUBLIC        I2C_Buffer
  -------         PROC          _I2C_INIT
  D:0001H         SYMBOL        I2Cx
  C:1270H         LINE#         24
  C:1270H         LINE#         25
  C:1270H         LINE#         26
  C:127AH         LINE#         27
  C:127AH         LINE#         28
  C:1281H         LINE#         29
  C:1286H         LINE#         30
  C:1294H         LINE#         31
  C:12A2H         LINE#         32
  C:12A2H         LINE#         33
  C:12A4H         LINE#         35
  C:12A4H         LINE#         36
  C:12ABH         LINE#         37
  C:12B0H         LINE#         38
  C:12C1H         LINE#         39
  C:12D3H         LINE#         40
  C:12D7H         LINE#         41
  C:12D7H         LINE#         43
  C:12EBH         LINE#         44
  -------         ENDPROC       _I2C_INIT
  -------         PROC          GET_MSBUSY_STATUS
  C:0003H         LINE#         53
  C:0003H         LINE#         54
  C:0003H         LINE#         55
  C:000AH         LINE#         56
  -------         ENDPROC       GET_MSBUSY_STATUS
  -------         PROC          WAIT
  C:1CF6H         LINE#         65
  C:1CF6H         LINE#         66
  C:1CF6H         LINE#         67
  C:1CFDH         LINE#         68
  C:1D01H         LINE#         69
  -------         ENDPROC       WAIT
  -------         PROC          START
  C:1D41H         LINE#         78
  C:1D41H         LINE#         79
  C:1D41H         LINE#         80
  C:1D47H         LINE#         81
  -------         ENDPROC       START
  -------         PROC          _SENDDATA
  D:0007H         SYMBOL        dat
  C:1CCDH         LINE#         91
  C:1CCDH         LINE#         92
  C:1CCDH         LINE#         93
  C:1CD2H         LINE#         94
BL51 BANKED LINKER/LOCATER V6.22.4.0                                                  08/27/2026  21:17:36  PAGE 11


  C:1CD8H         LINE#         95
  -------         ENDPROC       _SENDDATA
  -------         PROC          L?0034
  -------         ENDPROC       L?0034
  -------         PROC          RECVACK
  C:1CA6H         LINE#         105
  C:1CA6H         LINE#         106
  C:1CA6H         LINE#         107
  C:1CACH         LINE#         108
  -------         ENDPROC       RECVACK
  -------         PROC          RECVDATA
  C:1CAFH         LINE#         118
  C:1CAFH         LINE#         119
  C:1CAFH         LINE#         120
  C:1CB5H         LINE#         121
  C:1CB8H         LINE#         122
  C:1CBDH         LINE#         123
  -------         ENDPROC       RECVDATA
  -------         PROC          SENDACK
  C:1CDBH         LINE#         132
  C:1CDBH         LINE#         133
  C:1CDBH         LINE#         134
  C:1CE0H         LINE#         135
  C:1CE6H         LINE#         136
  -------         ENDPROC       SENDACK
  -------         PROC          SENDNAK
  C:1CBEH         LINE#         146
  C:1CBEH         LINE#         147
  C:1CBEH         LINE#         148
  C:1CC4H         LINE#         149
  C:1CCAH         LINE#         150
  -------         ENDPROC       SENDNAK
  -------         PROC          STOP
  C:1D4AH         LINE#         160
  C:1D4AH         LINE#         161
  C:1D4AH         LINE#         162
  C:1D50H         LINE#         163
  -------         ENDPROC       STOP
  -------         PROC          _SENDCMDDATA
  D:0007H         SYMBOL        cmd
  D:0005H         SYMBOL        dat
  C:1CE9H         LINE#         173
  C:1CE9H         LINE#         174
  C:1CE9H         LINE#         175
  C:1CEEH         LINE#         176
  C:1CF3H         LINE#         177
  -------         ENDPROC       _SENDCMDDATA
  -------         PROC          _I2C_WRITENBYTE
  D:0007H         SYMBOL        dev_addr
  D:0006H         SYMBOL        mem_addr
  D:0036H         SYMBOL        p
  D:0039H         SYMBOL        number
  C:1B64H         LINE#         187
  C:1B6CH         LINE#         188
  C:1B6CH         LINE#         189
  C:1B6CH         LINE#         190
  C:1B6CH         LINE#         191
BL51 BANKED LINKER/LOCATER V6.22.4.0                                                  08/27/2026  21:17:36  PAGE 12


  C:1B6FH         LINE#         192
  C:1B74H         LINE#         193
  C:1B77H         LINE#         195
  C:1B77H         LINE#         196
  C:1B8CH         LINE#         197
  C:1B8FH         LINE#         198
  C:1B8FH         LINE#         199
  C:1B92H         LINE#         200
  -------         ENDPROC       _I2C_WRITENBYTE
  -------         PROC          _I2C_READNBYTE
  D:0006H         SYMBOL        dev_addr
  D:0005H         SYMBOL        mem_addr
  D:0001H         SYMBOL        p
  D:003FH         SYMBOL        number
  C:186BH         LINE#         210
  C:186DH         LINE#         211
  C:186DH         LINE#         212
  C:186DH         LINE#         213
  C:186DH         LINE#         214
  C:1870H         LINE#         215
  C:1875H         LINE#         216
  C:1878H         LINE#         217
  C:187BH         LINE#         218
  C:1882H         LINE#         219
  C:1885H         LINE#         221
  C:1885H         LINE#         222
  C:188CH         LINE#         223
  C:1893H         LINE#         224
  C:189CH         LINE#         225
  C:189CH         LINE#         226
  C:189FH         LINE#         227
  C:18A2H         LINE#         228
  -------         ENDPROC       _I2C_READNBYTE
  -------         ENDMOD        I2C

  -------         MODULE        I2C_ISR
  C:0000H         SYMBOL        _ICE_DUMMY_
  D:0080H         PUBLIC        P0
  D:0090H         PUBLIC        P1
  D:00A0H         PUBLIC        P2
  D:00B0H         PUBLIC        P3
  D:00C0H         PUBLIC        P4
  D:00C8H         PUBLIC        P5
  D:00E8H         PUBLIC        P6
  D:00F8H         PUBLIC        P7
  D:00A8H         PUBLIC        IE
  D:00B8H         PUBLIC        IP
  C:11CDH         PUBLIC        I2C_ISR_Handler
  D:0098H         PUBLIC        SCON
  D:0088H         PUBLIC        TCON
  D:00F0H         PUBLIC        B
  D:00E0H         PUBLIC        ACC
  B:0020H.0       PUBLIC        DisplayFlag
  D:001CH         PUBLIC        I2CIsr
  D:00D0H         PUBLIC        PSW
  -------         PROC          I2C_ISR_HANDLER
  C:11CDH         LINE#         34
BL51 BANKED LINKER/LOCATER V6.22.4.0                                                  08/27/2026  21:17:36  PAGE 13


  C:11DCH         LINE#         37
  C:11E3H         LINE#         38
  C:11E3H         LINE#         39
  C:11E7H         LINE#         40
  C:11E9H         LINE#         41
  C:11F0H         LINE#         42
  C:11F0H         LINE#         43
  C:11F4H         LINE#         44
  C:11F8H         LINE#         45
  C:11F8H         LINE#         46
  C:11FBH         LINE#         47
  C:11FDH         LINE#         48
  C:1201H         LINE#         49
  C:1201H         LINE#         50
  C:1204H         LINE#         51
  C:120AH         LINE#         52
  C:120CH         LINE#         53
  C:120EH         LINE#         55
  C:120EH         LINE#         56
  C:1223H         LINE#         57
  C:1223H         LINE#         58
  C:1225H         LINE#         59
  C:122CH         LINE#         60
  C:122CH         LINE#         61
  C:1230H         LINE#         62
  C:1234H         LINE#         63
  C:1234H         LINE#         64
  C:123AH         LINE#         65
  C:123CH         LINE#         67
  C:123CH         LINE#         68
  C:124EH         LINE#         69
  C:124EH         LINE#         70
  C:1250H         LINE#         71
  C:1257H         LINE#         72
  C:1257H         LINE#         73
  C:125BH         LINE#         74
  C:125EH         LINE#         75
  C:1261H         LINE#         76
  C:1263H         LINE#         77
  C:1263H         LINE#         78
  -------         ENDPROC       I2C_ISR_HANDLER
  -------         ENDMOD        I2C_ISR

  -------         MODULE        NVIC
  C:0000H         SYMBOL        _ICE_DUMMY_
  D:0080H         PUBLIC        P0
  D:0090H         PUBLIC        P1
  D:00A0H         PUBLIC        P2
  D:00B0H         PUBLIC        P3
  D:00C0H         PUBLIC        P4
  C:18DCH         PUBLIC        _NVIC_DMA_ADC_Init
  D:00C8H         PUBLIC        P5
  D:00E8H         PUBLIC        P6
  D:00F8H         PUBLIC        P7
  C:1912H         PUBLIC        _NVIC_DMA_M2M_Init
  B:00A8H.5       PUBLIC        EADC
  D:00A8H         PUBLIC        IE
BL51 BANKED LINKER/LOCATER V6.22.4.0                                                  08/27/2026  21:17:36  PAGE 14


  D:00B6H         PUBLIC        IP2H
  D:00EEH         PUBLIC        IP3H
  D:008FH         PUBLIC        INTCLKO
  B:00A8H.4       PUBLIC        ES
  C:1B2EH         PUBLIC        _NVIC_DMA_LCM_Init
  B:00B8H.5       PUBLIC        PADC
  D:00B8H         PUBLIC        IP
  B:00B8H.4       PUBLIC        PS
  C:1773H         PUBLIC        _NVIC_INT0_Init
  C:17B1H         PUBLIC        _NVIC_INT1_Init
  C:1C2FH         PUBLIC        _NVIC_INT2_Init
  C:00A6H         PUBLIC        _NVIC_INT3_Init
  D:00E6H         PUBLIC        CMPCR1
  C:1948H         PUBLIC        _NVIC_DMA_SPI_Init
  C:0046H         PUBLIC        _NVIC_INT4_Init
  D:0098H         PUBLIC        SCON
  D:0088H         PUBLIC        TCON
  C:16F7H         PUBLIC        _NVIC_Timer0_Init
  C:1735H         PUBLIC        _NVIC_Timer1_Init
  C:1BEBH         PUBLIC        _NVIC_Timer2_Init
  C:1C0DH         PUBLIC        _NVIC_Timer3_Init
  D:00AFH         PUBLIC        IE2
  C:0066H         PUBLIC        _NVIC_Timer4_Init
  D:00F0H         PUBLIC        B
  C:13D3H         PUBLIC        _NVIC_I2C_Init
  D:00E0H         PUBLIC        ACC
  B:00A8H.1       PUBLIC        ET0
  B:00A8H.3       PUBLIC        ET1
  D:00B5H         PUBLIC        IP2
  D:00DFH         PUBLIC        IP3
  B:00A8H.0       PUBLIC        EX0
  B:00A8H.2       PUBLIC        EX1
  C:17EFH         PUBLIC        _NVIC_ADC_Init
  B:00B8H.1       PUBLIC        PT0
  B:00B8H.3       PUBLIC        PT1
  C:19B4H         PUBLIC        _NVIC_DMA_UART1_Rx_Init
  C:1A20H         PUBLIC        _NVIC_DMA_UART2_Rx_Init
  C:1A8CH         PUBLIC        _NVIC_DMA_UART3_Rx_Init
  C:197EH         PUBLIC        _NVIC_DMA_UART1_Tx_Init
  B:00B8H.0       PUBLIC        PX0
  C:1AF8H         PUBLIC        _NVIC_DMA_UART4_Rx_Init
  C:19EAH         PUBLIC        _NVIC_DMA_UART2_Tx_Init
  B:00B8H.2       PUBLIC        PX1
  C:1A56H         PUBLIC        _NVIC_DMA_UART3_Tx_Init
  C:1AC2H         PUBLIC        _NVIC_DMA_UART4_Tx_Init
  D:00B7H         PUBLIC        IPH
  C:1BC2H         PUBLIC        _NVIC_LCM_Init
  C:155CH         PUBLIC        _NVIC_CMP_Init
  C:18A5H         PUBLIC        _NVIC_RTC_Init
  C:1630H         PUBLIC        _NVIC_SPI_Init
  C:182DH         PUBLIC        _NVIC_UART1_Init
  C:16B7H         PUBLIC        _NVIC_UART2_Init
  C:15A4H         PUBLIC        _NVIC_UART3_Init
  C:15EBH         PUBLIC        _NVIC_UART4_Init
  D:00D0H         PUBLIC        PSW
  C:12ECH         PUBLIC        _NVIC_PWM_Init
  -------         PROC          _NVIC_TIMER0_INIT
BL51 BANKED LINKER/LOCATER V6.22.4.0                                                  08/27/2026  21:17:36  PAGE 15


  D:0007H         SYMBOL        State
  D:0005H         SYMBOL        Priority
  C:16F7H         LINE#         23
  C:16F7H         LINE#         24
  C:16F7H         LINE#         25
  C:1700H         LINE#         26
  C:1709H         LINE#         27
  C:1712H         LINE#         28
  C:1732H         LINE#         29
  C:1734H         LINE#         30
  -------         ENDPROC       _NVIC_TIMER0_INIT
  -------         PROC          _NVIC_TIMER1_INIT
  D:0007H         SYMBOL        State
  D:0005H         SYMBOL        Priority
  C:1735H         LINE#         40
  C:1735H         LINE#         41
  C:1735H         LINE#         42
  C:173EH         LINE#         43
  C:1747H         LINE#         44
  C:1750H         LINE#         45
  C:1770H         LINE#         46
  C:1772H         LINE#         47
  -------         ENDPROC       _NVIC_TIMER1_INIT
  -------         PROC          _NVIC_TIMER2_INIT
  D:0007H         SYMBOL        State
  D:0005H         SYMBOL        Priority
  C:1BEBH         LINE#         57
  C:1BEBH         LINE#         58
  C:1BEBH         LINE#         59
  C:1BF4H         LINE#         60
  C:1BFDH         LINE#         61
  C:1C0AH         LINE#         62
  C:1C0BH         LINE#         63
  C:1C0CH         LINE#         64
  -------         ENDPROC       _NVIC_TIMER2_INIT
  -------         PROC          _NVIC_TIMER3_INIT
  D:0007H         SYMBOL        State
  D:0005H         SYMBOL        Priority
  C:1C0DH         LINE#         74
  C:1C0DH         LINE#         75
  C:1C0DH         LINE#         76
  C:1C16H         LINE#         77
  C:1C1FH         LINE#         78
  C:1C2CH         LINE#         79
  C:1C2DH         LINE#         80
  C:1C2EH         LINE#         81
  -------         ENDPROC       _NVIC_TIMER3_INIT
  -------         PROC          _NVIC_TIMER4_INIT
  D:0007H         SYMBOL        State
  D:0005H         SYMBOL        Priority
  C:0066H         LINE#         91
  C:0066H         LINE#         92
  C:0066H         LINE#         93
  C:006FH         LINE#         94
  C:0078H         LINE#         95
  C:0086H         LINE#         96
  C:0087H         LINE#         97
BL51 BANKED LINKER/LOCATER V6.22.4.0                                                  08/27/2026  21:17:36  PAGE 16


  C:0088H         LINE#         98
  -------         ENDPROC       _NVIC_TIMER4_INIT
  -------         PROC          _NVIC_INT0_INIT
  D:0007H         SYMBOL        State
  D:0005H         SYMBOL        Priority
  C:1773H         LINE#         108
  C:1773H         LINE#         109
  C:1773H         LINE#         110
  C:177CH         LINE#         111
  C:1785H         LINE#         112
  C:178EH         LINE#         113
  C:17AEH         LINE#         114
  C:17B0H         LINE#         115
  -------         ENDPROC       _NVIC_INT0_INIT
  -------         PROC          _NVIC_INT1_INIT
  D:0007H         SYMBOL        State
  D:0005H         SYMBOL        Priority
  C:17B1H         LINE#         125
  C:17B1H         LINE#         126
  C:17B1H         LINE#         127
  C:17BAH         LINE#         128
  C:17C3H         LINE#         129
  C:17CCH         LINE#         130
  C:17ECH         LINE#         131
  C:17EEH         LINE#         132
  -------         ENDPROC       _NVIC_INT1_INIT
  -------         PROC          _NVIC_INT2_INIT
  D:0007H         SYMBOL        State
  D:0005H         SYMBOL        Priority
  C:1C2FH         LINE#         142
  C:1C2FH         LINE#         143
  C:1C2FH         LINE#         144
  C:1C38H         LINE#         145
  C:1C44H         LINE#         146
  C:1C45H         LINE#         147
  C:1C46H         LINE#         148
  -------         ENDPROC       _NVIC_INT2_INIT
  -------         PROC          _NVIC_INT3_INIT
  D:0007H         SYMBOL        State
  D:0005H         SYMBOL        Priority
  C:00A6H         LINE#         158
  C:00A6H         LINE#         159
  C:00A6H         LINE#         160
  C:00AFH         LINE#         161
  C:00BCH         LINE#         162
  C:00BDH         LINE#         163
  C:00BEH         LINE#         164
  -------         ENDPROC       _NVIC_INT3_INIT
  -------         PROC          _NVIC_INT4_INIT
  D:0007H         SYMBOL        State
  D:0005H         SYMBOL        Priority
  C:0046H         LINE#         174
  C:0046H         LINE#         175
  C:0046H         LINE#         176
  C:004FH         LINE#         177
  C:005DH         LINE#         178
  C:005EH         LINE#         179
BL51 BANKED LINKER/LOCATER V6.22.4.0                                                  08/27/2026  21:17:36  PAGE 17


  C:005FH         LINE#         180
  -------         ENDPROC       _NVIC_INT4_INIT
  -------         PROC          _NVIC_ADC_INIT
  D:0007H         SYMBOL        State
  D:0005H         SYMBOL        Priority
  C:17EFH         LINE#         190
  C:17EFH         LINE#         191
  C:17EFH         LINE#         192
  C:17F8H         LINE#         193
  C:1801H         LINE#         194
  C:180AH         LINE#         195
  C:182AH         LINE#         196
  C:182CH         LINE#         197
  -------         ENDPROC       _NVIC_ADC_INIT
  -------         PROC          _NVIC_CMP_INIT
  D:0007H         SYMBOL        State
  D:0005H         SYMBOL        Priority
  C:155CH         LINE#         207
  C:155CH         LINE#         208
  C:155CH         LINE#         209
  C:1565H         LINE#         210
  C:156EH         LINE#         211
  C:1571H         LINE#         212
  C:157AH         LINE#         213
  C:157DH         LINE#         214
  C:15A1H         LINE#         215
  C:15A3H         LINE#         216
  -------         ENDPROC       _NVIC_CMP_INIT
  -------         PROC          _NVIC_I2C_INIT
  D:0007H         SYMBOL        Mode
  D:0005H         SYMBOL        State
  D:0003H         SYMBOL        Priority
  C:13D3H         LINE#         228
  C:13D3H         LINE#         229
  C:13D3H         LINE#         230
  C:13DCH         LINE#         231
  C:13E5H         LINE#         232
  C:13E8H         LINE#         233
  C:13E8H         LINE#         234
  C:13F8H         LINE#         235
  C:13FAH         LINE#         236
  C:13FDH         LINE#         237
  C:13FDH         LINE#         238
  C:1405H         LINE#         239
  C:1405H         LINE#         240
  C:1429H         LINE#         241
  C:142BH         LINE#         242
  -------         ENDPROC       _NVIC_I2C_INIT
  -------         PROC          _NVIC_UART1_INIT
  D:0007H         SYMBOL        State
  D:0005H         SYMBOL        Priority
  C:182DH         LINE#         252
  C:182DH         LINE#         253
  C:182DH         LINE#         254
  C:1836H         LINE#         255
  C:183FH         LINE#         256
  C:1848H         LINE#         257
BL51 BANKED LINKER/LOCATER V6.22.4.0                                                  08/27/2026  21:17:36  PAGE 18


  C:1868H         LINE#         258
  C:186AH         LINE#         259
  -------         ENDPROC       _NVIC_UART1_INIT
  -------         PROC          _NVIC_UART2_INIT
  D:0007H         SYMBOL        State
  D:0005H         SYMBOL        Priority
  C:16B7H         LINE#         269
  C:16B7H         LINE#         270
  C:16B7H         LINE#         271
  C:16C0H         LINE#         272
  C:16C9H         LINE#         273
  C:16D0H         LINE#         274
  C:16F4H         LINE#         275
  C:16F6H         LINE#         276
  -------         ENDPROC       _NVIC_UART2_INIT
  -------         PROC          _NVIC_UART3_INIT
  D:0007H         SYMBOL        State
  D:0005H         SYMBOL        Priority
  C:15A4H         LINE#         286
  C:15A4H         LINE#         287
  C:15A4H         LINE#         288
  C:15ADH         LINE#         289
  C:15B6H         LINE#         290
  C:15C4H         LINE#         291
  C:15E8H         LINE#         292
  C:15EAH         LINE#         293
  -------         ENDPROC       _NVIC_UART3_INIT
  -------         PROC          _NVIC_UART4_INIT
  D:0007H         SYMBOL        State
  D:0005H         SYMBOL        Priority
  C:15EBH         LINE#         303
  C:15EBH         LINE#         304
  C:15EBH         LINE#         305
  C:15F4H         LINE#         306
  C:15FDH         LINE#         307
  C:1609H         LINE#         308
  C:162DH         LINE#         309
  C:162FH         LINE#         310
  -------         ENDPROC       _NVIC_UART4_INIT
  -------         PROC          _NVIC_SPI_INIT
  D:0007H         SYMBOL        State
  D:0005H         SYMBOL        Priority
  C:1630H         LINE#         320
  C:1630H         LINE#         321
  C:1630H         LINE#         322
  C:1639H         LINE#         323
  C:1642H         LINE#         324
  C:164DH         LINE#         325
  C:1671H         LINE#         326
  C:1673H         LINE#         327
  -------         ENDPROC       _NVIC_SPI_INIT
  -------         PROC          _NVIC_PWM_INIT
  D:0007H         SYMBOL        Channel
  D:0005H         SYMBOL        State
  D:0003H         SYMBOL        Priority
  C:12ECH         LINE#         338
  C:12ECH         LINE#         339
BL51 BANKED LINKER/LOCATER V6.22.4.0                                                  08/27/2026  21:17:36  PAGE 19


  C:12ECH         LINE#         340
  C:12F5H         LINE#         341
  C:12FEH         LINE#         342
  C:1306H         LINE#         343
  C:1306H         LINE#         344
  C:1306H         LINE#         345
  C:130BH         LINE#         346
  C:1331H         LINE#         347
  C:1333H         LINE#         349
  C:1333H         LINE#         350
  C:1338H         LINE#         351
  C:135CH         LINE#         352
  C:135EH         LINE#         354
  C:135EH         LINE#         355
  C:1363H         LINE#         356
  C:1363H         LINE#         357
  C:1363H         LINE#         358
  C:1363H         LINE#         359
  C:1365H         LINE#         360
  -------         ENDPROC       _NVIC_PWM_INIT
  -------         PROC          _NVIC_RTC_INIT
  D:0007H         SYMBOL        State
  D:0005H         SYMBOL        Priority
  C:18A5H         LINE#         370
  C:18A5H         LINE#         371
  C:18A5H         LINE#         372
  C:18D4H         LINE#         373
  C:18D9H         LINE#         374
  C:18DBH         LINE#         375
  -------         ENDPROC       _NVIC_RTC_INIT
  -------         PROC          _NVIC_DMA_ADC_INIT
  D:0007H         SYMBOL        State
  D:0005H         SYMBOL        Priority
  D:0003H         SYMBOL        Bus_Priority
  C:18DCH         LINE#         386
  C:18DCH         LINE#         387
  C:18DCH         LINE#         388
  C:18E3H         LINE#         389
  C:18F4H         LINE#         390
  C:1900H         LINE#         391
  C:1907H         LINE#         392
  C:190CH         LINE#         394
  C:190FH         LINE#         395
  C:1911H         LINE#         396
  -------         ENDPROC       _NVIC_DMA_ADC_INIT
  -------         PROC          _NVIC_DMA_M2M_INIT
  D:0007H         SYMBOL        State
  D:0005H         SYMBOL        Priority
  D:0003H         SYMBOL        Bus_Priority
  C:1912H         LINE#         407
  C:1912H         LINE#         408
  C:1912H         LINE#         409
  C:1919H         LINE#         410
  C:192AH         LINE#         411
  C:1936H         LINE#         412
  C:193DH         LINE#         413
  C:1942H         LINE#         415
BL51 BANKED LINKER/LOCATER V6.22.4.0                                                  08/27/2026  21:17:36  PAGE 20


  C:1945H         LINE#         416
  C:1947H         LINE#         417
  -------         ENDPROC       _NVIC_DMA_M2M_INIT
  -------         PROC          _NVIC_DMA_SPI_INIT
  D:0007H         SYMBOL        State
  D:0005H         SYMBOL        Priority
  D:0003H         SYMBOL        Bus_Priority
  C:1948H         LINE#         428
  C:1948H         LINE#         429
  C:1948H         LINE#         430
  C:194FH         LINE#         431
  C:1960H         LINE#         432
  C:196CH         LINE#         433
  C:1973H         LINE#         434
  C:1978H         LINE#         436
  C:197BH         LINE#         437
  C:197DH         LINE#         438
  -------         ENDPROC       _NVIC_DMA_SPI_INIT
  -------         PROC          _NVIC_DMA_UART1_TX_INIT
  D:0007H         SYMBOL        State
  D:0005H         SYMBOL        Priority
  D:0003H         SYMBOL        Bus_Priority
  C:197EH         LINE#         449
  C:197EH         LINE#         450
  C:197EH         LINE#         451
  C:1985H         LINE#         452
  C:1996H         LINE#         453
  C:19A2H         LINE#         454
  C:19A9H         LINE#         455
  C:19AEH         LINE#         457
  C:19B1H         LINE#         458
  C:19B3H         LINE#         459
  -------         ENDPROC       _NVIC_DMA_UART1_TX_INIT
  -------         PROC          _NVIC_DMA_UART1_RX_INIT
  D:0007H         SYMBOL        State
  D:0005H         SYMBOL        Priority
  D:0003H         SYMBOL        Bus_Priority
  C:19B4H         LINE#         470
  C:19B4H         LINE#         471
  C:19B4H         LINE#         472
  C:19BBH         LINE#         473
  C:19CCH         LINE#         474
  C:19D8H         LINE#         475
  C:19DFH         LINE#         476
  C:19E4H         LINE#         478
  C:19E7H         LINE#         479
  C:19E9H         LINE#         480
  -------         ENDPROC       _NVIC_DMA_UART1_RX_INIT
  -------         PROC          _NVIC_DMA_UART2_TX_INIT
  D:0007H         SYMBOL        State
  D:0005H         SYMBOL        Priority
  D:0003H         SYMBOL        Bus_Priority
  C:19EAH         LINE#         491
  C:19EAH         LINE#         492
  C:19EAH         LINE#         493
  C:19F1H         LINE#         494
  C:1A02H         LINE#         495
BL51 BANKED LINKER/LOCATER V6.22.4.0                                                  08/27/2026  21:17:36  PAGE 21


  C:1A0EH         LINE#         496
  C:1A15H         LINE#         497
  C:1A1AH         LINE#         499
  C:1A1DH         LINE#         500
  C:1A1FH         LINE#         501
  -------         ENDPROC       _NVIC_DMA_UART2_TX_INIT
  -------         PROC          _NVIC_DMA_UART2_RX_INIT
  D:0007H         SYMBOL        State
  D:0005H         SYMBOL        Priority
  D:0003H         SYMBOL        Bus_Priority
  C:1A20H         LINE#         512
  C:1A20H         LINE#         513
  C:1A20H         LINE#         514
  C:1A27H         LINE#         515
  C:1A38H         LINE#         516
  C:1A44H         LINE#         517
  C:1A4BH         LINE#         518
  C:1A50H         LINE#         520
  C:1A53H         LINE#         521
  C:1A55H         LINE#         522
  -------         ENDPROC       _NVIC_DMA_UART2_RX_INIT
  -------         PROC          _NVIC_DMA_UART3_TX_INIT
  D:0007H         SYMBOL        State
  D:0005H         SYMBOL        Priority
  D:0003H         SYMBOL        Bus_Priority
  C:1A56H         LINE#         533
  C:1A56H         LINE#         534
  C:1A56H         LINE#         535
  C:1A5DH         LINE#         536
  C:1A6EH         LINE#         537
  C:1A7AH         LINE#         538
  C:1A81H         LINE#         539
  C:1A86H         LINE#         541
  C:1A89H         LINE#         542
  C:1A8BH         LINE#         543
  -------         ENDPROC       _NVIC_DMA_UART3_TX_INIT
  -------         PROC          _NVIC_DMA_UART3_RX_INIT
  D:0007H         SYMBOL        State
  D:0005H         SYMBOL        Priority
  D:0003H         SYMBOL        Bus_Priority
  C:1A8CH         LINE#         554
  C:1A8CH         LINE#         555
  C:1A8CH         LINE#         556
  C:1A93H         LINE#         557
  C:1AA4H         LINE#         558
  C:1AB0H         LINE#         559
  C:1AB7H         LINE#         560
  C:1ABCH         LINE#         562
  C:1ABFH         LINE#         563
  C:1AC1H         LINE#         564
  -------         ENDPROC       _NVIC_DMA_UART3_RX_INIT
  -------         PROC          _NVIC_DMA_UART4_TX_INIT
  D:0007H         SYMBOL        State
  D:0005H         SYMBOL        Priority
  D:0003H         SYMBOL        Bus_Priority
  C:1AC2H         LINE#         575
  C:1AC2H         LINE#         576
BL51 BANKED LINKER/LOCATER V6.22.4.0                                                  08/27/2026  21:17:36  PAGE 22


  C:1AC2H         LINE#         577
  C:1AC9H         LINE#         578
  C:1ADAH         LINE#         579
  C:1AE6H         LINE#         580
  C:1AEDH         LINE#         581
  C:1AF2H         LINE#         583
  C:1AF5H         LINE#         584
  C:1AF7H         LINE#         585
  -------         ENDPROC       _NVIC_DMA_UART4_TX_INIT
  -------         PROC          _NVIC_DMA_UART4_RX_INIT
  D:0007H         SYMBOL        State
  D:0005H         SYMBOL        Priority
  D:0003H         SYMBOL        Bus_Priority
  C:1AF8H         LINE#         596
  C:1AF8H         LINE#         597
  C:1AF8H         LINE#         598
  C:1AFFH         LINE#         599
  C:1B10H         LINE#         600
  C:1B1CH         LINE#         601
  C:1B23H         LINE#         602
  C:1B28H         LINE#         604
  C:1B2BH         LINE#         605
  C:1B2DH         LINE#         606
  -------         ENDPROC       _NVIC_DMA_UART4_RX_INIT
  -------         PROC          _NVIC_DMA_LCM_INIT
  D:0007H         SYMBOL        State
  D:0005H         SYMBOL        Priority
  D:0003H         SYMBOL        Bus_Priority
  C:1B2EH         LINE#         617
  C:1B2EH         LINE#         618
  C:1B2EH         LINE#         619
  C:1B35H         LINE#         620
  C:1B46H         LINE#         621
  C:1B52H         LINE#         622
  C:1B59H         LINE#         623
  C:1B5EH         LINE#         625
  C:1B61H         LINE#         626
  C:1B63H         LINE#         627
  -------         ENDPROC       _NVIC_DMA_LCM_INIT
  -------         PROC          _NVIC_LCM_INIT
  D:0007H         SYMBOL        State
  D:0005H         SYMBOL        Priority
  C:1BC2H         LINE#         637
  C:1BC2H         LINE#         638
  C:1BC2H         LINE#         639
  C:1BC9H         LINE#         640
  C:1BD9H         LINE#         641
  C:1BE0H         LINE#         642
  C:1BE5H         LINE#         644
  C:1BE8H         LINE#         645
  C:1BEAH         LINE#         646
  -------         ENDPROC       _NVIC_LCM_INIT
  -------         ENDMOD        NVIC

  -------         MODULE        STC8H_PWM
  C:0000H         SYMBOL        _ICE_DUMMY_
  D:0080H         PUBLIC        P0
BL51 BANKED LINKER/LOCATER V6.22.4.0                                                  08/27/2026  21:17:36  PAGE 23


  D:0090H         PUBLIC        P1
  D:00A0H         PUBLIC        P2
  D:00B0H         PUBLIC        P3
  D:00C0H         PUBLIC        P4
  D:00C8H         PUBLIC        P5
  D:00E8H         PUBLIC        P6
  D:00F8H         PUBLIC        P7
  D:00A8H         PUBLIC        IE
  D:00B8H         PUBLIC        IP
  C:1080H         PUBLIC        _UpdatePwm
  D:0098H         PUBLIC        SCON
  D:0088H         PUBLIC        TCON
  C:05A0H         PUBLIC        _PWM_Configuration
  D:00F0H         PUBLIC        B
  D:00E0H         PUBLIC        ACC
  D:00D0H         PUBLIC        PSW
  -------         PROC          _PWM_CONFIGURATION
  D:0005H         SYMBOL        PWM
  D:0001H         SYMBOL        PWMx
  C:05A0H         LINE#         22
  C:05A2H         LINE#         23
  C:05A2H         LINE#         24
  C:05A7H         LINE#         25
  C:05A7H         LINE#         26
  C:05AEH         LINE#         27
  C:05B2H         LINE#         28
  C:05B9H         LINE#         29
  C:05C5H         LINE#         31
  C:05D2H         LINE#         32
  C:05D2H         LINE#         33
  C:05D6H         LINE#         34
  C:05DDH         LINE#         35
  C:05DFH         LINE#         37
  C:05DFH         LINE#         38
  C:05E3H         LINE#         39
  C:05EAH         LINE#         40
  C:05EAH         LINE#         41
  C:05F1H         LINE#         42
  C:05F1H         LINE#         43
  C:05F5H         LINE#         44
  C:05FCH         LINE#         45
  C:05FEH         LINE#         47
  C:05FEH         LINE#         48
  C:0602H         LINE#         49
  C:0609H         LINE#         50
  C:0609H         LINE#         52
  C:061EH         LINE#         54
  C:0621H         LINE#         55
  C:0621H         LINE#         57
  C:0626H         LINE#         58
  C:0626H         LINE#         59
  C:062DH         LINE#         60
  C:0631H         LINE#         61
  C:0638H         LINE#         62
  C:0644H         LINE#         64
  C:0651H         LINE#         65
  C:0651H         LINE#         66
BL51 BANKED LINKER/LOCATER V6.22.4.0                                                  08/27/2026  21:17:36  PAGE 24


  C:0655H         LINE#         67
  C:065CH         LINE#         68
  C:065EH         LINE#         70
  C:065EH         LINE#         71
  C:0662H         LINE#         72
  C:0669H         LINE#         73
  C:0669H         LINE#         74
  C:0670H         LINE#         75
  C:0670H         LINE#         76
  C:0674H         LINE#         77
  C:067BH         LINE#         78
  C:067DH         LINE#         80
  C:067DH         LINE#         81
  C:0681H         LINE#         82
  C:0688H         LINE#         83
  C:0688H         LINE#         85
  C:069DH         LINE#         87
  C:06A0H         LINE#         88
  C:06A0H         LINE#         90
  C:06A5H         LINE#         91
  C:06A5H         LINE#         92
  C:06ACH         LINE#         93
  C:06B0H         LINE#         94
  C:06B7H         LINE#         95
  C:06C3H         LINE#         97
  C:06D0H         LINE#         98
  C:06D0H         LINE#         99
  C:06D4H         LINE#         100
  C:06DBH         LINE#         101
  C:06DDH         LINE#         103
  C:06DDH         LINE#         104
  C:06E1H         LINE#         105
  C:06E8H         LINE#         106
  C:06E8H         LINE#         107
  C:06EFH         LINE#         108
  C:06EFH         LINE#         109
  C:06F3H         LINE#         110
  C:06FAH         LINE#         111
  C:06FCH         LINE#         113
  C:06FCH         LINE#         114
  C:0700H         LINE#         115
  C:0707H         LINE#         116
  C:0707H         LINE#         118
  C:071CH         LINE#         120
  C:071FH         LINE#         121
  C:071FH         LINE#         123
  C:0724H         LINE#         124
  C:0724H         LINE#         125
  C:072BH         LINE#         126
  C:072FH         LINE#         127
  C:0736H         LINE#         128
  C:0742H         LINE#         130
  C:074FH         LINE#         131
  C:074FH         LINE#         132
  C:0753H         LINE#         133
  C:075AH         LINE#         134
  C:075CH         LINE#         136
BL51 BANKED LINKER/LOCATER V6.22.4.0                                                  08/27/2026  21:17:36  PAGE 25


  C:075CH         LINE#         137
  C:0760H         LINE#         138
  C:0767H         LINE#         139
  C:0767H         LINE#         140
  C:076EH         LINE#         141
  C:076EH         LINE#         142
  C:0772H         LINE#         143
  C:0779H         LINE#         144
  C:077BH         LINE#         146
  C:077BH         LINE#         147
  C:077FH         LINE#         148
  C:0786H         LINE#         149
  C:0786H         LINE#         151
  C:079BH         LINE#         153
  C:079EH         LINE#         154
  C:079EH         LINE#         156
  C:07A3H         LINE#         157
  C:07A3H         LINE#         163
  C:07ADH         LINE#         164
  C:07C3H         LINE#         165
  C:07D9H         LINE#         166
  C:07EFH         LINE#         168
  C:07F2H         LINE#         169
  C:07F2H         LINE#         171
  C:07F7H         LINE#         172
  C:07F7H         LINE#         173
  C:07FEH         LINE#         174
  C:0805H         LINE#         175
  C:0811H         LINE#         177
  C:081DH         LINE#         178
  C:081DH         LINE#         179
  C:0821H         LINE#         180
  C:0828H         LINE#         181
  C:082AH         LINE#         183
  C:082AH         LINE#         184
  C:082EH         LINE#         185
  C:0835H         LINE#         186
  C:0835H         LINE#         188
  C:084AH         LINE#         190
  C:084DH         LINE#         191
  C:084DH         LINE#         193
  C:0852H         LINE#         194
  C:0852H         LINE#         195
  C:0859H         LINE#         196
  C:0860H         LINE#         197
  C:086CH         LINE#         199
  C:0878H         LINE#         200
  C:0878H         LINE#         201
  C:087CH         LINE#         202
  C:0883H         LINE#         203
  C:0885H         LINE#         205
  C:0885H         LINE#         206
  C:0889H         LINE#         207
  C:0890H         LINE#         208
  C:0890H         LINE#         210
  C:08A5H         LINE#         212
  C:08A8H         LINE#         213
BL51 BANKED LINKER/LOCATER V6.22.4.0                                                  08/27/2026  21:17:36  PAGE 26


  C:08A8H         LINE#         215
  C:08ADH         LINE#         216
  C:08ADH         LINE#         217
  C:08B4H         LINE#         218
  C:08BBH         LINE#         219
  C:08C7H         LINE#         221
  C:08D3H         LINE#         222
  C:08D3H         LINE#         223
  C:08D7H         LINE#         224
  C:08DEH         LINE#         225
  C:08E0H         LINE#         227
  C:08E0H         LINE#         228
  C:08E4H         LINE#         229
  C:08EBH         LINE#         230
  C:08EBH         LINE#         232
  C:0900H         LINE#         234
  C:0902H         LINE#         235
  C:0902H         LINE#         237
  C:0907H         LINE#         238
  C:0907H         LINE#         239
  C:090EH         LINE#         240
  C:0915H         LINE#         241
  C:0921H         LINE#         243
  C:092DH         LINE#         244
  C:092DH         LINE#         245
  C:0931H         LINE#         246
  C:0938H         LINE#         247
  C:093AH         LINE#         249
  C:093AH         LINE#         250
  C:093EH         LINE#         251
  C:0945H         LINE#         252
  C:0945H         LINE#         254
  C:095BH         LINE#         256
  C:095EH         LINE#         257
  C:095EH         LINE#         259
  C:0963H         LINE#         260
  C:0963H         LINE#         266
  C:096DH         LINE#         267
  C:0980H         LINE#         268
  C:0996H         LINE#         269
  C:09ACH         LINE#         271
  C:09AFH         LINE#         272
  C:09AFH         LINE#         274
  C:09B1H         LINE#         275
  -------         ENDPROC       _PWM_CONFIGURATION
  -------         PROC          _UPDATEPWM
  D:0007H         SYMBOL        PWM
  D:0001H         SYMBOL        PWMx
  C:1080H         LINE#         284
  C:1080H         LINE#         285
  C:1080H         LINE#         286
  C:10BEH         LINE#         287
  C:10BEH         LINE#         288
  C:10BEH         LINE#         289
  C:10C8H         LINE#         290
  C:10CBH         LINE#         292
  C:10CBH         LINE#         293
BL51 BANKED LINKER/LOCATER V6.22.4.0                                                  08/27/2026  21:17:36  PAGE 27


  C:10D8H         LINE#         294
  C:10DBH         LINE#         296
  C:10DBH         LINE#         297
  C:10E8H         LINE#         298
  C:10EBH         LINE#         300
  C:10EBH         LINE#         301
  C:10F8H         LINE#         302
  C:10FBH         LINE#         304
  C:10FBH         LINE#         305
  C:1108H         LINE#         306
  C:110BH         LINE#         308
  C:110BH         LINE#         309
  C:1118H         LINE#         310
  C:111BH         LINE#         312
  C:111BH         LINE#         313
  C:1128H         LINE#         314
  C:112BH         LINE#         316
  C:112BH         LINE#         317
  C:1138H         LINE#         318
  C:113BH         LINE#         320
  C:113BH         LINE#         321
  C:114BH         LINE#         322
  C:115EH         LINE#         323
  C:1171H         LINE#         324
  C:117EH         LINE#         325
  C:1180H         LINE#         327
  C:1180H         LINE#         328
  C:1193H         LINE#         329
  C:11A6H         LINE#         330
  C:11B9H         LINE#         331
  C:11CCH         LINE#         332
  C:11CCH         LINE#         333
  C:11CCH         LINE#         334
  -------         ENDPROC       _UPDATEPWM
  -------         ENDMOD        STC8H_PWM

  -------         MODULE        STC8H_PWM_ISR
  C:0000H         SYMBOL        _ICE_DUMMY_
  D:0080H         PUBLIC        P0
  D:0090H         PUBLIC        P1
  D:00A0H         PUBLIC        P2
  D:00B0H         PUBLIC        P3
  D:00C0H         PUBLIC        P4
  D:00C8H         PUBLIC        P5
  D:00E8H         PUBLIC        P6
  D:00F8H         PUBLIC        P7
  D:00A8H         PUBLIC        IE
  D:00B8H         PUBLIC        IP
  D:0098H         PUBLIC        SCON
  D:0088H         PUBLIC        TCON
  D:00F0H         PUBLIC        B
  D:00E0H         PUBLIC        ACC
  D:00D0H         PUBLIC        PSW
  -------         ENDMOD        STC8H_PWM_ISR

  -------         MODULE        TIMER
  C:0000H         SYMBOL        _ICE_DUMMY_
BL51 BANKED LINKER/LOCATER V6.22.4.0                                                  08/27/2026  21:17:36  PAGE 28


  D:0080H         PUBLIC        P0
  D:0090H         PUBLIC        P1
  D:00A0H         PUBLIC        P2
  D:00B0H         PUBLIC        P3
  D:00C0H         PUBLIC        P4
  D:00C8H         PUBLIC        P5
  D:00E8H         PUBLIC        P6
  D:00F8H         PUBLIC        P7
  D:00A8H         PUBLIC        IE
  D:008FH         PUBLIC        INTCLKO
  D:00B8H         PUBLIC        IP
  D:0098H         PUBLIC        SCON
  D:0089H         PUBLIC        TMOD
  D:0088H         PUBLIC        TCON
  C:09B2H         PUBLIC        _Timer_Inilize
  D:00F0H         PUBLIC        B
  D:008EH         PUBLIC        AUXR
  D:00E0H         PUBLIC        ACC
  D:008CH         PUBLIC        TH0
  D:008DH         PUBLIC        TH1
  D:00D6H         PUBLIC        T2H
  D:00D4H         PUBLIC        T3H
  D:00D2H         PUBLIC        T4H
  D:008AH         PUBLIC        TL0
  D:008BH         PUBLIC        TL1
  D:00D7H         PUBLIC        T2L
  D:00D5H         PUBLIC        T3L
  D:00D3H         PUBLIC        T4L
  B:0088H.4       PUBLIC        TR0
  B:0088H.6       PUBLIC        TR1
  D:00D1H         PUBLIC        T4T3M
  D:00D0H         PUBLIC        PSW
  -------         PROC          _TIMER_INILIZE
  D:0005H         SYMBOL        TIM
  D:0001H         SYMBOL        TIMx
  C:09B2H         LINE#         22
  C:09B4H         LINE#         23
  C:09B4H         LINE#         24
  C:09B7H         LINE#         25
  C:09B7H         LINE#         26
  C:09B9H         LINE#         27
  C:09C5H         LINE#         28
  C:09CCH         LINE#         29
  C:09DBH         LINE#         30
  C:09FFH         LINE#         31
  C:0A0DH         LINE#         32
  C:0A1FH         LINE#         33
  C:0A2DH         LINE#         34
  C:0A30H         LINE#         35
  C:0A30H         LINE#         37
  C:0A38H         LINE#         38
  C:0A38H         LINE#         39
  C:0A3AH         LINE#         40
  C:0A46H         LINE#         41
  C:0A52H         LINE#         42
  C:0A61H         LINE#         43
  C:0A85H         LINE#         44
BL51 BANKED LINKER/LOCATER V6.22.4.0                                                  08/27/2026  21:17:36  PAGE 29


  C:0A95H         LINE#         45
  C:0AA7H         LINE#         46
  C:0AB5H         LINE#         47
  C:0AB8H         LINE#         48
  C:0AB8H         LINE#         50
  C:0ABDH         LINE#         51
  C:0ABDH         LINE#         52
  C:0AC0H         LINE#         53
  C:0AE0H         LINE#         54
  C:0AF2H         LINE#         56
  C:0B04H         LINE#         57
  C:0B0EH         LINE#         58
  C:0B1FH         LINE#         59
  C:0B22H         LINE#         60
  C:0B22H         LINE#         62
  C:0B27H         LINE#         63
  C:0B27H         LINE#         64
  C:0B2AH         LINE#         65
  C:0B39H         LINE#         66
  C:0B5DH         LINE#         67
  C:0B6BH         LINE#         69
  C:0B7DH         LINE#         70
  C:0B87H         LINE#         71
  C:0B97H         LINE#         72
  C:0B99H         LINE#         73
  C:0B99H         LINE#         75
  C:0B9EH         LINE#         76
  C:0B9EH         LINE#         77
  C:0BA1H         LINE#         78
  C:0BB0H         LINE#         79
  C:0BD4H         LINE#         80
  C:0BE5H         LINE#         82
  C:0BF5H         LINE#         83
  C:0BFFH         LINE#         84
  C:0C13H         LINE#         85
  C:0C16H         LINE#         86
  C:0C16H         LINE#         87
  C:0C18H         LINE#         88
  -------         ENDPROC       _TIMER_INILIZE
  -------         ENDMOD        TIMER

  -------         MODULE        TIMER_ISR
  C:0000H         SYMBOL        _ICE_DUMMY_
  D:0080H         PUBLIC        P0
  D:0090H         PUBLIC        P1
  D:00A0H         PUBLIC        P2
  D:00B0H         PUBLIC        P3
  D:00C0H         PUBLIC        P4
  D:00C8H         PUBLIC        P5
  D:00E8H         PUBLIC        P6
  D:00F8H         PUBLIC        P7
  D:00A8H         PUBLIC        IE
  D:00B8H         PUBLIC        IP
  C:0060H         PUBLIC        Timer0_ISR_Handler
  C:008EH         PUBLIC        Timer1_ISR_Handler
  C:0096H         PUBLIC        Timer2_ISR_Handler
  C:009EH         PUBLIC        Timer3_ISR_Handler
BL51 BANKED LINKER/LOCATER V6.22.4.0                                                  08/27/2026  21:17:36  PAGE 30


  C:00BFH         PUBLIC        Timer4_ISR_Handler
  D:0098H         PUBLIC        SCON
  D:0088H         PUBLIC        TCON
  B:00E8H.3       PUBLIC        P63
  B:00E8H.4       PUBLIC        P64
  B:00E8H.5       PUBLIC        P65
  B:00E8H.6       PUBLIC        P66
  B:00E8H.7       PUBLIC        P67
  D:00F0H         PUBLIC        B
  D:00E0H         PUBLIC        ACC
  D:00D0H         PUBLIC        PSW
  -------         PROC          TIMER0_ISR_HANDLER
  C:0060H         LINE#         22
  C:0060H         LINE#         25
  C:0062H         LINE#         26
  -------         ENDPROC       TIMER0_ISR_HANDLER
  -------         PROC          TIMER1_ISR_HANDLER
  C:008EH         LINE#         35
  C:008EH         LINE#         38
  C:0090H         LINE#         39
  -------         ENDPROC       TIMER1_ISR_HANDLER
  -------         PROC          TIMER2_ISR_HANDLER
  C:0096H         LINE#         48
  C:0096H         LINE#         51
  C:0098H         LINE#         52
  -------         ENDPROC       TIMER2_ISR_HANDLER
  -------         PROC          TIMER3_ISR_HANDLER
  C:009EH         LINE#         61
  C:009EH         LINE#         64
  C:00A0H         LINE#         65
  -------         ENDPROC       TIMER3_ISR_HANDLER
  -------         PROC          TIMER4_ISR_HANDLER
  C:00BFH         LINE#         74
  C:00BFH         LINE#         77
  C:00C1H         LINE#         78
  -------         ENDPROC       TIMER4_ISR_HANDLER
  -------         ENDMOD        TIMER_ISR

  -------         MODULE        UART
  C:0000H         SYMBOL        _ICE_DUMMY_
  C:00C6H         PUBLIC        _UART_Configuration
  D:0080H         PUBLIC        P0
  D:0090H         PUBLIC        P1
  D:00A0H         PUBLIC        P2
  D:00B0H         PUBLIC        P3
  D:00C0H         PUBLIC        P4
  D:00C8H         PUBLIC        P5
  D:00E8H         PUBLIC        P6
  D:00F8H         PUBLIC        P7
  D:00A8H         PUBLIC        IE
  D:0008H         PUBLIC        COM1
  D:000DH         PUBLIC        COM2
  D:0012H         PUBLIC        COM3
  D:0017H         PUBLIC        COM4
  D:008FH         PUBLIC        INTCLKO
  D:00B8H         PUBLIC        IP
  X:0000H         PUBLIC        RX1_Buffer
BL51 BANKED LINKER/LOCATER V6.22.4.0                                                  08/27/2026  21:17:36  PAGE 31


  X:0080H         PUBLIC        RX2_Buffer
  X:0100H         PUBLIC        RX3_Buffer
  X:0140H         PUBLIC        TX1_Buffer
  X:01C0H         PUBLIC        RX4_Buffer
  X:01E0H         PUBLIC        TX2_Buffer
  X:0260H         PUBLIC        TX3_Buffer
  X:02A0H         PUBLIC        TX4_Buffer
  D:0099H         PUBLIC        SBUF
  D:0087H         PUBLIC        PCON
  D:0098H         PUBLIC        SCON
  D:0089H         PUBLIC        TMOD
  D:0088H         PUBLIC        TCON
  C:002EH         PUBLIC        _PrintString1
  C:1C47H         PUBLIC        _PrintString2
  C:1C5AH         PUBLIC        _PrintString3
  C:1C6DH         PUBLIC        _PrintString4
  D:00AFH         PUBLIC        IE2
  D:00F0H         PUBLIC        B
  D:008EH         PUBLIC        AUXR
  C:1D19H         PUBLIC        _TX1_write2buff
  C:1D23H         PUBLIC        _TX2_write2buff
  C:1D2DH         PUBLIC        _TX3_write2buff
  D:00E0H         PUBLIC        ACC
  C:1D37H         PUBLIC        _TX4_write2buff
  B:00A8H.3       PUBLIC        ET1
  D:008DH         PUBLIC        TH1
  D:00D6H         PUBLIC        T2H
  D:00D4H         PUBLIC        T3H
  D:00D2H         PUBLIC        T4H
  D:008BH         PUBLIC        TL1
  D:00D7H         PUBLIC        T2L
  D:00D5H         PUBLIC        T3L
  D:00D3H         PUBLIC        T4L
  B:0088H.6       PUBLIC        TR1
  D:00D1H         PUBLIC        T4T3M
  D:009BH         PUBLIC        S2BUF
  D:00ADH         PUBLIC        S3BUF
  B:0098H.4       PUBLIC        REN
  D:0085H         PUBLIC        S4BUF
  D:009AH         PUBLIC        S2CON
  D:00ACH         PUBLIC        S3CON
  D:0084H         PUBLIC        S4CON
  D:00D0H         PUBLIC        PSW
  C:001EH         PUBLIC        _putchar
  -------         PROC          _UART_CONFIGURATION
  D:002AH         SYMBOL        UARTx
  D:002BH         SYMBOL        COMx
  -------         DO            
  D:002EH         SYMBOL        i
  D:0030H         SYMBOL        j
  -------         ENDDO         
  C:00C6H         LINE#         47
  C:00CEH         LINE#         48
  C:00CEH         LINE#         58
  C:00D7H         LINE#         59
  C:00D7H         LINE#         60
  C:00D9H         LINE#         61
BL51 BANKED LINKER/LOCATER V6.22.4.0                                                  08/27/2026  21:17:36  PAGE 32


  C:00DBH         LINE#         62
  C:00DDH         LINE#         63
  C:00DFH         LINE#         64
  C:00E1H         LINE#         66
  C:0101H         LINE#         67
  C:0122H         LINE#         69
  C:0133H         LINE#         70
  C:0140H         LINE#         71
  C:0140H         LINE#         72
  C:0159H         LINE#         73
  C:0170H         LINE#         74
  C:0186H         LINE#         75
  C:0197H         LINE#         76
  C:0197H         LINE#         77
  C:0199H         LINE#         78
  C:019CH         LINE#         79
  C:019FH         LINE#         80
  C:01A2H         LINE#         81
  C:01A5H         LINE#         82
  C:01B4H         LINE#         83
  C:01B7H         LINE#         84
  C:01B9H         LINE#         85
  C:01BCH         LINE#         86
  C:01BFH         LINE#         87
  C:01C1H         LINE#         88
  C:01C3H         LINE#         89
  C:01C8H         LINE#         90
  C:01C8H         LINE#         91
  C:01CBH         LINE#         92
  C:01CEH         LINE#         93
  C:01D1H         LINE#         94
  C:01D4H         LINE#         95
  C:01E3H         LINE#         96
  C:01E6H         LINE#         97
  C:01E9H         LINE#         98
  C:01ECH         LINE#         99
  C:01EEH         LINE#         100
  C:01F1H         LINE#         101
  C:01F1H         LINE#         102
  C:01FDH         LINE#         103
  C:01FDH         LINE#         104
  C:020BH         LINE#         105
  C:020EH         LINE#         106
  C:0210H         LINE#         107
  C:0214H         LINE#         108
  C:0214H         LINE#         109
  C:0222H         LINE#         110
  C:0225H         LINE#         111
  C:0225H         LINE#         112
  C:0239H         LINE#         114
  C:023CH         LINE#         115
  C:023CH         LINE#         118
  C:0245H         LINE#         119
  C:0245H         LINE#         120
  C:0247H         LINE#         121
  C:0249H         LINE#         122
  C:024BH         LINE#         123
BL51 BANKED LINKER/LOCATER V6.22.4.0                                                  08/27/2026  21:17:36  PAGE 33


  C:024DH         LINE#         124
  C:024FH         LINE#         126
  C:026FH         LINE#         127
  C:0290H         LINE#         129
  C:02A3H         LINE#         130
  C:02A3H         LINE#         131
  C:02ACH         LINE#         132
  C:02AFH         LINE#         133
  C:02C8H         LINE#         134
  C:02DFH         LINE#         135
  C:02F5H         LINE#         136
  C:02F8H         LINE#         137
  C:02FBH         LINE#         138
  C:02FEH         LINE#         139
  C:030DH         LINE#         140
  C:0310H         LINE#         141
  C:0313H         LINE#         142
  C:0316H         LINE#         143
  C:0318H         LINE#         144
  C:031BH         LINE#         145
  C:0332H         LINE#         147
  C:0335H         LINE#         148
  C:0335H         LINE#         151
  C:033EH         LINE#         152
  C:033EH         LINE#         153
  C:0340H         LINE#         154
  C:0342H         LINE#         155
  C:0344H         LINE#         156
  C:0346H         LINE#         157
  C:0348H         LINE#         158
  C:0368H         LINE#         159
  C:0389H         LINE#         161
  C:039FH         LINE#         162
  C:039FH         LINE#         163
  C:03A8H         LINE#         164
  C:03ABH         LINE#         165
  C:03C4H         LINE#         166
  C:03DBH         LINE#         167
  C:03F1H         LINE#         168
  C:0401H         LINE#         169
  C:0401H         LINE#         170
  C:0404H         LINE#         171
  C:0413H         LINE#         172
  C:0416H         LINE#         173
  C:0419H         LINE#         174
  C:041CH         LINE#         175
  C:041EH         LINE#         176
  C:0423H         LINE#         177
  C:0423H         LINE#         178
  C:0426H         LINE#         179
  C:0429H         LINE#         180
  C:042CH         LINE#         181
  C:042FH         LINE#         182
  C:043EH         LINE#         183
  C:0441H         LINE#         184
  C:0444H         LINE#         185
  C:0447H         LINE#         186
BL51 BANKED LINKER/LOCATER V6.22.4.0                                                  08/27/2026  21:17:36  PAGE 34


  C:0449H         LINE#         187
  C:044CH         LINE#         188
  C:044CH         LINE#         189
  C:044FH         LINE#         190
  C:0466H         LINE#         192
  C:0469H         LINE#         193
  C:0469H         LINE#         196
  C:0472H         LINE#         197
  C:0472H         LINE#         198
  C:0474H         LINE#         199
  C:0476H         LINE#         200
  C:0478H         LINE#         201
  C:047AH         LINE#         202
  C:047CH         LINE#         203
  C:049CH         LINE#         204
  C:04BDH         LINE#         206
  C:04D3H         LINE#         207
  C:04D3H         LINE#         208
  C:04DCH         LINE#         209
  C:04DFH         LINE#         210
  C:04F8H         LINE#         211
  C:050FH         LINE#         212
  C:0525H         LINE#         213
  C:0535H         LINE#         214
  C:0535H         LINE#         215
  C:0538H         LINE#         216
  C:0547H         LINE#         217
  C:054AH         LINE#         218
  C:054DH         LINE#         219
  C:0550H         LINE#         220
  C:0552H         LINE#         221
  C:0557H         LINE#         222
  C:0557H         LINE#         223
  C:055AH         LINE#         224
  C:055DH         LINE#         225
  C:0560H         LINE#         226
  C:0563H         LINE#         227
  C:0572H         LINE#         228
  C:0575H         LINE#         229
  C:0578H         LINE#         230
  C:057BH         LINE#         231
  C:057DH         LINE#         232
  C:0580H         LINE#         233
  C:0580H         LINE#         234
  C:0583H         LINE#         235
  C:059AH         LINE#         237
  C:059DH         LINE#         238
  C:059DH         LINE#         240
  C:059FH         LINE#         241
  -------         ENDPROC       _UART_CONFIGURATION
  -------         PROC          _TX1_WRITE2BUFF
  D:0007H         SYMBOL        dat
  C:1D19H         LINE#         247
  C:1D19H         LINE#         248
  C:1D19H         LINE#         260
  C:1D1BH         LINE#         261
  C:1D1EH         LINE#         262
BL51 BANKED LINKER/LOCATER V6.22.4.0                                                  08/27/2026  21:17:36  PAGE 35


  C:1D22H         LINE#         264
  -------         ENDPROC       _TX1_WRITE2BUFF
  -------         PROC          _PRINTSTRING1
  D:0001H         SYMBOL        puts
  C:002EH         LINE#         266
  C:002EH         LINE#         267
  C:002EH         LINE#         268
  C:0040H         LINE#         269
  -------         ENDPROC       _PRINTSTRING1
  -------         PROC          _TX2_WRITE2BUFF
  D:0007H         SYMBOL        dat
  C:1D23H         LINE#         275
  C:1D23H         LINE#         276
  C:1D23H         LINE#         288
  C:1D25H         LINE#         289
  C:1D28H         LINE#         290
  C:1D2CH         LINE#         292
  -------         ENDPROC       _TX2_WRITE2BUFF
  -------         PROC          _PRINTSTRING2
  D:0001H         SYMBOL        puts
  C:1C47H         LINE#         294
  C:1C47H         LINE#         295
  C:1C47H         LINE#         296
  C:1C59H         LINE#         297
  -------         ENDPROC       _PRINTSTRING2
  -------         PROC          _TX3_WRITE2BUFF
  D:0007H         SYMBOL        dat
  C:1D2DH         LINE#         303
  C:1D2DH         LINE#         304
  C:1D2DH         LINE#         316
  C:1D2FH         LINE#         317
  C:1D32H         LINE#         318
  C:1D36H         LINE#         320
  -------         ENDPROC       _TX3_WRITE2BUFF
  -------         PROC          _PRINTSTRING3
  D:0001H         SYMBOL        puts
  C:1C5AH         LINE#         322
  C:1C5AH         LINE#         323
  C:1C5AH         LINE#         324
  C:1C6CH         LINE#         325
  -------         ENDPROC       _PRINTSTRING3
  -------         PROC          _TX4_WRITE2BUFF
  D:0007H         SYMBOL        dat
  C:1D37H         LINE#         331
  C:1D37H         LINE#         332
  C:1D37H         LINE#         344
  C:1D39H         LINE#         345
  C:1D3CH         LINE#         346
  C:1D40H         LINE#         348
  -------         ENDPROC       _TX4_WRITE2BUFF
  -------         PROC          _PRINTSTRING4
  D:0001H         SYMBOL        puts
  C:1C6DH         LINE#         350
  C:1C6DH         LINE#         351
  C:1C6DH         LINE#         352
  C:1C7FH         LINE#         353
  -------         ENDPROC       _PRINTSTRING4
BL51 BANKED LINKER/LOCATER V6.22.4.0                                                  08/27/2026  21:17:36  PAGE 36


  -------         PROC          _PUTCHAR
  D:0006H         SYMBOL        c
  C:001EH         LINE#         376
  C:0020H         LINE#         377
  C:0020H         LINE#         378
  -------         ENDPROC       _PUTCHAR
  -------         ENDMOD        UART

  -------         MODULE        UART_ISR
  C:0000H         SYMBOL        _ICE_DUMMY_
  D:0080H         PUBLIC        P0
  D:0090H         PUBLIC        P1
  D:00A0H         PUBLIC        P2
  D:00B0H         PUBLIC        P3
  D:00C0H         PUBLIC        P4
  D:00C8H         PUBLIC        P5
  D:00E8H         PUBLIC        P6
  D:00F8H         PUBLIC        P7
  D:00A8H         PUBLIC        IE
  D:00B8H         PUBLIC        IP
  B:0098H.0       PUBLIC        RI
  B:0098H.1       PUBLIC        TI
  D:0099H         PUBLIC        SBUF
  D:0098H         PUBLIC        SCON
  D:0088H         PUBLIC        TCON
  D:00F0H         PUBLIC        B
  D:00E0H         PUBLIC        ACC
  C:1674H         PUBLIC        UART1_ISR_Handler
  C:1481H         PUBLIC        UART2_ISR_Handler
  C:14CAH         PUBLIC        UART3_ISR_Handler
  D:009BH         PUBLIC        S2BUF
  C:1513H         PUBLIC        UART4_ISR_Handler
  D:00ADH         PUBLIC        S3BUF
  D:0085H         PUBLIC        S4BUF
  D:009AH         PUBLIC        S2CON
  D:00ACH         PUBLIC        S3CON
  D:0084H         PUBLIC        S4CON
  D:00D0H         PUBLIC        PSW
  -------         PROC          UART1_ISR_HANDLER
  C:1674H         LINE#         23
  C:1681H         LINE#         25
  C:1684H         LINE#         26
  C:1684H         LINE#         27
  C:1686H         LINE#         29
  C:1690H         LINE#         30
  C:16A1H         LINE#         31
  C:16A4H         LINE#         32
  C:16A4H         LINE#         34
  C:16A7H         LINE#         35
  C:16A7H         LINE#         36
  C:16A9H         LINE#         46
  C:16ACH         LINE#         48
  C:16ACH         LINE#         49
  -------         ENDPROC       UART1_ISR_HANDLER
  -------         PROC          UART2_ISR_HANDLER
  C:1481H         LINE#         60
  C:148EH         LINE#         62
BL51 BANKED LINKER/LOCATER V6.22.4.0                                                  08/27/2026  21:17:36  PAGE 37


  C:1493H         LINE#         63
  C:1493H         LINE#         64
  C:1496H         LINE#         67
  C:14A0H         LINE#         68
  C:14B1H         LINE#         69
  C:14B4H         LINE#         70
  C:14B4H         LINE#         72
  C:14B9H         LINE#         73
  C:14B9H         LINE#         74
  C:14BCH         LINE#         84
  C:14BFH         LINE#         86
  C:14BFH         LINE#         87
  -------         ENDPROC       UART2_ISR_HANDLER
  -------         PROC          UART3_ISR_HANDLER
  C:14CAH         LINE#         98
  C:14D7H         LINE#         100
  C:14DCH         LINE#         101
  C:14DCH         LINE#         102
  C:14DFH         LINE#         104
  C:14E9H         LINE#         105
  C:14FAH         LINE#         106
  C:14FDH         LINE#         107
  C:14FDH         LINE#         109
  C:1502H         LINE#         110
  C:1502H         LINE#         111
  C:1505H         LINE#         121
  C:1508H         LINE#         123
  C:1508H         LINE#         124
  -------         ENDPROC       UART3_ISR_HANDLER
  -------         PROC          UART4_ISR_HANDLER
  C:1513H         LINE#         135
  C:1520H         LINE#         137
  C:1525H         LINE#         138
  C:1525H         LINE#         139
  C:1528H         LINE#         141
  C:1532H         LINE#         142
  C:1543H         LINE#         143
  C:1546H         LINE#         144
  C:1546H         LINE#         146
  C:154BH         LINE#         147
  C:154BH         LINE#         148
  C:154EH         LINE#         158
  C:1551H         LINE#         160
  C:1551H         LINE#         161
  -------         ENDPROC       UART4_ISR_HANDLER
  -------         ENDMOD        UART_ISR

  -------         MODULE        ?C?CLDPTR
  C:0E6DH         PUBLIC        ?C?CLDPTR
  -------         ENDMOD        ?C?CLDPTR

  -------         MODULE        ?C?CLDOPTR
  C:0E86H         PUBLIC        ?C?CLDOPTR
  -------         ENDMOD        ?C?CLDOPTR

  -------         MODULE        ?C?CSTPTR
  C:0EB3H         PUBLIC        ?C?CSTPTR
BL51 BANKED LINKER/LOCATER V6.22.4.0                                                  08/27/2026  21:17:36  PAGE 38


  -------         ENDMOD        ?C?CSTPTR

  -------         MODULE        ?C?ILDPTR
  C:0EC5H         PUBLIC        ?C?ILDPTR
  -------         ENDMOD        ?C?ILDPTR

  -------         MODULE        ?C?ILDOPTR
  C:0EF0H         PUBLIC        ?C?ILDOPTR
  -------         ENDMOD        ?C?ILDOPTR

  -------         MODULE        ?C?ULDIV
  C:0F64H         PUBLIC        ?C?ULDIV
  -------         ENDMOD        ?C?ULDIV

  -------         MODULE        ?C?ULCMP
  C:0FF6H         PUBLIC        ?C?ULCMP
  -------         ENDMOD        ?C?ULCMP

  -------         MODULE        ?C?ULSHR
  C:1007H         PUBLIC        ?C?ULSHR
  -------         ENDMOD        ?C?ULSHR

  -------         MODULE        ?C?LLDOPTR0
  C:101AH         PUBLIC        ?C?LLDOPTR0
  -------         ENDMOD        ?C?LLDOPTR0

  -------         MODULE        ?C?LLDIDATA0
  C:104AH         PUBLIC        ?C?LLDIDATA0
  -------         ENDMOD        ?C?LLDIDATA0

  -------         MODULE        ?C?LLDXDATA0
  C:1057H         PUBLIC        ?C?LLDXDATA0
  -------         ENDMOD        ?C?LLDXDATA0

  -------         MODULE        ?C?LLDPDATA0
  C:1063H         PUBLIC        ?C?LLDPDATA0
  -------         ENDMOD        ?C?LLDPDATA0

  -------         MODULE        ?C?LLDCODE0
  C:1070H         PUBLIC        ?C?LLDCODE0
  -------         ENDMOD        ?C?LLDCODE0

Program Size: data=65.1 xdata=712 code=7495
LINK/LOCATE RUN COMPLETE.  0 WARNING(S),  0 ERROR(S)
