C51 COMPILER V9.60.7.0   MAIN                                                              08/26/2026 19:46:05 PAGE 1   


C51 COMPILER V9.60.7.0, COMPILATION OF MODULE MAIN
OBJECT MODULE PLACED IN .\Objects\main.obj
COMPILER INVOKED BY: D:\Develop\Keil_v5\C51\BIN\C51.EXE main.c OPTIMIZE(8,SPEED) BROWSE DEBUG OBJECTEXTEND PRINT(.\Listi
                    -ngs\main.lst) OBJECT(.\Objects\main.obj)

line level    source

   1          #include "Config.h"
   2          #include "GPIO.h"
   3          #include "UART.h"
   4          #include "Delay.h"
   5          #include "NVIC.h"
   6          #include "Switch.h"
   7          #include "STC8H_PWM.h"
   8          
   9          #define LED_SW      P45
  10          #define LED1            P27
  11          #define LED2            P26
  12          #define LED3            P15
  13          #define LED4            P14
  14          #define LED5            P23
  15          #define LED6            P22
  16          #define LED7            P21
  17          #define LED8            P20
  18          
  19          void GPIO_config(void) {
  20   1          GPIO_InitTypeDef    GPIO_InitStructure;             //结构定义
  21   1          // LED_SW
  22   1          GPIO_InitStructure.Pin  = GPIO_Pin_5;               //指定要初始化的IO,
  23   1          GPIO_InitStructure.Mode = GPIO_OUT_PP;      //指定IO的输入或输出方式,GPIO_PullUp,GPIO_HighZ,GPIO_OUT_OD,GPI
             -O_OUT_PP
  24   1          GPIO_Inilize(GPIO_P4, &GPIO_InitStructure);//初始化
  25   1          
  26   1          GPIO_InitStructure.Pin  = GPIO_Pin_6 | GPIO_Pin_7 | GPIO_Pin_0 | GPIO_Pin_1 | GPIO_Pin_2 | GPIO_Pin_3;
  27   1          GPIO_InitStructure.Mode = GPIO_PullUp;
  28   1          GPIO_Inilize(GPIO_P2, &GPIO_InitStructure);
  29   1          
  30   1          GPIO_InitStructure.Pin  = GPIO_Pin_4 | GPIO_Pin_5;
  31   1          GPIO_InitStructure.Mode = GPIO_PullUp;
  32   1          GPIO_Inilize(GPIO_P1, &GPIO_InitStructure);
  33   1          
  34   1          GPIO_InitStructure.Pin  = GPIO_Pin_0 | GPIO_Pin_1;
  35   1          GPIO_InitStructure.Mode = GPIO_PullUp;
  36   1          GPIO_Inilize(GPIO_P3, &GPIO_InitStructure);
  37   1      }
  38          
  39          void UART_config(void){
  40   1          COMx_InitDefine COMx_InitStructure;
  41   1          COMx_InitStructure.UART_Mode = UART_8bit_BRTx;
  42   1          COMx_InitStructure.UART_BRT_Use   = BRT_Timer1;
  43   1          COMx_InitStructure.UART_BaudRate = 115200ul;
  44   1          COMx_InitStructure.UART_RxEnable  = ENABLE;
  45   1          COMx_InitStructure.BaudRateDouble = DISABLE;
  46   1          UART_Configuration(UART1, &COMx_InitStructure);
  47   1          
  48   1          NVIC_UART1_Init(ENABLE,Priority_1);
  49   1          
  50   1          UART1_SW(UART1_SW_P30_P31);
  51   1      }
  52          
  53          #define FREQ    1000
C51 COMPILER V9.60.7.0   MAIN                                                              08/26/2026 19:46:05 PAGE 2   

  54          
  55          #define PERIOD (MAIN_Fosc / FREQ)
  56          
  57          PWMx_Duty dutyA;
  58          
  59          void PWM_config(void){
  60   1          PWMx_InitDefine PWMx_InitStructure;
  61   1          
  62   1          PWMx_InitStructure.PWM_Mode = CCMRn_PWM_MODE1;
  63   1          PWMx_InitStructure.PWM_Duty = dutyA.PWM1_Duty;
  64   1          PWMx_InitStructure.PWM_EnoSelect = ENO1P | ENO1N;
  65   1          PWM_Configuration(PWM1,&PWMx_InitStructure);
  66   1          
  67   1          PWMx_InitStructure.PWM_Mode = CCMRn_PWM_MODE1;
  68   1          PWMx_InitStructure.PWM_Duty = dutyA.PWM2_Duty;
  69   1          PWMx_InitStructure.PWM_EnoSelect = ENO2P | ENO2N;
  70   1          PWM_Configuration(PWM2,&PWMx_InitStructure);
  71   1          
  72   1          PWMx_InitStructure.PWM_Mode = CCMRn_PWM_MODE1;
  73   1          PWMx_InitStructure.PWM_Duty = dutyA.PWM3_Duty;
  74   1          PWMx_InitStructure.PWM_EnoSelect = ENO3P | ENO3N;
  75   1          PWM_Configuration(PWM3,&PWMx_InitStructure);
  76   1          
  77   1          PWMx_InitStructure.PWM_Mode = CCMRn_PWM_MODE1;
  78   1          PWMx_InitStructure.PWM_Duty = dutyA.PWM4_Duty;
  79   1          PWMx_InitStructure.PWM_EnoSelect = ENO4P | ENO4N;
  80   1          PWM_Configuration(PWM4,&PWMx_InitStructure);
  81   1          
  82   1          PWMx_InitStructure.PWM_Period        = PERIOD - 1;
  83   1          PWMx_InitStructure.PWM_DeadTime      = 0;
  84   1          PWMx_InitStructure.PWM_CEN_Enable    = ENABLE;
  85   1          PWMx_InitStructure.PWM_MainOutEnable = ENABLE;
  86   1          
  87   1          PWM_Configuration(PWMA,&PWMx_InitStructure);
  88   1          
  89   1          PWM1_SW(PWM1_SW_P20_P21);
  90   1          PWM2_SW(PWM2_SW_P22_P23);
  91   1          PWM3_SW(PWM3_SW_P14_P15);
  92   1          PWM4_SW(PWM4_SW_P26_P27);
  93   1          
  94   1          NVIC_PWM_Init(PWMA,DISABLE,Priority_0);
  95   1          
  96   1      }
  97          
  98          int duty_Percent = 0;
  99          void on_uart1_recv(void){
 100   1          
 101   1          if(0x00 == RX1_Buffer[0]){
 102   2              duty_Percent++;
 103   2          }else if(0x01 == RX1_Buffer[0]){
 104   2              duty_Percent--;
 105   2          }
 106   1          
 107   1          if(duty_Percent >= 100){
 108   2              duty_Percent = 100;
 109   2          }else if(duty_Percent <= 0){
 110   2              duty_Percent = 0;
 111   2          }
 112   1          
 113   1          dutyA.PWM1_Duty = PERIOD * duty_Percent / 100;
 114   1          dutyA.PWM2_Duty = PERIOD * duty_Percent / 100;
 115   1          dutyA.PWM3_Duty = PERIOD * duty_Percent / 100;
C51 COMPILER V9.60.7.0   MAIN                                                              08/26/2026 19:46:05 PAGE 3   

 116   1          dutyA.PWM4_Duty = PERIOD * duty_Percent / 100;
 117   1          
 118   1          UpdatePwm(PWMA,&dutyA);
 119   1      }
 120          
 121          int main(void){
 122   1          EAXSFR();
 123   1          
 124   1          GPIO_config();
 125   1          
 126   1          UART_config();
 127   1          
 128   1          PWM_config();
 129   1          
 130   1          EA = 1;
 131   1          
 132   1          LED_SW = 0;
 133   1          
 134   1          while(1) { // duty -> 100% -> 50% -> 25% -> 10% -> 0%
 135   2              // duty_percent = [0, 1, 2.... 98, 99, 100, 0, 1, 2.... 98, 99, 100]
 136   2              // duty_percent = [0, 1, 2.... 98, 99, 100, 99, 98, ..... 2, 1, 0, 1....]
 137   2              
 138   2              if(COM1.RX_TimeOut > 0) {
 139   3                  //超时计数
 140   3                  if(--COM1.RX_TimeOut == 0) {
 141   4                      if(COM1.RX_Cnt > 0) {
 142   5                          on_uart1_recv();
 143   5                      }
 144   4                      COM1.RX_Cnt = 0;
 145   4                  }
 146   3              }
 147   2      
 148   2              // 不要处理的太快
 149   2              delay_ms(1);
 150   2              
 151   2          }
 152   1      }


MODULE INFORMATION:   STATIC OVERLAYABLE
   CODE SIZE        =    430    ----
   CONSTANT SIZE    =   ----    ----
   XDATA SIZE       =   ----    ----
   PDATA SIZE       =   ----    ----
   DATA SIZE        =     18      20
   IDATA SIZE       =   ----    ----
   BIT SIZE         =   ----    ----
END OF MODULE INFORMATION.


C51 COMPILATION COMPLETE.  0 WARNING(S),  0 ERROR(S)
