C51 COMPILER V9.60.7.0   MAIN                                                              08/18/2026 22:53:56 PAGE 1   


C51 COMPILER V9.60.7.0, COMPILATION OF MODULE MAIN
OBJECT MODULE PLACED IN .\Objects\main.obj
COMPILER INVOKED BY: D:\Develop\Keil_v5\C51\BIN\C51.EXE main.c OPTIMIZE(8,SPEED) BROWSE DEBUG OBJECTEXTEND PRINT(.\Listi
                    -ngs\main.lst) OBJECT(.\Objects\main.obj)

line level    source

   1          #include "Config.h"
   2          #include "GPIO.h"
   3          #include "UART.h"
   4          #include "NVIC.h"
   5          #include "Delay.h"
   6          #include "Switch.h"
   7          
   8          void GPIO_Config(void) {
   9   1          GPIO_InitTypeDef    GPIO_InitStructure;
  10   1          GPIO_InitStructure.Pin = GPIO_Pin_3;
  11   1          GPIO_InitStructure.Mode = GPIO_OUT_PP;
  12   1          GPIO_Inilize(GPIO_P5, &GPIO_InitStructure);
  13   1      
  14   1          GPIO_InitStructure.Pin  = GPIO_Pin_0 | GPIO_Pin_1;
  15   1          GPIO_InitStructure.Mode = GPIO_PullUp;
  16   1          GPIO_Inilize(GPIO_P3, &GPIO_InitStructure);
  17   1      }
  18          
  19          void UART_Config(void) {
  20   1          // >>> 记得添加 NVIC.c, UART.c, UART_Isr.c <<<
  21   1          COMx_InitDefine     COMx_InitStructure;                 //结构定义
  22   1          COMx_InitStructure.UART_Mode       = UART_8bit_BRTx;    //模式, UART_ShiftRight,UART_8bit_BRTx,UART_9b
             -it,UART_9bit_BRTx
  23   1          COMx_InitStructure.UART_BRT_Use    = BRT_Timer1;            //选择波特率发生器, BRT_Timer1, BRT_Timer2
             - (注意: 串口2固定使用BRT_Timer2)
  24   1          COMx_InitStructure.UART_BaudRate   = 115200ul;          //波特率, 一般 110 ~ 115200
  25   1          COMx_InitStructure.Morecommunicate = DISABLE;
  26   1          COMx_InitStructure.UART_RxEnable   = ENABLE;                //接收允许,   ENABLE或DISABLE
  27   1          COMx_InitStructure.BaudRateDouble  = DISABLE;           //波特率加倍, ENABLE或DISABLE
  28   1          UART_Configuration(UART1, &COMx_InitStructure);     //初始化串口1 UART1,UART2,UART3,UART4
  29   1      
  30   1          NVIC_UART1_Init(ENABLE, Priority_1);    //中断使能, ENABLE/DISABLE; 优先级(低到高) Priority_0,Priority
             -_1,Priority_2,Priority_3
  31   1          UART1_SW(UART1_SW_P30_P31);     // 引脚选择, UART1_SW_P30_P31,UART1_SW_P36_P37,UART1_SW_P16_P17,UART1_
             -SW_P43_P44
  32   1      }
  33          
  34          int main(void) {
  35   1      
  36   1          GPIO_Config();
  37   1      
  38   1          UART_Config();
  39   1      
  40   1          EA = 1;
  41   1          
  42   1          P53 = 0;
  43   1      
  44   1          while (1) {
  45   2              delay_ms(1);
  46   2      
  47   2              if (COM1.RX_TimeOut > 0) {
  48   3      
  49   3                  if (--COM1.RX_TimeOut == 0) {
  50   4      
C51 COMPILER V9.60.7.0   MAIN                                                              08/18/2026 22:53:56 PAGE 2   

  51   4                      if (COM1.RX_Cnt > 0) {
  52   5                          int i;
  53   5                          if (RX1_Buffer[0] == 'A') {
  54   6                              P53 = 1;
  55   6                          }else if(RX1_Buffer[0] == 'B'){
  56   6                              P53 = 0;
  57   6                          }
  58   5      
  59   5                          for (i = 0; i < COM1.RX_Cnt; i++) {
  60   6                              TX1_write2buff(RX1_Buffer[i]);
  61   6                          }
  62   5                          
  63   5                          COM1.RX_Cnt = 0;
  64   5                      }
  65   4                  }
  66   3              }
  67   2      
  68   2          }
  69   1      
  70   1      }


MODULE INFORMATION:   STATIC OVERLAYABLE
   CODE SIZE        =    180    ----
   CONSTANT SIZE    =   ----    ----
   XDATA SIZE       =   ----    ----
   PDATA SIZE       =   ----    ----
   DATA SIZE        =   ----      13
   IDATA SIZE       =   ----    ----
   BIT SIZE         =   ----    ----
END OF MODULE INFORMATION.


C51 COMPILATION COMPLETE.  0 WARNING(S),  0 ERROR(S)
