BL51 BANKED LINKER/LOCATER V6.22.4.0                                                    08/24/2026  23:03:57  PAGE 1


BL51 BANKED LINKER/LOCATER V6.22.4.0, INVOKED BY:
D:\DEVELOP\KEIL_V5\C51\BIN\BL51.EXE .\Objects\main.obj, .\Objects\Delay.obj, .\Objects\GPIO.obj, .\Objects\NVIC.obj, .\O
>> bjects\UART.obj, .\Objects\UART_Isr.obj, .\Objects\STC8H_PWM.obj, .\Objects\Timer.obj, .\Objects\Timer_Isr.obj TO .\O
>> bjects\Project PRINT (.\Listings\Project.m51) RAMSIZE (256) DISABLEWARNING (16)


MEMORY MODEL: SMALL


INPUT MODULES INCLUDED:
  .\Objects\main.obj (MAIN)
  .\Objects\Delay.obj (DELAY)
  .\Objects\GPIO.obj (GPIO)
  .\Objects\NVIC.obj (NVIC)
  .\Objects\UART.obj (UART)
  .\Objects\UART_Isr.obj (UART_ISR)
  .\Objects\STC8H_PWM.obj (STC8H_PWM)
  .\Objects\Timer.obj (TIMER)
  .\Objects\Timer_Isr.obj (TIMER_ISR)
  D:\DEVELOP\KEIL_V5\C51\LIB\C51S.LIB (?C_STARTUP)
  D:\DEVELOP\KEIL_V5\C51\LIB\C51S.LIB (?C?CLDPTR)
  D:\DEVELOP\KEIL_V5\C51\LIB\C51S.LIB (?C?CLDOPTR)
  D:\DEVELOP\KEIL_V5\C51\LIB\C51S.LIB (?C?ILDPTR)
  D:\DEVELOP\KEIL_V5\C51\LIB\C51S.LIB (?C?ILDOPTR)
  D:\DEVELOP\KEIL_V5\C51\LIB\C51S.LIB (?C?ULDIV)
  D:\DEVELOP\KEIL_V5\C51\LIB\C51S.LIB (?C?SLDIV)
  D:\DEVELOP\KEIL_V5\C51\LIB\C51S.LIB (?C?ULCMP)
  D:\DEVELOP\KEIL_V5\C51\LIB\C51S.LIB (?C?ULSHR)
  D:\DEVELOP\KEIL_V5\C51\LIB\C51S.LIB (?C?LLDOPTR0)
  D:\DEVELOP\KEIL_V5\C51\LIB\C51S.LIB (PRINTF)
  D:\DEVELOP\KEIL_V5\C51\LIB\C51S.LIB (?C_INIT)
  D:\DEVELOP\KEIL_V5\C51\LIB\C51S.LIB (?C?CSTPTR)
  D:\DEVELOP\KEIL_V5\C51\LIB\C51S.LIB (?C?LLDIDATA0)
  D:\DEVELOP\KEIL_V5\C51\LIB\C51S.LIB (?C?LLDXDATA0)
  D:\DEVELOP\KEIL_V5\C51\LIB\C51S.LIB (?C?LLDPDATA0)
  D:\DEVELOP\KEIL_V5\C51\LIB\C51S.LIB (?C?LLDCODE0)
  D:\DEVELOP\KEIL_V5\C51\LIB\C51S.LIB (?C?PLDIIDATA)
  D:\DEVELOP\KEIL_V5\C51\LIB\C51S.LIB (?C?CCASE)


LINK MAP OF MODULE:  .\Objects\Project (MAIN)


            TYPE    BASE      LENGTH    RELOCATION   SEGMENT NAME
            -----------------------------------------------------

            * * * * * * *   D A T A   M E M O R Y   * * * * * * *
            REG     0000H     0008H     ABSOLUTE     "REG BANK 0"
            DATA    0008H     0016H     UNIT         _DATA_GROUP_
                    001EH     0002H                  *** GAP ***
            BIT     0020H.0   0001H.1   UNIT         _BIT_GROUP_
                    0021H.1   0000H.7                *** GAP ***
            DATA    0022H     0014H     UNIT         ?DT?UART
            DATA    0036H     0010H     UNIT         ?DT?MAIN
            IDATA   0046H     0001H     UNIT         ?STACK

            * * * * * * *  X D A T A   M E M O R Y  * * * * * * *
            XDATA   0000H     02C0H     UNIT         ?XD?UART
BL51 BANKED LINKER/LOCATER V6.22.4.0                                                  08/24/2026  23:03:57  PAGE 2



            * * * * * * *   C O D E   M E M O R Y   * * * * * * *
            CODE    0000H     0003H     ABSOLUTE     
            CODE    0003H     0005H     UNIT         ?PR?_PUTCHAR?UART
            CODE    0008H     0003H     UNIT         ?PR?CALL_BACK_BUZZER?MAIN
            CODE    000BH     0003H     ABSOLUTE     
            CODE    000EH     000AH     UNIT         ?PR?_TX1_WRITE2BUFF?UART
            CODE    0018H     0003H     UNIT         ?PR?TIMER1_ISR_HANDLER?TIMER_ISR
            CODE    001BH     0003H     ABSOLUTE     
            CODE    001EH     0003H     UNIT         ?PR?TIMER2_ISR_HANDLER?TIMER_ISR
                    0021H     0002H                  *** GAP ***
            CODE    0023H     0003H     ABSOLUTE     
            CODE    0026H     001BH     UNIT         ?PR?_DELAY_X_MS?DELAY
                    0041H     0002H                  *** GAP ***
            CODE    0043H     0003H     ABSOLUTE     
            CODE    0046H     001AH     UNIT         ?PR?_NVIC_INT4_INIT?NVIC
            CODE    0060H     0003H     UNIT         ?PR?TIMER3_ISR_HANDLER?TIMER_ISR
            CODE    0063H     0003H     ABSOLUTE     
            CODE    0066H     0023H     UNIT         ?PR?_NVIC_TIMER4_INIT?NVIC
                    0089H     0002H                  *** GAP ***
            CODE    008BH     0003H     ABSOLUTE     
            CODE    008EH     0003H     UNIT         ?PR?TIMER4_ISR_HANDLER?TIMER_ISR
                    0091H     0002H                  *** GAP ***
            CODE    0093H     0003H     ABSOLUTE     
                    0096H     0005H                  *** GAP ***
            CODE    009BH     0003H     ABSOLUTE     
                    009EH     0005H                  *** GAP ***
            CODE    00A3H     0003H     ABSOLUTE     
            CODE    00A6H     04DAH     UNIT         ?PR?_UART_CONFIGURATION?UART
            CODE    0580H     0412H     UNIT         ?PR?_PWM_CONFIGURATION?STC8H_PWM
            CODE    0992H     035CH     UNIT         ?PR?PRINTF?PRINTF
            CODE    0CEEH     0267H     UNIT         ?PR?_TIMER_INILIZE?TIMER
            CODE    0F55H     0254H     UNIT         ?PR?_GPIO_INILIZE?GPIO
            CODE    11A9H     0249H     UNIT         ?C?LIB_CODE
            CODE    13F2H     018FH     UNIT         ?CO?MAIN
            CODE    1581H     014DH     UNIT         ?PR?_UPDATEPWM?STC8H_PWM
            CODE    16CEH     008CH     UNIT         ?C_C51STARTUP
            CODE    175AH     007AH     UNIT         ?PR?_NVIC_PWM_INIT?NVIC
            CODE    17D4H     0059H     UNIT         ?PR?_NVIC_I2C_INIT?NVIC
            CODE    182DH     0054H     UNIT         ?PR?MAIN?MAIN
            CODE    1881H     0049H     UNIT         ?PR?UART2_ISR_HANDLER?UART_ISR
            CODE    18CAH     0049H     UNIT         ?PR?UART3_ISR_HANDLER?UART_ISR
            CODE    1913H     0049H     UNIT         ?PR?UART4_ISR_HANDLER?UART_ISR
            CODE    195CH     0048H     UNIT         ?PR?_NVIC_CMP_INIT?NVIC
            CODE    19A4H     0047H     UNIT         ?PR?_NVIC_UART3_INIT?NVIC
            CODE    19EBH     0045H     UNIT         ?PR?_NVIC_UART4_INIT?NVIC
            CODE    1A30H     0044H     UNIT         ?PR?_NVIC_SPI_INIT?NVIC
            CODE    1A74H     0044H     UNIT         ?C?LDIV
            CODE    1AB8H     0043H     UNIT         ?PR?UART1_ISR_HANDLER?UART_ISR
            CODE    1AFBH     0040H     UNIT         ?PR?_NVIC_UART2_INIT?NVIC
            CODE    1B3BH     003FH     UNIT         ?PR?_TIMER_CONFIG?MAIN
            CODE    1B7AH     003EH     UNIT         ?PR?_NVIC_TIMER0_INIT?NVIC
            CODE    1BB8H     003EH     UNIT         ?PR?_NVIC_TIMER1_INIT?NVIC
            CODE    1BF6H     003EH     UNIT         ?PR?_NVIC_INT0_INIT?NVIC
            CODE    1C34H     003EH     UNIT         ?PR?_NVIC_INT1_INIT?NVIC
            CODE    1C72H     003EH     UNIT         ?PR?_NVIC_ADC_INIT?NVIC
            CODE    1CB0H     003EH     UNIT         ?PR?_NVIC_UART1_INIT?NVIC
BL51 BANKED LINKER/LOCATER V6.22.4.0                                                  08/24/2026  23:03:57  PAGE 3


            CODE    1CEEH     003BH     UNIT         ?PR?TIMER0_ISR_HANDLER?TIMER_ISR
            CODE    1D29H     0037H     UNIT         ?PR?_NVIC_RTC_INIT?NVIC
            CODE    1D60H     0036H     UNIT         ?PR?_NVIC_DMA_ADC_INIT?NVIC
            CODE    1D96H     0036H     UNIT         ?PR?_NVIC_DMA_M2M_INIT?NVIC
            CODE    1DCCH     0036H     UNIT         ?PR?_NVIC_DMA_SPI_INIT?NVIC
            CODE    1E02H     0036H     UNIT         ?PR?_NVIC_DMA_UART1_TX_INIT?NVIC
            CODE    1E38H     0036H     UNIT         ?PR?_NVIC_DMA_UART1_RX_INIT?NVIC
            CODE    1E6EH     0036H     UNIT         ?PR?_NVIC_DMA_UART2_TX_INIT?NVIC
            CODE    1EA4H     0036H     UNIT         ?PR?_NVIC_DMA_UART2_RX_INIT?NVIC
            CODE    1EDAH     0036H     UNIT         ?PR?_NVIC_DMA_UART3_TX_INIT?NVIC
            CODE    1F10H     0036H     UNIT         ?PR?_NVIC_DMA_UART3_RX_INIT?NVIC
            CODE    1F46H     0036H     UNIT         ?PR?_NVIC_DMA_UART4_TX_INIT?NVIC
            CODE    1F7CH     0036H     UNIT         ?PR?_NVIC_DMA_UART4_RX_INIT?NVIC
            CODE    1FB2H     0036H     UNIT         ?PR?_NVIC_DMA_LCM_INIT?NVIC
            CODE    1FE8H     0031H     UNIT         ?PR?GPIO_CONFIG?MAIN
            CODE    2019H     002DH     UNIT         ?PR?UART_CONFIG?MAIN
            CODE    2046H     0029H     UNIT         ?PR?_NVIC_LCM_INIT?NVIC
            CODE    206FH     0022H     UNIT         ?PR?_NVIC_TIMER2_INIT?NVIC
            CODE    2091H     0022H     UNIT         ?PR?_NVIC_TIMER3_INIT?NVIC
            CODE    20B3H     0019H     UNIT         ?PR?_NVIC_INT3_INIT?NVIC
            CODE    20CCH     0018H     UNIT         ?PR?_NVIC_INT2_INIT?NVIC
            CODE    20E4H     0013H     UNIT         ?C_INITSEG
            CODE    20F7H     0013H     UNIT         ?PR?_PRINTSTRING1?UART
            CODE    210AH     0013H     UNIT         ?PR?_PRINTSTRING2?UART
            CODE    211DH     0013H     UNIT         ?PR?_PRINTSTRING3?UART
            CODE    2130H     0013H     UNIT         ?PR?_PRINTSTRING4?UART
            CODE    2143H     0010H     UNIT         ?PR?_DELAY_MS?DELAY
            CODE    2153H     000AH     UNIT         ?PR?_TX2_WRITE2BUFF?UART
            CODE    215DH     000AH     UNIT         ?PR?_TX3_WRITE2BUFF?UART
            CODE    2167H     000AH     UNIT         ?PR?_TX4_WRITE2BUFF?UART



OVERLAY MAP OF MODULE:   .\Objects\Project (MAIN)


SEGMENT                                     BIT_GROUP          DATA_GROUP 
  +--> CALLED SEGMENT                    START    LENGTH     START    LENGTH
----------------------------------------------------------------------------
?PR?TIMER0_ISR_HANDLER?TIMER_ISR         -----    -----      -----    -----
  +--> ?PR?CALL_BACK_BUZZER?MAIN

*** NEW ROOT ***************************************************

?C_C51STARTUP                            -----    -----      -----    -----
  +--> ?PR?MAIN?MAIN
  +--> ?C_INITSEG

?PR?MAIN?MAIN                            -----    -----      0008H    0002H
  +--> ?PR?GPIO_CONFIG?MAIN
  +--> ?PR?UART_CONFIG?MAIN
  +--> ?PR?_TIMER_CONFIG?MAIN
  +--> ?CO?MAIN
  +--> ?PR?PRINTF?PRINTF
  +--> ?PR?_DELAY_MS?DELAY

?PR?GPIO_CONFIG?MAIN                     -----    -----      000AH    0002H
BL51 BANKED LINKER/LOCATER V6.22.4.0                                                  08/24/2026  23:03:57  PAGE 4


  +--> ?PR?_GPIO_INILIZE?GPIO

?PR?UART_CONFIG?MAIN                     -----    -----      000AH    0009H
  +--> ?PR?_UART_CONFIGURATION?UART
  +--> ?PR?_NVIC_UART1_INIT?NVIC

?PR?_UART_CONFIGURATION?UART             -----    -----      0013H    000AH

?PR?_TIMER_CONFIG?MAIN                   -----    -----      000AH    0007H
  +--> ?PR?_TIMER_INILIZE?TIMER
  +--> ?PR?_NVIC_TIMER0_INIT?NVIC

?PR?PRINTF?PRINTF                        0020H.0  0001H.1    000AH    0014H
  +--> ?PR?_PUTCHAR?UART

?PR?_PUTCHAR?UART                        -----    -----      -----    -----
  +--> ?PR?_TX1_WRITE2BUFF?UART



SYMBOL TABLE OF MODULE:  .\Objects\Project (MAIN)

  VALUE           TYPE          NAME
  ----------------------------------

  -------         MODULE        MAIN
  C:0000H         SYMBOL        _ICE_DUMMY_
  D:0080H         PUBLIC        P0
  D:0090H         PUBLIC        P1
  D:00A0H         PUBLIC        P2
  D:00B0H         PUBLIC        P3
  D:00C0H         PUBLIC        P4
  D:00C8H         PUBLIC        P5
  D:00E8H         PUBLIC        P6
  B:00A8H.7       PUBLIC        EA
  D:00F8H         PUBLIC        P7
  C:1FE8H         PUBLIC        GPIO_config
  D:00A2H         PUBLIC        P_SW1
  D:00BAH         PUBLIC        P_SW2
  D:00A8H         PUBLIC        IE
  C:2019H         PUBLIC        UART_config
  D:00B8H         PUBLIC        IP
  C:182DH         PUBLIC        main
  C:13FBH         PUBLIC        notes
  B:0080H.0       PUBLIC        P00
  D:0098H         PUBLIC        SCON
  D:0088H         PUBLIC        TCON
  B:00C8H.1       PUBLIC        P51
  C:0008H         PUBLIC        Call_Back_Buzzer
  D:00F0H         PUBLIC        B
  D:00E0H         PUBLIC        ACC
  C:1B3BH         PUBLIC        _Timer_config
  C:14FFH         PUBLIC        durations
  D:0036H         PUBLIC        hz
  D:00D0H         PUBLIC        PSW
  -------         PROC          GPIO_CONFIG
  -------         DO            
BL51 BANKED LINKER/LOCATER V6.22.4.0                                                  08/24/2026  23:03:57  PAGE 5


  D:000AH         SYMBOL        GPIO_InitStructure
  -------         ENDDO         
  C:1FE8H         LINE#         12
  C:1FE8H         LINE#         14
  C:1FEBH         LINE#         15
  C:1FEEH         LINE#         16
  C:1FF9H         LINE#         18
  C:1FFCH         LINE#         19
  C:1FFFH         LINE#         20
  C:2009H         LINE#         22
  C:200CH         LINE#         23
  C:200FH         LINE#         24
  -------         ENDPROC       GPIO_CONFIG
  -------         PROC          UART_CONFIG
  -------         DO            
  D:000AH         SYMBOL        COMx_InitStructure
  -------         ENDDO         
  C:2019H         LINE#         28
  C:2019H         LINE#         31
  C:201CH         LINE#         32
  C:201FH         LINE#         33
  C:202BH         LINE#         34
  C:202EH         LINE#         35
  C:2031H         LINE#         36
  C:203BH         LINE#         38
  C:2042H         LINE#         39
  C:2045H         LINE#         40
  -------         ENDPROC       UART_CONFIG
  -------         PROC          _TIMER_CONFIG
  D:0006H         SYMBOL        hz_Output
  -------         DO            
  D:000AH         SYMBOL        TIM_InitStructure
  -------         ENDDO         
  C:1B3BH         LINE#         87
  C:1B3BH         LINE#         90
  C:1B3EH         LINE#         91
  C:1B41H         LINE#         92
  C:1B43H         LINE#         93
  C:1B65H         LINE#         94
  C:1B68H         LINE#         95
  C:1B73H         LINE#         96
  -------         ENDPROC       _TIMER_CONFIG
  -------         PROC          CALL_BACK_BUZZER
  C:0008H         LINE#         101
  C:0008H         LINE#         114
  C:000AH         LINE#         115
  -------         ENDPROC       CALL_BACK_BUZZER
  -------         PROC          MAIN
  -------         DO            
  D:0008H         SYMBOL        HzIdx
  D:0009H         SYMBOL        len
  -------         ENDDO         
  C:182DH         LINE#         117
  C:182DH         LINE#         118
  C:1830H         LINE#         119
  C:1833H         LINE#         121
  C:1836H         LINE#         123
BL51 BANKED LINKER/LOCATER V6.22.4.0                                                  08/24/2026  23:03:57  PAGE 6


  C:1839H         LINE#         124
  C:183CH         LINE#         126
  C:183EH         LINE#         129
  C:183EH         LINE#         130
  C:1841H         LINE#         132
  C:1850H         LINE#         134
  C:1867H         LINE#         138
  C:1873H         LINE#         140
  C:1878H         LINE#         142
  C:187DH         LINE#         143
  C:187FH         LINE#         144
  C:187FH         LINE#         145
  -------         ENDPROC       MAIN
  -------         ENDMOD        MAIN

  -------         MODULE        DELAY
  C:0000H         SYMBOL        _ICE_DUMMY_
  D:0080H         PUBLIC        P0
  D:0090H         PUBLIC        P1
  D:00A0H         PUBLIC        P2
  D:00B0H         PUBLIC        P3
  D:00C0H         PUBLIC        P4
  D:00C8H         PUBLIC        P5
  D:00E8H         PUBLIC        P6
  D:00F8H         PUBLIC        P7
  C:0026H         PUBLIC        _delay_X_ms
  D:00A8H         PUBLIC        IE
  D:00B8H         PUBLIC        IP
  D:0098H         PUBLIC        SCON
  D:0088H         PUBLIC        TCON
  D:00F0H         PUBLIC        B
  D:00E0H         PUBLIC        ACC
  C:2143H         PUBLIC        _delay_ms
  D:00D0H         PUBLIC        PSW
  -------         PROC          _DELAY_MS
  D:0007H         SYMBOL        ms
  -------         DO            
  D:0004H         SYMBOL        i
  -------         ENDDO         
  C:2143H         LINE#         24
  C:2143H         LINE#         25
  C:2143H         LINE#         27
  C:2143H         LINE#         28
  C:2147H         LINE#         29
  C:2150H         LINE#         30
  C:2152H         LINE#         31
  -------         ENDPROC       _DELAY_MS
  -------         PROC          _DELAY_X_MS
  D:0002H         SYMBOL        ms
  C:0026H         LINE#         33
  C:002AH         LINE#         34
  C:0040H         LINE#         35
  -------         ENDPROC       _DELAY_X_MS
  -------         ENDMOD        DELAY

  -------         MODULE        GPIO
  C:0000H         SYMBOL        _ICE_DUMMY_
BL51 BANKED LINKER/LOCATER V6.22.4.0                                                  08/24/2026  23:03:57  PAGE 7


  D:0093H         PUBLIC        P0M1
  D:0092H         PUBLIC        P1M0
  D:0096H         PUBLIC        P2M0
  D:0091H         PUBLIC        P1M1
  D:0080H         PUBLIC        P0
  D:00B2H         PUBLIC        P3M0
  D:0095H         PUBLIC        P2M1
  D:0090H         PUBLIC        P1
  D:00B4H         PUBLIC        P4M0
  D:00B1H         PUBLIC        P3M1
  D:00A0H         PUBLIC        P2
  D:00CAH         PUBLIC        P5M0
  D:00B3H         PUBLIC        P4M1
  D:00B0H         PUBLIC        P3
  D:00CCH         PUBLIC        P6M0
  D:00C9H         PUBLIC        P5M1
  D:00C0H         PUBLIC        P4
  D:00E2H         PUBLIC        P7M0
  D:00CBH         PUBLIC        P6M1
  D:00C8H         PUBLIC        P5
  D:00E8H         PUBLIC        P6
  D:00E1H         PUBLIC        P7M1
  D:00F8H         PUBLIC        P7
  D:00A8H         PUBLIC        IE
  D:00B8H         PUBLIC        IP
  D:0098H         PUBLIC        SCON
  D:0088H         PUBLIC        TCON
  D:00F0H         PUBLIC        B
  D:00E0H         PUBLIC        ACC
  C:0F55H         PUBLIC        _GPIO_Inilize
  D:00D0H         PUBLIC        PSW
  D:0094H         PUBLIC        P0M0
  -------         PROC          _GPIO_INILIZE
  D:0007H         SYMBOL        GPIO
  D:0001H         SYMBOL        GPIOx
  C:0F55H         LINE#         22
  C:0F55H         LINE#         23
  C:0F55H         LINE#         24
  C:0F5EH         LINE#         25
  C:0F6AH         LINE#         26
  C:0F6DH         LINE#         27
  C:0F6DH         LINE#         28
  C:0F7BH         LINE#         29
  C:0F8CH         LINE#         30
  C:0F9DH         LINE#         31
  C:0FAEH         LINE#         32
  C:0FAEH         LINE#         33
  C:0FB3H         LINE#         34
  C:0FB3H         LINE#         35
  C:0FC4H         LINE#         36
  C:0FD3H         LINE#         37
  C:0FE3H         LINE#         38
  C:0FF6H         LINE#         39
  C:0FF6H         LINE#         40
  C:0FFBH         LINE#         41
  C:0FFBH         LINE#         42
  C:100CH         LINE#         43
BL51 BANKED LINKER/LOCATER V6.22.4.0                                                  08/24/2026  23:03:57  PAGE 8


  C:101BH         LINE#         44
  C:102BH         LINE#         45
  C:103EH         LINE#         46
  C:103EH         LINE#         47
  C:1043H         LINE#         48
  C:1043H         LINE#         49
  C:1054H         LINE#         50
  C:1063H         LINE#         51
  C:1073H         LINE#         52
  C:1086H         LINE#         53
  C:1086H         LINE#         54
  C:108BH         LINE#         55
  C:108BH         LINE#         56
  C:109CH         LINE#         57
  C:10ABH         LINE#         58
  C:10BBH         LINE#         59
  C:10CEH         LINE#         60
  C:10CEH         LINE#         61
  C:10D3H         LINE#         62
  C:10D3H         LINE#         63
  C:10E4H         LINE#         64
  C:10F3H         LINE#         65
  C:1103H         LINE#         66
  C:1116H         LINE#         67
  C:1116H         LINE#         68
  C:111BH         LINE#         69
  C:111BH         LINE#         70
  C:112CH         LINE#         71
  C:113BH         LINE#         72
  C:114BH         LINE#         73
  C:115EH         LINE#         74
  C:115EH         LINE#         75
  C:1163H         LINE#         76
  C:1163H         LINE#         77
  C:1174H         LINE#         78
  C:1183H         LINE#         79
  C:1193H         LINE#         80
  C:11A6H         LINE#         81
  C:11A6H         LINE#         82
  C:11A8H         LINE#         83
  -------         ENDPROC       _GPIO_INILIZE
  -------         ENDMOD        GPIO

  -------         MODULE        NVIC
  C:0000H         SYMBOL        _ICE_DUMMY_
  D:0080H         PUBLIC        P0
  D:0090H         PUBLIC        P1
  D:00A0H         PUBLIC        P2
  D:00B0H         PUBLIC        P3
  D:00C0H         PUBLIC        P4
  C:1D60H         PUBLIC        _NVIC_DMA_ADC_Init
  D:00C8H         PUBLIC        P5
  D:00E8H         PUBLIC        P6
  D:00F8H         PUBLIC        P7
  C:1D96H         PUBLIC        _NVIC_DMA_M2M_Init
  B:00A8H.5       PUBLIC        EADC
  D:00A8H         PUBLIC        IE
BL51 BANKED LINKER/LOCATER V6.22.4.0                                                  08/24/2026  23:03:57  PAGE 9


  D:00B6H         PUBLIC        IP2H
  D:00EEH         PUBLIC        IP3H
  D:008FH         PUBLIC        INTCLKO
  B:00A8H.4       PUBLIC        ES
  C:1FB2H         PUBLIC        _NVIC_DMA_LCM_Init
  B:00B8H.5       PUBLIC        PADC
  D:00B8H         PUBLIC        IP
  B:00B8H.4       PUBLIC        PS
  C:1BF6H         PUBLIC        _NVIC_INT0_Init
  C:1C34H         PUBLIC        _NVIC_INT1_Init
  C:20CCH         PUBLIC        _NVIC_INT2_Init
  C:20B3H         PUBLIC        _NVIC_INT3_Init
  D:00E6H         PUBLIC        CMPCR1
  C:1DCCH         PUBLIC        _NVIC_DMA_SPI_Init
  C:0046H         PUBLIC        _NVIC_INT4_Init
  D:0098H         PUBLIC        SCON
  D:0088H         PUBLIC        TCON
  C:1B7AH         PUBLIC        _NVIC_Timer0_Init
  C:1BB8H         PUBLIC        _NVIC_Timer1_Init
  C:206FH         PUBLIC        _NVIC_Timer2_Init
  C:2091H         PUBLIC        _NVIC_Timer3_Init
  D:00AFH         PUBLIC        IE2
  C:0066H         PUBLIC        _NVIC_Timer4_Init
  D:00F0H         PUBLIC        B
  C:17D4H         PUBLIC        _NVIC_I2C_Init
  D:00E0H         PUBLIC        ACC
  B:00A8H.1       PUBLIC        ET0
  B:00A8H.3       PUBLIC        ET1
  D:00B5H         PUBLIC        IP2
  D:00DFH         PUBLIC        IP3
  B:00A8H.0       PUBLIC        EX0
  B:00A8H.2       PUBLIC        EX1
  C:1C72H         PUBLIC        _NVIC_ADC_Init
  B:00B8H.1       PUBLIC        PT0
  B:00B8H.3       PUBLIC        PT1
  C:1E38H         PUBLIC        _NVIC_DMA_UART1_Rx_Init
  C:1EA4H         PUBLIC        _NVIC_DMA_UART2_Rx_Init
  C:1F10H         PUBLIC        _NVIC_DMA_UART3_Rx_Init
  C:1E02H         PUBLIC        _NVIC_DMA_UART1_Tx_Init
  B:00B8H.0       PUBLIC        PX0
  C:1F7CH         PUBLIC        _NVIC_DMA_UART4_Rx_Init
  C:1E6EH         PUBLIC        _NVIC_DMA_UART2_Tx_Init
  B:00B8H.2       PUBLIC        PX1
  C:1EDAH         PUBLIC        _NVIC_DMA_UART3_Tx_Init
  C:1F46H         PUBLIC        _NVIC_DMA_UART4_Tx_Init
  D:00B7H         PUBLIC        IPH
  C:2046H         PUBLIC        _NVIC_LCM_Init
  C:195CH         PUBLIC        _NVIC_CMP_Init
  C:1D29H         PUBLIC        _NVIC_RTC_Init
  C:1A30H         PUBLIC        _NVIC_SPI_Init
  C:1CB0H         PUBLIC        _NVIC_UART1_Init
  C:1AFBH         PUBLIC        _NVIC_UART2_Init
  C:19A4H         PUBLIC        _NVIC_UART3_Init
  C:19EBH         PUBLIC        _NVIC_UART4_Init
  D:00D0H         PUBLIC        PSW
  C:175AH         PUBLIC        _NVIC_PWM_Init
  -------         PROC          _NVIC_TIMER0_INIT
BL51 BANKED LINKER/LOCATER V6.22.4.0                                                  08/24/2026  23:03:57  PAGE 10


  D:0007H         SYMBOL        State
  D:0005H         SYMBOL        Priority
  C:1B7AH         LINE#         23
  C:1B7AH         LINE#         24
  C:1B7AH         LINE#         25
  C:1B83H         LINE#         26
  C:1B8CH         LINE#         27
  C:1B95H         LINE#         28
  C:1BB5H         LINE#         29
  C:1BB7H         LINE#         30
  -------         ENDPROC       _NVIC_TIMER0_INIT
  -------         PROC          _NVIC_TIMER1_INIT
  D:0007H         SYMBOL        State
  D:0005H         SYMBOL        Priority
  C:1BB8H         LINE#         40
  C:1BB8H         LINE#         41
  C:1BB8H         LINE#         42
  C:1BC1H         LINE#         43
  C:1BCAH         LINE#         44
  C:1BD3H         LINE#         45
  C:1BF3H         LINE#         46
  C:1BF5H         LINE#         47
  -------         ENDPROC       _NVIC_TIMER1_INIT
  -------         PROC          _NVIC_TIMER2_INIT
  D:0007H         SYMBOL        State
  D:0005H         SYMBOL        Priority
  C:206FH         LINE#         57
  C:206FH         LINE#         58
  C:206FH         LINE#         59
  C:2078H         LINE#         60
  C:2081H         LINE#         61
  C:208EH         LINE#         62
  C:208FH         LINE#         63
  C:2090H         LINE#         64
  -------         ENDPROC       _NVIC_TIMER2_INIT
  -------         PROC          _NVIC_TIMER3_INIT
  D:0007H         SYMBOL        State
  D:0005H         SYMBOL        Priority
  C:2091H         LINE#         74
  C:2091H         LINE#         75
  C:2091H         LINE#         76
  C:209AH         LINE#         77
  C:20A3H         LINE#         78
  C:20B0H         LINE#         79
  C:20B1H         LINE#         80
  C:20B2H         LINE#         81
  -------         ENDPROC       _NVIC_TIMER3_INIT
  -------         PROC          _NVIC_TIMER4_INIT
  D:0007H         SYMBOL        State
  D:0005H         SYMBOL        Priority
  C:0066H         LINE#         91
  C:0066H         LINE#         92
  C:0066H         LINE#         93
  C:006FH         LINE#         94
  C:0078H         LINE#         95
  C:0086H         LINE#         96
  C:0087H         LINE#         97
BL51 BANKED LINKER/LOCATER V6.22.4.0                                                  08/24/2026  23:03:57  PAGE 11


  C:0088H         LINE#         98
  -------         ENDPROC       _NVIC_TIMER4_INIT
  -------         PROC          _NVIC_INT0_INIT
  D:0007H         SYMBOL        State
  D:0005H         SYMBOL        Priority
  C:1BF6H         LINE#         108
  C:1BF6H         LINE#         109
  C:1BF6H         LINE#         110
  C:1BFFH         LINE#         111
  C:1C08H         LINE#         112
  C:1C11H         LINE#         113
  C:1C31H         LINE#         114
  C:1C33H         LINE#         115
  -------         ENDPROC       _NVIC_INT0_INIT
  -------         PROC          _NVIC_INT1_INIT
  D:0007H         SYMBOL        State
  D:0005H         SYMBOL        Priority
  C:1C34H         LINE#         125
  C:1C34H         LINE#         126
  C:1C34H         LINE#         127
  C:1C3DH         LINE#         128
  C:1C46H         LINE#         129
  C:1C4FH         LINE#         130
  C:1C6FH         LINE#         131
  C:1C71H         LINE#         132
  -------         ENDPROC       _NVIC_INT1_INIT
  -------         PROC          _NVIC_INT2_INIT
  D:0007H         SYMBOL        State
  D:0005H         SYMBOL        Priority
  C:20CCH         LINE#         142
  C:20CCH         LINE#         143
  C:20CCH         LINE#         144
  C:20D5H         LINE#         145
  C:20E1H         LINE#         146
  C:20E2H         LINE#         147
  C:20E3H         LINE#         148
  -------         ENDPROC       _NVIC_INT2_INIT
  -------         PROC          _NVIC_INT3_INIT
  D:0007H         SYMBOL        State
  D:0005H         SYMBOL        Priority
  C:20B3H         LINE#         158
  C:20B3H         LINE#         159
  C:20B3H         LINE#         160
  C:20BCH         LINE#         161
  C:20C9H         LINE#         162
  C:20CAH         LINE#         163
  C:20CBH         LINE#         164
  -------         ENDPROC       _NVIC_INT3_INIT
  -------         PROC          _NVIC_INT4_INIT
  D:0007H         SYMBOL        State
  D:0005H         SYMBOL        Priority
  C:0046H         LINE#         174
  C:0046H         LINE#         175
  C:0046H         LINE#         176
  C:004FH         LINE#         177
  C:005DH         LINE#         178
  C:005EH         LINE#         179
BL51 BANKED LINKER/LOCATER V6.22.4.0                                                  08/24/2026  23:03:57  PAGE 12


  C:005FH         LINE#         180
  -------         ENDPROC       _NVIC_INT4_INIT
  -------         PROC          _NVIC_ADC_INIT
  D:0007H         SYMBOL        State
  D:0005H         SYMBOL        Priority
  C:1C72H         LINE#         190
  C:1C72H         LINE#         191
  C:1C72H         LINE#         192
  C:1C7BH         LINE#         193
  C:1C84H         LINE#         194
  C:1C8DH         LINE#         195
  C:1CADH         LINE#         196
  C:1CAFH         LINE#         197
  -------         ENDPROC       _NVIC_ADC_INIT
  -------         PROC          _NVIC_CMP_INIT
  D:0007H         SYMBOL        State
  D:0005H         SYMBOL        Priority
  C:195CH         LINE#         207
  C:195CH         LINE#         208
  C:195CH         LINE#         209
  C:1965H         LINE#         210
  C:196EH         LINE#         211
  C:1971H         LINE#         212
  C:197AH         LINE#         213
  C:197DH         LINE#         214
  C:19A1H         LINE#         215
  C:19A3H         LINE#         216
  -------         ENDPROC       _NVIC_CMP_INIT
  -------         PROC          _NVIC_I2C_INIT
  D:0007H         SYMBOL        Mode
  D:0005H         SYMBOL        State
  D:0003H         SYMBOL        Priority
  C:17D4H         LINE#         228
  C:17D4H         LINE#         229
  C:17D4H         LINE#         230
  C:17DDH         LINE#         231
  C:17E6H         LINE#         232
  C:17E9H         LINE#         233
  C:17E9H         LINE#         234
  C:17F9H         LINE#         235
  C:17FBH         LINE#         236
  C:17FEH         LINE#         237
  C:17FEH         LINE#         238
  C:1806H         LINE#         239
  C:1806H         LINE#         240
  C:182AH         LINE#         241
  C:182CH         LINE#         242
  -------         ENDPROC       _NVIC_I2C_INIT
  -------         PROC          _NVIC_UART1_INIT
  D:0007H         SYMBOL        State
  D:0005H         SYMBOL        Priority
  C:1CB0H         LINE#         252
  C:1CB0H         LINE#         253
  C:1CB0H         LINE#         254
  C:1CB9H         LINE#         255
  C:1CC2H         LINE#         256
  C:1CCBH         LINE#         257
BL51 BANKED LINKER/LOCATER V6.22.4.0                                                  08/24/2026  23:03:57  PAGE 13


  C:1CEBH         LINE#         258
  C:1CEDH         LINE#         259
  -------         ENDPROC       _NVIC_UART1_INIT
  -------         PROC          _NVIC_UART2_INIT
  D:0007H         SYMBOL        State
  D:0005H         SYMBOL        Priority
  C:1AFBH         LINE#         269
  C:1AFBH         LINE#         270
  C:1AFBH         LINE#         271
  C:1B04H         LINE#         272
  C:1B0DH         LINE#         273
  C:1B14H         LINE#         274
  C:1B38H         LINE#         275
  C:1B3AH         LINE#         276
  -------         ENDPROC       _NVIC_UART2_INIT
  -------         PROC          _NVIC_UART3_INIT
  D:0007H         SYMBOL        State
  D:0005H         SYMBOL        Priority
  C:19A4H         LINE#         286
  C:19A4H         LINE#         287
  C:19A4H         LINE#         288
  C:19ADH         LINE#         289
  C:19B6H         LINE#         290
  C:19C4H         LINE#         291
  C:19E8H         LINE#         292
  C:19EAH         LINE#         293
  -------         ENDPROC       _NVIC_UART3_INIT
  -------         PROC          _NVIC_UART4_INIT
  D:0007H         SYMBOL        State
  D:0005H         SYMBOL        Priority
  C:19EBH         LINE#         303
  C:19EBH         LINE#         304
  C:19EBH         LINE#         305
  C:19F4H         LINE#         306
  C:19FDH         LINE#         307
  C:1A09H         LINE#         308
  C:1A2DH         LINE#         309
  C:1A2FH         LINE#         310
  -------         ENDPROC       _NVIC_UART4_INIT
  -------         PROC          _NVIC_SPI_INIT
  D:0007H         SYMBOL        State
  D:0005H         SYMBOL        Priority
  C:1A30H         LINE#         320
  C:1A30H         LINE#         321
  C:1A30H         LINE#         322
  C:1A39H         LINE#         323
  C:1A42H         LINE#         324
  C:1A4DH         LINE#         325
  C:1A71H         LINE#         326
  C:1A73H         LINE#         327
  -------         ENDPROC       _NVIC_SPI_INIT
  -------         PROC          _NVIC_PWM_INIT
  D:0007H         SYMBOL        Channel
  D:0005H         SYMBOL        State
  D:0003H         SYMBOL        Priority
  C:175AH         LINE#         338
  C:175AH         LINE#         339
BL51 BANKED LINKER/LOCATER V6.22.4.0                                                  08/24/2026  23:03:57  PAGE 14


  C:175AH         LINE#         340
  C:1763H         LINE#         341
  C:176CH         LINE#         342
  C:1774H         LINE#         343
  C:1774H         LINE#         344
  C:1774H         LINE#         345
  C:1779H         LINE#         346
  C:179FH         LINE#         347
  C:17A1H         LINE#         349
  C:17A1H         LINE#         350
  C:17A6H         LINE#         351
  C:17CAH         LINE#         352
  C:17CCH         LINE#         354
  C:17CCH         LINE#         355
  C:17D1H         LINE#         356
  C:17D1H         LINE#         357
  C:17D1H         LINE#         358
  C:17D1H         LINE#         359
  C:17D3H         LINE#         360
  -------         ENDPROC       _NVIC_PWM_INIT
  -------         PROC          _NVIC_RTC_INIT
  D:0007H         SYMBOL        State
  D:0005H         SYMBOL        Priority
  C:1D29H         LINE#         370
  C:1D29H         LINE#         371
  C:1D29H         LINE#         372
  C:1D58H         LINE#         373
  C:1D5DH         LINE#         374
  C:1D5FH         LINE#         375
  -------         ENDPROC       _NVIC_RTC_INIT
  -------         PROC          _NVIC_DMA_ADC_INIT
  D:0007H         SYMBOL        State
  D:0005H         SYMBOL        Priority
  D:0003H         SYMBOL        Bus_Priority
  C:1D60H         LINE#         386
  C:1D60H         LINE#         387
  C:1D60H         LINE#         388
  C:1D67H         LINE#         389
  C:1D78H         LINE#         390
  C:1D84H         LINE#         391
  C:1D8BH         LINE#         392
  C:1D90H         LINE#         394
  C:1D93H         LINE#         395
  C:1D95H         LINE#         396
  -------         ENDPROC       _NVIC_DMA_ADC_INIT
  -------         PROC          _NVIC_DMA_M2M_INIT
  D:0007H         SYMBOL        State
  D:0005H         SYMBOL        Priority
  D:0003H         SYMBOL        Bus_Priority
  C:1D96H         LINE#         407
  C:1D96H         LINE#         408
  C:1D96H         LINE#         409
  C:1D9DH         LINE#         410
  C:1DAEH         LINE#         411
  C:1DBAH         LINE#         412
  C:1DC1H         LINE#         413
  C:1DC6H         LINE#         415
BL51 BANKED LINKER/LOCATER V6.22.4.0                                                  08/24/2026  23:03:57  PAGE 15


  C:1DC9H         LINE#         416
  C:1DCBH         LINE#         417
  -------         ENDPROC       _NVIC_DMA_M2M_INIT
  -------         PROC          _NVIC_DMA_SPI_INIT
  D:0007H         SYMBOL        State
  D:0005H         SYMBOL        Priority
  D:0003H         SYMBOL        Bus_Priority
  C:1DCCH         LINE#         428
  C:1DCCH         LINE#         429
  C:1DCCH         LINE#         430
  C:1DD3H         LINE#         431
  C:1DE4H         LINE#         432
  C:1DF0H         LINE#         433
  C:1DF7H         LINE#         434
  C:1DFCH         LINE#         436
  C:1DFFH         LINE#         437
  C:1E01H         LINE#         438
  -------         ENDPROC       _NVIC_DMA_SPI_INIT
  -------         PROC          _NVIC_DMA_UART1_TX_INIT
  D:0007H         SYMBOL        State
  D:0005H         SYMBOL        Priority
  D:0003H         SYMBOL        Bus_Priority
  C:1E02H         LINE#         449
  C:1E02H         LINE#         450
  C:1E02H         LINE#         451
  C:1E09H         LINE#         452
  C:1E1AH         LINE#         453
  C:1E26H         LINE#         454
  C:1E2DH         LINE#         455
  C:1E32H         LINE#         457
  C:1E35H         LINE#         458
  C:1E37H         LINE#         459
  -------         ENDPROC       _NVIC_DMA_UART1_TX_INIT
  -------         PROC          _NVIC_DMA_UART1_RX_INIT
  D:0007H         SYMBOL        State
  D:0005H         SYMBOL        Priority
  D:0003H         SYMBOL        Bus_Priority
  C:1E38H         LINE#         470
  C:1E38H         LINE#         471
  C:1E38H         LINE#         472
  C:1E3FH         LINE#         473
  C:1E50H         LINE#         474
  C:1E5CH         LINE#         475
  C:1E63H         LINE#         476
  C:1E68H         LINE#         478
  C:1E6BH         LINE#         479
  C:1E6DH         LINE#         480
  -------         ENDPROC       _NVIC_DMA_UART1_RX_INIT
  -------         PROC          _NVIC_DMA_UART2_TX_INIT
  D:0007H         SYMBOL        State
  D:0005H         SYMBOL        Priority
  D:0003H         SYMBOL        Bus_Priority
  C:1E6EH         LINE#         491
  C:1E6EH         LINE#         492
  C:1E6EH         LINE#         493
  C:1E75H         LINE#         494
  C:1E86H         LINE#         495
BL51 BANKED LINKER/LOCATER V6.22.4.0                                                  08/24/2026  23:03:57  PAGE 16


  C:1E92H         LINE#         496
  C:1E99H         LINE#         497
  C:1E9EH         LINE#         499
  C:1EA1H         LINE#         500
  C:1EA3H         LINE#         501
  -------         ENDPROC       _NVIC_DMA_UART2_TX_INIT
  -------         PROC          _NVIC_DMA_UART2_RX_INIT
  D:0007H         SYMBOL        State
  D:0005H         SYMBOL        Priority
  D:0003H         SYMBOL        Bus_Priority
  C:1EA4H         LINE#         512
  C:1EA4H         LINE#         513
  C:1EA4H         LINE#         514
  C:1EABH         LINE#         515
  C:1EBCH         LINE#         516
  C:1EC8H         LINE#         517
  C:1ECFH         LINE#         518
  C:1ED4H         LINE#         520
  C:1ED7H         LINE#         521
  C:1ED9H         LINE#         522
  -------         ENDPROC       _NVIC_DMA_UART2_RX_INIT
  -------         PROC          _NVIC_DMA_UART3_TX_INIT
  D:0007H         SYMBOL        State
  D:0005H         SYMBOL        Priority
  D:0003H         SYMBOL        Bus_Priority
  C:1EDAH         LINE#         533
  C:1EDAH         LINE#         534
  C:1EDAH         LINE#         535
  C:1EE1H         LINE#         536
  C:1EF2H         LINE#         537
  C:1EFEH         LINE#         538
  C:1F05H         LINE#         539
  C:1F0AH         LINE#         541
  C:1F0DH         LINE#         542
  C:1F0FH         LINE#         543
  -------         ENDPROC       _NVIC_DMA_UART3_TX_INIT
  -------         PROC          _NVIC_DMA_UART3_RX_INIT
  D:0007H         SYMBOL        State
  D:0005H         SYMBOL        Priority
  D:0003H         SYMBOL        Bus_Priority
  C:1F10H         LINE#         554
  C:1F10H         LINE#         555
  C:1F10H         LINE#         556
  C:1F17H         LINE#         557
  C:1F28H         LINE#         558
  C:1F34H         LINE#         559
  C:1F3BH         LINE#         560
  C:1F40H         LINE#         562
  C:1F43H         LINE#         563
  C:1F45H         LINE#         564
  -------         ENDPROC       _NVIC_DMA_UART3_RX_INIT
  -------         PROC          _NVIC_DMA_UART4_TX_INIT
  D:0007H         SYMBOL        State
  D:0005H         SYMBOL        Priority
  D:0003H         SYMBOL        Bus_Priority
  C:1F46H         LINE#         575
  C:1F46H         LINE#         576
BL51 BANKED LINKER/LOCATER V6.22.4.0                                                  08/24/2026  23:03:57  PAGE 17


  C:1F46H         LINE#         577
  C:1F4DH         LINE#         578
  C:1F5EH         LINE#         579
  C:1F6AH         LINE#         580
  C:1F71H         LINE#         581
  C:1F76H         LINE#         583
  C:1F79H         LINE#         584
  C:1F7BH         LINE#         585
  -------         ENDPROC       _NVIC_DMA_UART4_TX_INIT
  -------         PROC          _NVIC_DMA_UART4_RX_INIT
  D:0007H         SYMBOL        State
  D:0005H         SYMBOL        Priority
  D:0003H         SYMBOL        Bus_Priority
  C:1F7CH         LINE#         596
  C:1F7CH         LINE#         597
  C:1F7CH         LINE#         598
  C:1F83H         LINE#         599
  C:1F94H         LINE#         600
  C:1FA0H         LINE#         601
  C:1FA7H         LINE#         602
  C:1FACH         LINE#         604
  C:1FAFH         LINE#         605
  C:1FB1H         LINE#         606
  -------         ENDPROC       _NVIC_DMA_UART4_RX_INIT
  -------         PROC          _NVIC_DMA_LCM_INIT
  D:0007H         SYMBOL        State
  D:0005H         SYMBOL        Priority
  D:0003H         SYMBOL        Bus_Priority
  C:1FB2H         LINE#         617
  C:1FB2H         LINE#         618
  C:1FB2H         LINE#         619
  C:1FB9H         LINE#         620
  C:1FCAH         LINE#         621
  C:1FD6H         LINE#         622
  C:1FDDH         LINE#         623
  C:1FE2H         LINE#         625
  C:1FE5H         LINE#         626
  C:1FE7H         LINE#         627
  -------         ENDPROC       _NVIC_DMA_LCM_INIT
  -------         PROC          _NVIC_LCM_INIT
  D:0007H         SYMBOL        State
  D:0005H         SYMBOL        Priority
  C:2046H         LINE#         637
  C:2046H         LINE#         638
  C:2046H         LINE#         639
  C:204DH         LINE#         640
  C:205DH         LINE#         641
  C:2064H         LINE#         642
  C:2069H         LINE#         644
  C:206CH         LINE#         645
  C:206EH         LINE#         646
  -------         ENDPROC       _NVIC_LCM_INIT
  -------         ENDMOD        NVIC

  -------         MODULE        UART
  C:0000H         SYMBOL        _ICE_DUMMY_
  C:00A6H         PUBLIC        _UART_Configuration
BL51 BANKED LINKER/LOCATER V6.22.4.0                                                  08/24/2026  23:03:57  PAGE 18


  D:0080H         PUBLIC        P0
  D:0090H         PUBLIC        P1
  D:00A0H         PUBLIC        P2
  D:00B0H         PUBLIC        P3
  D:00C0H         PUBLIC        P4
  D:00C8H         PUBLIC        P5
  D:00E8H         PUBLIC        P6
  D:00F8H         PUBLIC        P7
  D:00A8H         PUBLIC        IE
  D:0022H         PUBLIC        COM1
  D:0027H         PUBLIC        COM2
  D:002CH         PUBLIC        COM3
  D:0031H         PUBLIC        COM4
  D:008FH         PUBLIC        INTCLKO
  D:00B8H         PUBLIC        IP
  X:0000H         PUBLIC        RX1_Buffer
  X:0080H         PUBLIC        RX2_Buffer
  X:0100H         PUBLIC        RX3_Buffer
  X:0140H         PUBLIC        TX1_Buffer
  X:01C0H         PUBLIC        RX4_Buffer
  X:01E0H         PUBLIC        TX2_Buffer
  X:0260H         PUBLIC        TX3_Buffer
  X:02A0H         PUBLIC        TX4_Buffer
  D:0099H         PUBLIC        SBUF
  D:0087H         PUBLIC        PCON
  D:0098H         PUBLIC        SCON
  D:0089H         PUBLIC        TMOD
  D:0088H         PUBLIC        TCON
  C:20F7H         PUBLIC        _PrintString1
  C:210AH         PUBLIC        _PrintString2
  C:211DH         PUBLIC        _PrintString3
  C:2130H         PUBLIC        _PrintString4
  D:00AFH         PUBLIC        IE2
  D:00F0H         PUBLIC        B
  D:008EH         PUBLIC        AUXR
  C:000EH         PUBLIC        _TX1_write2buff
  C:2153H         PUBLIC        _TX2_write2buff
  C:215DH         PUBLIC        _TX3_write2buff
  D:00E0H         PUBLIC        ACC
  C:2167H         PUBLIC        _TX4_write2buff
  B:00A8H.3       PUBLIC        ET1
  D:008DH         PUBLIC        TH1
  D:00D6H         PUBLIC        T2H
  D:00D4H         PUBLIC        T3H
  D:00D2H         PUBLIC        T4H
  D:008BH         PUBLIC        TL1
  D:00D7H         PUBLIC        T2L
  D:00D5H         PUBLIC        T3L
  D:00D3H         PUBLIC        T4L
  B:0088H.6       PUBLIC        TR1
  D:00D1H         PUBLIC        T4T3M
  D:009BH         PUBLIC        S2BUF
  D:00ADH         PUBLIC        S3BUF
  B:0098H.4       PUBLIC        REN
  D:0085H         PUBLIC        S4BUF
  D:009AH         PUBLIC        S2CON
  D:00ACH         PUBLIC        S3CON
BL51 BANKED LINKER/LOCATER V6.22.4.0                                                  08/24/2026  23:03:57  PAGE 19


  D:0084H         PUBLIC        S4CON
  D:00D0H         PUBLIC        PSW
  C:0003H         PUBLIC        _putchar
  -------         PROC          _UART_CONFIGURATION
  D:0013H         SYMBOL        UARTx
  D:0014H         SYMBOL        COMx
  -------         DO            
  D:0017H         SYMBOL        i
  D:0019H         SYMBOL        j
  -------         ENDDO         
  C:00A6H         LINE#         47
  C:00AEH         LINE#         48
  C:00AEH         LINE#         58
  C:00B7H         LINE#         59
  C:00B7H         LINE#         60
  C:00B9H         LINE#         61
  C:00BBH         LINE#         62
  C:00BDH         LINE#         63
  C:00BFH         LINE#         64
  C:00C1H         LINE#         66
  C:00E1H         LINE#         67
  C:0102H         LINE#         69
  C:0113H         LINE#         70
  C:0120H         LINE#         71
  C:0120H         LINE#         72
  C:0139H         LINE#         73
  C:0150H         LINE#         74
  C:0166H         LINE#         75
  C:0177H         LINE#         76
  C:0177H         LINE#         77
  C:0179H         LINE#         78
  C:017CH         LINE#         79
  C:017FH         LINE#         80
  C:0182H         LINE#         81
  C:0185H         LINE#         82
  C:0194H         LINE#         83
  C:0197H         LINE#         84
  C:0199H         LINE#         85
  C:019CH         LINE#         86
  C:019FH         LINE#         87
  C:01A1H         LINE#         88
  C:01A3H         LINE#         89
  C:01A8H         LINE#         90
  C:01A8H         LINE#         91
  C:01ABH         LINE#         92
  C:01AEH         LINE#         93
  C:01B1H         LINE#         94
  C:01B4H         LINE#         95
  C:01C3H         LINE#         96
  C:01C6H         LINE#         97
  C:01C9H         LINE#         98
  C:01CCH         LINE#         99
  C:01CEH         LINE#         100
  C:01D1H         LINE#         101
  C:01D1H         LINE#         102
  C:01DDH         LINE#         103
  C:01DDH         LINE#         104
BL51 BANKED LINKER/LOCATER V6.22.4.0                                                  08/24/2026  23:03:57  PAGE 20


  C:01EBH         LINE#         105
  C:01EEH         LINE#         106
  C:01F0H         LINE#         107
  C:01F4H         LINE#         108
  C:01F4H         LINE#         109
  C:0202H         LINE#         110
  C:0205H         LINE#         111
  C:0205H         LINE#         112
  C:0219H         LINE#         114
  C:021CH         LINE#         115
  C:021CH         LINE#         118
  C:0225H         LINE#         119
  C:0225H         LINE#         120
  C:0227H         LINE#         121
  C:0229H         LINE#         122
  C:022BH         LINE#         123
  C:022DH         LINE#         124
  C:022FH         LINE#         126
  C:024FH         LINE#         127
  C:0270H         LINE#         129
  C:0283H         LINE#         130
  C:0283H         LINE#         131
  C:028CH         LINE#         132
  C:028FH         LINE#         133
  C:02A8H         LINE#         134
  C:02BFH         LINE#         135
  C:02D5H         LINE#         136
  C:02D8H         LINE#         137
  C:02DBH         LINE#         138
  C:02DEH         LINE#         139
  C:02EDH         LINE#         140
  C:02F0H         LINE#         141
  C:02F3H         LINE#         142
  C:02F6H         LINE#         143
  C:02F8H         LINE#         144
  C:02FBH         LINE#         145
  C:0312H         LINE#         147
  C:0315H         LINE#         148
  C:0315H         LINE#         151
  C:031EH         LINE#         152
  C:031EH         LINE#         153
  C:0320H         LINE#         154
  C:0322H         LINE#         155
  C:0324H         LINE#         156
  C:0326H         LINE#         157
  C:0328H         LINE#         158
  C:0348H         LINE#         159
  C:0369H         LINE#         161
  C:037FH         LINE#         162
  C:037FH         LINE#         163
  C:0388H         LINE#         164
  C:038BH         LINE#         165
  C:03A4H         LINE#         166
  C:03BBH         LINE#         167
  C:03D1H         LINE#         168
  C:03E1H         LINE#         169
  C:03E1H         LINE#         170
BL51 BANKED LINKER/LOCATER V6.22.4.0                                                  08/24/2026  23:03:57  PAGE 21


  C:03E4H         LINE#         171
  C:03F3H         LINE#         172
  C:03F6H         LINE#         173
  C:03F9H         LINE#         174
  C:03FCH         LINE#         175
  C:03FEH         LINE#         176
  C:0403H         LINE#         177
  C:0403H         LINE#         178
  C:0406H         LINE#         179
  C:0409H         LINE#         180
  C:040CH         LINE#         181
  C:040FH         LINE#         182
  C:041EH         LINE#         183
  C:0421H         LINE#         184
  C:0424H         LINE#         185
  C:0427H         LINE#         186
  C:0429H         LINE#         187
  C:042CH         LINE#         188
  C:042CH         LINE#         189
  C:042FH         LINE#         190
  C:0446H         LINE#         192
  C:0449H         LINE#         193
  C:0449H         LINE#         196
  C:0452H         LINE#         197
  C:0452H         LINE#         198
  C:0454H         LINE#         199
  C:0456H         LINE#         200
  C:0458H         LINE#         201
  C:045AH         LINE#         202
  C:045CH         LINE#         203
  C:047CH         LINE#         204
  C:049DH         LINE#         206
  C:04B3H         LINE#         207
  C:04B3H         LINE#         208
  C:04BCH         LINE#         209
  C:04BFH         LINE#         210
  C:04D8H         LINE#         211
  C:04EFH         LINE#         212
  C:0505H         LINE#         213
  C:0515H         LINE#         214
  C:0515H         LINE#         215
  C:0518H         LINE#         216
  C:0527H         LINE#         217
  C:052AH         LINE#         218
  C:052DH         LINE#         219
  C:0530H         LINE#         220
  C:0532H         LINE#         221
  C:0537H         LINE#         222
  C:0537H         LINE#         223
  C:053AH         LINE#         224
  C:053DH         LINE#         225
  C:0540H         LINE#         226
  C:0543H         LINE#         227
  C:0552H         LINE#         228
  C:0555H         LINE#         229
  C:0558H         LINE#         230
  C:055BH         LINE#         231
BL51 BANKED LINKER/LOCATER V6.22.4.0                                                  08/24/2026  23:03:57  PAGE 22


  C:055DH         LINE#         232
  C:0560H         LINE#         233
  C:0560H         LINE#         234
  C:0563H         LINE#         235
  C:057AH         LINE#         237
  C:057DH         LINE#         238
  C:057DH         LINE#         240
  C:057FH         LINE#         241
  -------         ENDPROC       _UART_CONFIGURATION
  -------         PROC          _TX1_WRITE2BUFF
  D:0007H         SYMBOL        dat
  C:000EH         LINE#         247
  C:000EH         LINE#         248
  C:000EH         LINE#         260
  C:0010H         LINE#         261
  C:0013H         LINE#         262
  C:0017H         LINE#         264
  -------         ENDPROC       _TX1_WRITE2BUFF
  -------         PROC          _PRINTSTRING1
  D:0001H         SYMBOL        puts
  C:20F7H         LINE#         266
  C:20F7H         LINE#         267
  C:20F7H         LINE#         268
  C:2109H         LINE#         269
  -------         ENDPROC       _PRINTSTRING1
  -------         PROC          _TX2_WRITE2BUFF
  D:0007H         SYMBOL        dat
  C:2153H         LINE#         275
  C:2153H         LINE#         276
  C:2153H         LINE#         288
  C:2155H         LINE#         289
  C:2158H         LINE#         290
  C:215CH         LINE#         292
  -------         ENDPROC       _TX2_WRITE2BUFF
  -------         PROC          _PRINTSTRING2
  D:0001H         SYMBOL        puts
  C:210AH         LINE#         294
  C:210AH         LINE#         295
  C:210AH         LINE#         296
  C:211CH         LINE#         297
  -------         ENDPROC       _PRINTSTRING2
  -------         PROC          _TX3_WRITE2BUFF
  D:0007H         SYMBOL        dat
  C:215DH         LINE#         303
  C:215DH         LINE#         304
  C:215DH         LINE#         316
  C:215FH         LINE#         317
  C:2162H         LINE#         318
  C:2166H         LINE#         320
  -------         ENDPROC       _TX3_WRITE2BUFF
  -------         PROC          _PRINTSTRING3
  D:0001H         SYMBOL        puts
  C:211DH         LINE#         322
  C:211DH         LINE#         323
  C:211DH         LINE#         324
  C:212FH         LINE#         325
  -------         ENDPROC       _PRINTSTRING3
BL51 BANKED LINKER/LOCATER V6.22.4.0                                                  08/24/2026  23:03:57  PAGE 23


  -------         PROC          _TX4_WRITE2BUFF
  D:0007H         SYMBOL        dat
  C:2167H         LINE#         331
  C:2167H         LINE#         332
  C:2167H         LINE#         344
  C:2169H         LINE#         345
  C:216CH         LINE#         346
  C:2170H         LINE#         348
  -------         ENDPROC       _TX4_WRITE2BUFF
  -------         PROC          _PRINTSTRING4
  D:0001H         SYMBOL        puts
  C:2130H         LINE#         350
  C:2130H         LINE#         351
  C:2130H         LINE#         352
  C:2142H         LINE#         353
  -------         ENDPROC       _PRINTSTRING4
  -------         PROC          _PUTCHAR
  D:0006H         SYMBOL        c
  C:0003H         LINE#         376
  C:0005H         LINE#         377
  C:0005H         LINE#         378
  -------         ENDPROC       _PUTCHAR
  -------         ENDMOD        UART

  -------         MODULE        UART_ISR
  C:0000H         SYMBOL        _ICE_DUMMY_
  D:0080H         PUBLIC        P0
  D:0090H         PUBLIC        P1
  D:00A0H         PUBLIC        P2
  D:00B0H         PUBLIC        P3
  D:00C0H         PUBLIC        P4
  D:00C8H         PUBLIC        P5
  D:00E8H         PUBLIC        P6
  D:00F8H         PUBLIC        P7
  D:00A8H         PUBLIC        IE
  D:00B8H         PUBLIC        IP
  B:0098H.0       PUBLIC        RI
  B:0098H.1       PUBLIC        TI
  D:0099H         PUBLIC        SBUF
  D:0098H         PUBLIC        SCON
  D:0088H         PUBLIC        TCON
  D:00F0H         PUBLIC        B
  D:00E0H         PUBLIC        ACC
  C:1AB8H         PUBLIC        UART1_ISR_Handler
  C:1881H         PUBLIC        UART2_ISR_Handler
  C:18CAH         PUBLIC        UART3_ISR_Handler
  D:009BH         PUBLIC        S2BUF
  C:1913H         PUBLIC        UART4_ISR_Handler
  D:00ADH         PUBLIC        S3BUF
  D:0085H         PUBLIC        S4BUF
  D:009AH         PUBLIC        S2CON
  D:00ACH         PUBLIC        S3CON
  D:0084H         PUBLIC        S4CON
  D:00D0H         PUBLIC        PSW
  -------         PROC          UART1_ISR_HANDLER
  C:1AB8H         LINE#         23
  C:1AC5H         LINE#         25
BL51 BANKED LINKER/LOCATER V6.22.4.0                                                  08/24/2026  23:03:57  PAGE 24


  C:1AC8H         LINE#         26
  C:1AC8H         LINE#         27
  C:1ACAH         LINE#         29
  C:1AD4H         LINE#         30
  C:1AE5H         LINE#         31
  C:1AE8H         LINE#         32
  C:1AE8H         LINE#         34
  C:1AEBH         LINE#         35
  C:1AEBH         LINE#         36
  C:1AEDH         LINE#         46
  C:1AF0H         LINE#         48
  C:1AF0H         LINE#         49
  -------         ENDPROC       UART1_ISR_HANDLER
  -------         PROC          UART2_ISR_HANDLER
  C:1881H         LINE#         60
  C:188EH         LINE#         62
  C:1893H         LINE#         63
  C:1893H         LINE#         64
  C:1896H         LINE#         67
  C:18A0H         LINE#         68
  C:18B1H         LINE#         69
  C:18B4H         LINE#         70
  C:18B4H         LINE#         72
  C:18B9H         LINE#         73
  C:18B9H         LINE#         74
  C:18BCH         LINE#         84
  C:18BFH         LINE#         86
  C:18BFH         LINE#         87
  -------         ENDPROC       UART2_ISR_HANDLER
  -------         PROC          UART3_ISR_HANDLER
  C:18CAH         LINE#         98
  C:18D7H         LINE#         100
  C:18DCH         LINE#         101
  C:18DCH         LINE#         102
  C:18DFH         LINE#         104
  C:18E9H         LINE#         105
  C:18FAH         LINE#         106
  C:18FDH         LINE#         107
  C:18FDH         LINE#         109
  C:1902H         LINE#         110
  C:1902H         LINE#         111
  C:1905H         LINE#         121
  C:1908H         LINE#         123
  C:1908H         LINE#         124
  -------         ENDPROC       UART3_ISR_HANDLER
  -------         PROC          UART4_ISR_HANDLER
  C:1913H         LINE#         135
  C:1920H         LINE#         137
  C:1925H         LINE#         138
  C:1925H         LINE#         139
  C:1928H         LINE#         141
  C:1932H         LINE#         142
  C:1943H         LINE#         143
  C:1946H         LINE#         144
  C:1946H         LINE#         146
  C:194BH         LINE#         147
  C:194BH         LINE#         148
BL51 BANKED LINKER/LOCATER V6.22.4.0                                                  08/24/2026  23:03:57  PAGE 25


  C:194EH         LINE#         158
  C:1951H         LINE#         160
  C:1951H         LINE#         161
  -------         ENDPROC       UART4_ISR_HANDLER
  -------         ENDMOD        UART_ISR

  -------         MODULE        STC8H_PWM
  C:0000H         SYMBOL        _ICE_DUMMY_
  D:0080H         PUBLIC        P0
  D:0090H         PUBLIC        P1
  D:00A0H         PUBLIC        P2
  D:00B0H         PUBLIC        P3
  D:00C0H         PUBLIC        P4
  D:00C8H         PUBLIC        P5
  D:00E8H         PUBLIC        P6
  D:00F8H         PUBLIC        P7
  D:00A8H         PUBLIC        IE
  D:00B8H         PUBLIC        IP
  C:1581H         PUBLIC        _UpdatePwm
  D:0098H         PUBLIC        SCON
  D:0088H         PUBLIC        TCON
  C:0580H         PUBLIC        _PWM_Configuration
  D:00F0H         PUBLIC        B
  D:00E0H         PUBLIC        ACC
  D:00D0H         PUBLIC        PSW
  -------         PROC          _PWM_CONFIGURATION
  D:0005H         SYMBOL        PWM
  D:0001H         SYMBOL        PWMx
  C:0580H         LINE#         22
  C:0582H         LINE#         23
  C:0582H         LINE#         24
  C:0587H         LINE#         25
  C:0587H         LINE#         26
  C:058EH         LINE#         27
  C:0592H         LINE#         28
  C:0599H         LINE#         29
  C:05A5H         LINE#         31
  C:05B2H         LINE#         32
  C:05B2H         LINE#         33
  C:05B6H         LINE#         34
  C:05BDH         LINE#         35
  C:05BFH         LINE#         37
  C:05BFH         LINE#         38
  C:05C3H         LINE#         39
  C:05CAH         LINE#         40
  C:05CAH         LINE#         41
  C:05D1H         LINE#         42
  C:05D1H         LINE#         43
  C:05D5H         LINE#         44
  C:05DCH         LINE#         45
  C:05DEH         LINE#         47
  C:05DEH         LINE#         48
  C:05E2H         LINE#         49
  C:05E9H         LINE#         50
  C:05E9H         LINE#         52
  C:05FEH         LINE#         54
  C:0601H         LINE#         55
BL51 BANKED LINKER/LOCATER V6.22.4.0                                                  08/24/2026  23:03:57  PAGE 26


  C:0601H         LINE#         57
  C:0606H         LINE#         58
  C:0606H         LINE#         59
  C:060DH         LINE#         60
  C:0611H         LINE#         61
  C:0618H         LINE#         62
  C:0624H         LINE#         64
  C:0631H         LINE#         65
  C:0631H         LINE#         66
  C:0635H         LINE#         67
  C:063CH         LINE#         68
  C:063EH         LINE#         70
  C:063EH         LINE#         71
  C:0642H         LINE#         72
  C:0649H         LINE#         73
  C:0649H         LINE#         74
  C:0650H         LINE#         75
  C:0650H         LINE#         76
  C:0654H         LINE#         77
  C:065BH         LINE#         78
  C:065DH         LINE#         80
  C:065DH         LINE#         81
  C:0661H         LINE#         82
  C:0668H         LINE#         83
  C:0668H         LINE#         85
  C:067DH         LINE#         87
  C:0680H         LINE#         88
  C:0680H         LINE#         90
  C:0685H         LINE#         91
  C:0685H         LINE#         92
  C:068CH         LINE#         93
  C:0690H         LINE#         94
  C:0697H         LINE#         95
  C:06A3H         LINE#         97
  C:06B0H         LINE#         98
  C:06B0H         LINE#         99
  C:06B4H         LINE#         100
  C:06BBH         LINE#         101
  C:06BDH         LINE#         103
  C:06BDH         LINE#         104
  C:06C1H         LINE#         105
  C:06C8H         LINE#         106
  C:06C8H         LINE#         107
  C:06CFH         LINE#         108
  C:06CFH         LINE#         109
  C:06D3H         LINE#         110
  C:06DAH         LINE#         111
  C:06DCH         LINE#         113
  C:06DCH         LINE#         114
  C:06E0H         LINE#         115
  C:06E7H         LINE#         116
  C:06E7H         LINE#         118
  C:06FCH         LINE#         120
  C:06FFH         LINE#         121
  C:06FFH         LINE#         123
  C:0704H         LINE#         124
  C:0704H         LINE#         125
BL51 BANKED LINKER/LOCATER V6.22.4.0                                                  08/24/2026  23:03:57  PAGE 27


  C:070BH         LINE#         126
  C:070FH         LINE#         127
  C:0716H         LINE#         128
  C:0722H         LINE#         130
  C:072FH         LINE#         131
  C:072FH         LINE#         132
  C:0733H         LINE#         133
  C:073AH         LINE#         134
  C:073CH         LINE#         136
  C:073CH         LINE#         137
  C:0740H         LINE#         138
  C:0747H         LINE#         139
  C:0747H         LINE#         140
  C:074EH         LINE#         141
  C:074EH         LINE#         142
  C:0752H         LINE#         143
  C:0759H         LINE#         144
  C:075BH         LINE#         146
  C:075BH         LINE#         147
  C:075FH         LINE#         148
  C:0766H         LINE#         149
  C:0766H         LINE#         151
  C:077BH         LINE#         153
  C:077EH         LINE#         154
  C:077EH         LINE#         156
  C:0783H         LINE#         157
  C:0783H         LINE#         163
  C:078DH         LINE#         164
  C:07A3H         LINE#         165
  C:07B9H         LINE#         166
  C:07CFH         LINE#         168
  C:07D2H         LINE#         169
  C:07D2H         LINE#         171
  C:07D7H         LINE#         172
  C:07D7H         LINE#         173
  C:07DEH         LINE#         174
  C:07E5H         LINE#         175
  C:07F1H         LINE#         177
  C:07FDH         LINE#         178
  C:07FDH         LINE#         179
  C:0801H         LINE#         180
  C:0808H         LINE#         181
  C:080AH         LINE#         183
  C:080AH         LINE#         184
  C:080EH         LINE#         185
  C:0815H         LINE#         186
  C:0815H         LINE#         188
  C:082AH         LINE#         190
  C:082DH         LINE#         191
  C:082DH         LINE#         193
  C:0832H         LINE#         194
  C:0832H         LINE#         195
  C:0839H         LINE#         196
  C:0840H         LINE#         197
  C:084CH         LINE#         199
  C:0858H         LINE#         200
  C:0858H         LINE#         201
BL51 BANKED LINKER/LOCATER V6.22.4.0                                                  08/24/2026  23:03:57  PAGE 28


  C:085CH         LINE#         202
  C:0863H         LINE#         203
  C:0865H         LINE#         205
  C:0865H         LINE#         206
  C:0869H         LINE#         207
  C:0870H         LINE#         208
  C:0870H         LINE#         210
  C:0885H         LINE#         212
  C:0888H         LINE#         213
  C:0888H         LINE#         215
  C:088DH         LINE#         216
  C:088DH         LINE#         217
  C:0894H         LINE#         218
  C:089BH         LINE#         219
  C:08A7H         LINE#         221
  C:08B3H         LINE#         222
  C:08B3H         LINE#         223
  C:08B7H         LINE#         224
  C:08BEH         LINE#         225
  C:08C0H         LINE#         227
  C:08C0H         LINE#         228
  C:08C4H         LINE#         229
  C:08CBH         LINE#         230
  C:08CBH         LINE#         232
  C:08E0H         LINE#         234
  C:08E2H         LINE#         235
  C:08E2H         LINE#         237
  C:08E7H         LINE#         238
  C:08E7H         LINE#         239
  C:08EEH         LINE#         240
  C:08F5H         LINE#         241
  C:0901H         LINE#         243
  C:090DH         LINE#         244
  C:090DH         LINE#         245
  C:0911H         LINE#         246
  C:0918H         LINE#         247
  C:091AH         LINE#         249
  C:091AH         LINE#         250
  C:091EH         LINE#         251
  C:0925H         LINE#         252
  C:0925H         LINE#         254
  C:093BH         LINE#         256
  C:093EH         LINE#         257
  C:093EH         LINE#         259
  C:0943H         LINE#         260
  C:0943H         LINE#         266
  C:094DH         LINE#         267
  C:0960H         LINE#         268
  C:0976H         LINE#         269
  C:098CH         LINE#         271
  C:098FH         LINE#         272
  C:098FH         LINE#         274
  C:0991H         LINE#         275
  -------         ENDPROC       _PWM_CONFIGURATION
  -------         PROC          _UPDATEPWM
  D:0007H         SYMBOL        PWM
  D:0001H         SYMBOL        PWMx
BL51 BANKED LINKER/LOCATER V6.22.4.0                                                  08/24/2026  23:03:57  PAGE 29


  C:1581H         LINE#         284
  C:1581H         LINE#         285
  C:1581H         LINE#         286
  C:15BFH         LINE#         287
  C:15BFH         LINE#         288
  C:15BFH         LINE#         289
  C:15C9H         LINE#         290
  C:15CCH         LINE#         292
  C:15CCH         LINE#         293
  C:15D9H         LINE#         294
  C:15DCH         LINE#         296
  C:15DCH         LINE#         297
  C:15E9H         LINE#         298
  C:15ECH         LINE#         300
  C:15ECH         LINE#         301
  C:15F9H         LINE#         302
  C:15FCH         LINE#         304
  C:15FCH         LINE#         305
  C:1609H         LINE#         306
  C:160CH         LINE#         308
  C:160CH         LINE#         309
  C:1619H         LINE#         310
  C:161CH         LINE#         312
  C:161CH         LINE#         313
  C:1629H         LINE#         314
  C:162CH         LINE#         316
  C:162CH         LINE#         317
  C:1639H         LINE#         318
  C:163CH         LINE#         320
  C:163CH         LINE#         321
  C:164CH         LINE#         322
  C:165FH         LINE#         323
  C:1672H         LINE#         324
  C:167FH         LINE#         325
  C:1681H         LINE#         327
  C:1681H         LINE#         328
  C:1694H         LINE#         329
  C:16A7H         LINE#         330
  C:16BAH         LINE#         331
  C:16CDH         LINE#         332
  C:16CDH         LINE#         333
  C:16CDH         LINE#         334
  -------         ENDPROC       _UPDATEPWM
  -------         ENDMOD        STC8H_PWM

  -------         MODULE        TIMER
  C:0000H         SYMBOL        _ICE_DUMMY_
  D:0080H         PUBLIC        P0
  D:0090H         PUBLIC        P1
  D:00A0H         PUBLIC        P2
  D:00B0H         PUBLIC        P3
  D:00C0H         PUBLIC        P4
  D:00C8H         PUBLIC        P5
  D:00E8H         PUBLIC        P6
  D:00F8H         PUBLIC        P7
  D:00A8H         PUBLIC        IE
  D:008FH         PUBLIC        INTCLKO
BL51 BANKED LINKER/LOCATER V6.22.4.0                                                  08/24/2026  23:03:57  PAGE 30


  D:00B8H         PUBLIC        IP
  D:0098H         PUBLIC        SCON
  D:0089H         PUBLIC        TMOD
  D:0088H         PUBLIC        TCON
  C:0CEEH         PUBLIC        _Timer_Inilize
  D:00F0H         PUBLIC        B
  D:008EH         PUBLIC        AUXR
  D:00E0H         PUBLIC        ACC
  D:008CH         PUBLIC        TH0
  D:008DH         PUBLIC        TH1
  D:00D6H         PUBLIC        T2H
  D:00D4H         PUBLIC        T3H
  D:00D2H         PUBLIC        T4H
  D:008AH         PUBLIC        TL0
  D:008BH         PUBLIC        TL1
  D:00D7H         PUBLIC        T2L
  D:00D5H         PUBLIC        T3L
  D:00D3H         PUBLIC        T4L
  B:0088H.4       PUBLIC        TR0
  B:0088H.6       PUBLIC        TR1
  D:00D1H         PUBLIC        T4T3M
  D:00D0H         PUBLIC        PSW
  -------         PROC          _TIMER_INILIZE
  D:0005H         SYMBOL        TIM
  D:0001H         SYMBOL        TIMx
  C:0CEEH         LINE#         22
  C:0CF0H         LINE#         23
  C:0CF0H         LINE#         24
  C:0CF3H         LINE#         25
  C:0CF3H         LINE#         26
  C:0CF5H         LINE#         27
  C:0D01H         LINE#         28
  C:0D08H         LINE#         29
  C:0D17H         LINE#         30
  C:0D3BH         LINE#         31
  C:0D49H         LINE#         32
  C:0D5BH         LINE#         33
  C:0D69H         LINE#         34
  C:0D6CH         LINE#         35
  C:0D6CH         LINE#         37
  C:0D74H         LINE#         38
  C:0D74H         LINE#         39
  C:0D76H         LINE#         40
  C:0D82H         LINE#         41
  C:0D8EH         LINE#         42
  C:0D9DH         LINE#         43
  C:0DC1H         LINE#         44
  C:0DD1H         LINE#         45
  C:0DE3H         LINE#         46
  C:0DF1H         LINE#         47
  C:0DF4H         LINE#         48
  C:0DF4H         LINE#         50
  C:0DF9H         LINE#         51
  C:0DF9H         LINE#         52
  C:0DFCH         LINE#         53
  C:0E1CH         LINE#         54
  C:0E2EH         LINE#         56
BL51 BANKED LINKER/LOCATER V6.22.4.0                                                  08/24/2026  23:03:57  PAGE 31


  C:0E40H         LINE#         57
  C:0E4AH         LINE#         58
  C:0E5BH         LINE#         59
  C:0E5EH         LINE#         60
  C:0E5EH         LINE#         62
  C:0E63H         LINE#         63
  C:0E63H         LINE#         64
  C:0E66H         LINE#         65
  C:0E75H         LINE#         66
  C:0E99H         LINE#         67
  C:0EA7H         LINE#         69
  C:0EB9H         LINE#         70
  C:0EC3H         LINE#         71
  C:0ED3H         LINE#         72
  C:0ED5H         LINE#         73
  C:0ED5H         LINE#         75
  C:0EDAH         LINE#         76
  C:0EDAH         LINE#         77
  C:0EDDH         LINE#         78
  C:0EECH         LINE#         79
  C:0F10H         LINE#         80
  C:0F21H         LINE#         82
  C:0F31H         LINE#         83
  C:0F3BH         LINE#         84
  C:0F4FH         LINE#         85
  C:0F52H         LINE#         86
  C:0F52H         LINE#         87
  C:0F54H         LINE#         88
  -------         ENDPROC       _TIMER_INILIZE
  -------         ENDMOD        TIMER

  -------         MODULE        TIMER_ISR
  C:0000H         SYMBOL        _ICE_DUMMY_
  D:0080H         PUBLIC        P0
  D:0090H         PUBLIC        P1
  D:00A0H         PUBLIC        P2
  D:00B0H         PUBLIC        P3
  D:00C0H         PUBLIC        P4
  D:00C8H         PUBLIC        P5
  D:00E8H         PUBLIC        P6
  D:00F8H         PUBLIC        P7
  D:00A8H         PUBLIC        IE
  D:00B8H         PUBLIC        IP
  C:1CEEH         PUBLIC        Timer0_ISR_Handler
  C:0018H         PUBLIC        Timer1_ISR_Handler
  C:001EH         PUBLIC        Timer2_ISR_Handler
  C:0060H         PUBLIC        Timer3_ISR_Handler
  C:008EH         PUBLIC        Timer4_ISR_Handler
  D:0098H         PUBLIC        SCON
  D:0088H         PUBLIC        TCON
  B:00E8H.3       PUBLIC        P63
  B:00E8H.4       PUBLIC        P64
  B:00E8H.5       PUBLIC        P65
  B:00E8H.6       PUBLIC        P66
  D:00F0H         PUBLIC        B
  D:00E0H         PUBLIC        ACC
  D:00D0H         PUBLIC        PSW
BL51 BANKED LINKER/LOCATER V6.22.4.0                                                  08/24/2026  23:03:57  PAGE 32


  -------         PROC          TIMER0_ISR_HANDLER
  C:1CEEH         LINE#         24
  C:1D0BH         LINE#         28
  C:1D0EH         LINE#         31
  -------         ENDPROC       TIMER0_ISR_HANDLER
  -------         PROC          TIMER1_ISR_HANDLER
  C:0018H         LINE#         40
  C:0018H         LINE#         43
  C:001AH         LINE#         44
  -------         ENDPROC       TIMER1_ISR_HANDLER
  -------         PROC          TIMER2_ISR_HANDLER
  C:001EH         LINE#         53
  C:001EH         LINE#         56
  C:0020H         LINE#         57
  -------         ENDPROC       TIMER2_ISR_HANDLER
  -------         PROC          TIMER3_ISR_HANDLER
  C:0060H         LINE#         66
  C:0060H         LINE#         69
  C:0062H         LINE#         70
  -------         ENDPROC       TIMER3_ISR_HANDLER
  -------         PROC          TIMER4_ISR_HANDLER
  C:008EH         LINE#         79
  C:008EH         LINE#         82
  C:0090H         LINE#         83
  -------         ENDPROC       TIMER4_ISR_HANDLER
  -------         ENDMOD        TIMER_ISR

  -------         MODULE        ?C?CLDPTR
  C:11A9H         PUBLIC        ?C?CLDPTR
  -------         ENDMOD        ?C?CLDPTR

  -------         MODULE        ?C?CLDOPTR
  C:11C2H         PUBLIC        ?C?CLDOPTR
  -------         ENDMOD        ?C?CLDOPTR

  -------         MODULE        ?C?ILDPTR
  C:11EFH         PUBLIC        ?C?ILDPTR
  -------         ENDMOD        ?C?ILDPTR

  -------         MODULE        ?C?ILDOPTR
  C:121AH         PUBLIC        ?C?ILDOPTR
  -------         ENDMOD        ?C?ILDOPTR

  -------         MODULE        ?C?ULDIV
  C:128EH         PUBLIC        ?C?ULDIV
  -------         ENDMOD        ?C?ULDIV

  -------         MODULE        ?C?SLDIV
  C:1A74H         PUBLIC        ?C?SLDIV
  -------         ENDMOD        ?C?SLDIV

  -------         MODULE        ?C?ULCMP
  C:1320H         PUBLIC        ?C?ULCMP
  -------         ENDMOD        ?C?ULCMP

  -------         MODULE        ?C?ULSHR
  C:1331H         PUBLIC        ?C?ULSHR
BL51 BANKED LINKER/LOCATER V6.22.4.0                                                  08/24/2026  23:03:57  PAGE 33


  -------         ENDMOD        ?C?ULSHR

  -------         MODULE        ?C?LLDOPTR0
  C:1344H         PUBLIC        ?C?LLDOPTR0
  -------         ENDMOD        ?C?LLDOPTR0

  -------         MODULE        PRINTF
  D:000AH         PUBLIC        ?_PRINTF517?BYTE
  D:000AH         PUBLIC        ?_PRINTF?BYTE
  D:000AH         PUBLIC        ?_SPRINTF517?BYTE
  D:000AH         PUBLIC        ?_SPRINTF?BYTE
  C:09F4H         PUBLIC        _PRINTF
  C:09F4H         PUBLIC        _PRINTF517
  C:09EEH         PUBLIC        _SPRINTF
  C:09EEH         PUBLIC        _SPRINTF517
  -------         ENDMOD        PRINTF

  -------         MODULE        ?C?CSTPTR
  C:1374H         PUBLIC        ?C?CSTPTR
  -------         ENDMOD        ?C?CSTPTR

  -------         MODULE        ?C?LLDIDATA0
  C:1386H         PUBLIC        ?C?LLDIDATA0
  -------         ENDMOD        ?C?LLDIDATA0

  -------         MODULE        ?C?LLDXDATA0
  C:1393H         PUBLIC        ?C?LLDXDATA0
  -------         ENDMOD        ?C?LLDXDATA0

  -------         MODULE        ?C?LLDPDATA0
  C:139FH         PUBLIC        ?C?LLDPDATA0
  -------         ENDMOD        ?C?LLDPDATA0

  -------         MODULE        ?C?LLDCODE0
  C:13ACH         PUBLIC        ?C?LLDCODE0
  -------         ENDMOD        ?C?LLDCODE0

  -------         MODULE        ?C?PLDIIDATA
  C:13BCH         PUBLIC        ?C?PLDIIDATA
  -------         ENDMOD        ?C?PLDIIDATA

  -------         MODULE        ?C?CCASE
  C:13CCH         PUBLIC        ?C?CCASE
  -------         ENDMOD        ?C?CCASE

Program Size: data=68.1 xdata=704 code=8543
LINK/LOCATE RUN COMPLETE.  0 WARNING(S),  0 ERROR(S)
